"p_total_in-rfile"
"Iteration" "p_total_in"
("Iteration" "p_total_in")
1 0
2 0
3 0
4 0
5 0
6 0
7 0
8 0
9 0
10 0
11 0
12 0
13 0
14 0.02049535002946486
15 0.01346344866218381
16 0.01522618893957458
17 -0.007483036854281493
18 0.8344894320955878
19 2.708016111629409
20 2.800581411309
21 1.034069960368187
22 1.874075006857244
23 5.464603701317166
24 13.26774852105905
25 29.93448584389103
26 39.77672828046184
27 60.64844935991605
28 74.35107496818689
29 90.39453183340385
30 103.3501495625415
31 113.0416261388192
32 117.234221460116
33 117.0484447299823
34 109.8806713967619
35 100.2595642969154
36 87.20195013406887
37 71.99219786314653
38 57.12352037965388
39 44.1015558667507
40 32.47650750481937
41 23.7002263287354
42 17.06245864510727
43 12.4097974610862
44 9.146767965222173
45 6.537412677840472
46 4.943906258568777
47 3.680526131889728
48 2.502195757134019
49 1.654263191249475
50 1.068476800070631
51 0.6924887811924927
52 0.4198775854811019
53 0.3094197019553682
54 0.173174487511087
55 0.1283597521186528
56 0.08957323983321293
57 0.06175592767958255
58 0.09095258692477944
59 0.1134879041580314
60 0.1339069635382797
61 0.1556011610490208
62 0.1582074713905351
63 0.1492422838661669
64 0.1493436469563617
65 0.1338059526881983
66 0.1295784927121964
67 0.1381519481873098
68 0.1321750195930857
69 0.1244548619729646
70 0.1405117672231103
71 0.1501929192529003
72 0.1562845669607947
73 0.1654812240724515
74 0.1749974586457501
75 0.186867285397792
76 0.1930146640250347
77 0.199532983441859
78 0.2157595544864932
79 0.2291945715077296
80 0.2382897586177246
81 0.2422706608950671
82 0.2462876995578418
83 0.2469633702997982
84 0.2417328793712417
85 0.2338980951034064
86 0.2219400073253933
87 0.2099545854577103
88 0.1971180663072693
89 0.1836837003668028
90 0.1731751750717745
91 0.162319905836486
92 0.1515990718017017
93 0.1400150732170819
94 0.1310307186095827
95 0.1293528718573745
96 0.130809706802757
97 0.1319259988944231
98 0.1284419791444658
99 0.1218944891956319
100 0.1118449489723633
101 0.09862887259505551
102 0.08402526528740908
103 0.07078351402631826
104 0.05769981058326659
105 0.04732627814721319
106 0.03862950578256168
107 0.03120890370137682
108 0.02491481834084444
109 0.01986965025891329
110 0.01633819786940937
111 0.01344204968471301
112 0.01084790480231655
113 0.008700608343742797
114 0.006016914849597771
115 0.004321558286231645
116 0.002829777986241989
117 0.002165404879942059
118 0.00157726338647241
119 0.001155100547587611
120 0.0007719324720358918
121 0.0007496731592694668
122 0.0005547644455706734
123 0.0004107588155690369
124 0.000347962030237539
125 0.0001977611707889177
126 0.0001164855028350368
127 8.519345562975967e-05
128 6.242680274925172e-05
129 2.7543684231679e-05
130 1.97358943032537e-05
131 9.572778420483514e-06
132 2.086068669186199e-06
133 0
134 0
135 0
136 0
137 0
138 0
139 0
140 0
141 0
142 0
143 0
144 0
145 0
146 0
147 0
148 0
149 2.101716778800603e-06
150 9.136762089916083e-06
151 1.666869347588231e-05
152 1.854554817265188e-05
153 1.406585864010297e-05
154 9.566705711889836e-06
155 3.862058784777532e-06
156 0
157 0
158 0
159 0
160 0
161 0
162 0
163 0
164 0
165 0
166 0
167 0
168 0
169 0
170 0
171 0
172 0
173 0
174 0
175 0
176 0
177 0
178 0
179 0
180 0
181 0
182 0
183 0
184 0
185 0
186 0
187 0
188 0
189 0
190 0
191 0
192 0
193 0
194 0
195 0
196 0
197 0
198 0
199 0
200 0
201 0
202 0
203 0
204 0
205 0
206 0
207 0
208 0
209 0
210 0
211 0
212 0
213 0
214 0
215 0
216 0
217 0
218 0
219 0
220 0
221 0
222 0
223 0
224 0
225 0
226 0
227 0
228 0
229 0
230 0
231 0
232 0
233 0
234 0
235 0
236 0
237 0
238 0
239 0
240 0
241 0
242 0
243 0
244 0
245 0
246 0
247 0
248 0
249 0
250 0
251 0
252 0
253 0
254 0
255 0
256 0
257 0
258 0
259 0
260 0
261 0
262 0
263 0
264 0
265 0
266 0
267 0
268 0
269 0
270 0
271 0
272 0
273 0
274 0
275 0
276 0
277 0
278 0
279 0
280 0
281 0
282 0
283 0
284 0
285 0
286 0
287 0
288 0
289 0
290 0
291 0
292 0
293 0
294 0
295 0
296 0
297 0
298 0
299 0
300 0
301 0
302 0
303 0
304 0
305 0
306 0
307 0
308 0
309 0
310 0
311 0
312 0
313 0
314 0
315 0
316 0
317 0
318 0
319 0
320 0
321 0
322 0
323 0
324 0
325 0
326 0
327 0
328 0
329 0
330 0
331 0
332 0
333 0
334 0
335 0
336 0
337 0
338 0
339 0
340 0
341 0
342 0
343 0
344 0
345 0
346 0
347 0
348 0
349 0
350 0
351 0
352 0
353 0
354 0
355 0
356 0
357 0
358 0
359 0
360 0
361 0
362 0
363 0
364 0
365 0
366 0
367 0
368 0
369 0
370 0
371 0
372 0
373 0
374 0
375 0
376 0
377 0
378 0
379 0
380 0
381 0
382 0
383 0
384 0
385 0
386 0
387 0
388 0
389 0
390 0
391 0
392 0
393 0
394 0
395 0
396 0
397 0
398 0
399 0
400 0
401 0
402 0
403 0
404 0
405 0
406 0
407 0
408 0
409 0
410 0
411 0
412 0
413 0
414 0
415 0
416 0
417 0
418 0
419 0
420 0
421 0
422 0
423 0
424 0
425 0
426 0
427 0
428 0
429 0
430 0
431 0
432 0
433 0
434 0
435 0
436 0
437 0
438 0
439 0
440 0
441 0
442 0
443 0
444 0
445 0
446 0
447 0
448 0
449 0
450 0
451 0
452 0
453 0
454 0
455 0
456 0
457 0
458 0
459 0
460 0
461 0
462 0
463 0
464 0
465 0
466 0
467 0
468 0
469 0
470 0
471 0
472 0
473 0
474 0
475 0
476 0
477 0
478 0
479 0
480 0
481 0
482 0
483 0
484 0
485 0
486 3.385924563138796e-07
487 5.195967025140004e-05
488 0.0001446001513112411
489 0.0002935509483965804
490 0.0005649088213928178
491 0.0009679306587365162
492 0.001441347075210511
493 0.002036790354383003
494 0.002692499906212302
495 0.003421563992829143
496 0.004181842252381487
497 0.004996287018499955
498 0.005763843183899738
499 0.006583258933687872
500 0.007226695777370294
501 0.00774691435113511
502 0.008143900997646286
503 0.008486766040931262
504 0.008755831024845992
505 0.008769040367485072
506 0.008701293527242169
507 0.008751626698134384
508 0.00869124209950217
509 0.008643012359708683
510 0.008650391457202375
511 0.008698743538852867
512 0.008675502368073717
513 0.008811453103063043
514 0.008966141854968397
515 0.009338484232869749
516 0.009401045129066005
517 0.00973380075759536
518 0.009901807962657438
519 0.01023059917691668
520 0.01037195790120533
521 0.01077532626533332
522 0.01094564888358427
523 0.01125376124870527
524 0.0115896220175513
525 0.01172714378082774
526 0.01199718799738762
527 0.01217083098632597
528 0.01240044564476832
529 0.01251406493390403
530 0.01270120224695441
531 0.01276328874777431
532 0.01295729320514917
533 0.01307676853224393
534 0.01320924539005503
535 0.01329714511690174
536 0.01336925917757381
537 0.01343591467795038
538 0.0136317536243906
539 0.01356151329873132
540 0.01371039754473469
541 0.013598010647734
542 0.01368987452323858
543 0.01368256516857157
544 0.01368549866945971
545 0.01374139393729056
546 0.01359372785339273
547 0.01367169253124205
548 0.01362777776421654
549 0.01348024388588289
550 0.01340168791463214
551 0.01358844520060866
552 0.01335219372413862
553 0.01319925267978222
554 0.01317892696808759
555 0.01318354159266923
556 0.01305597117250217
557 0.01333880061433964
558 0.01302098954348969
559 0.01322585045240071
560 0.01315366762965555
561 0.01345940744877133
562 0.01323143514294915
563 0.01326674128384572
564 0.01330851870679086
565 0.01346745290833218
566 0.01335180223699018
567 0.01351091629178407
568 0.01352870105213404
569 0.01394837748495558
570 0.01354275360617788
571 0.01353490952908967
572 0.01358357028904616
573 0.01365727392126813
574 0.01364861311573358
575 0.01402967005612234
576 0.01369631962949878
577 0.01375759621256439
578 0.0139802776368302
579 0.01369234177815331
580 0.01380992614409426
581 0.01396626175264593
582 0.01392573399926141
583 0.0138486927220923
584 0.01376110377040993
585 0.01399465599909817
586 0.01386023124653085
587 0.01397182269621233
588 0.01411011283099629
589 0.01399589541929599
590 0.01403095838385271
591 0.01421602953566587
592 0.01407758209553785
593 0.01421798727860344
594 0.01399920457391182
595 0.0141433718201299
596 0.01389430307765929
597 0.014006540157009
598 0.01420145729932773
599 0.01411213347590336
600 0.01416578120305044
601 0.01419284827039746
602 0.01418074644618902
603 0.01403637878838578
604 0.01417789521420661
605 0.01405730949999623
606 0.01427768000006195
607 0.01413162153338756
608 0.01422698721819385
609 0.01421991160461872
610 0.01412342658508898
611 0.0141381400910698
612 0.01408501914860146
613 0.01418927181589777
614 0.01424291450505406
615 0.01431346932704709
616 0.01415816632815175
617 0.0141021653081957
618 0.0142352013572155
619 0.01401424257170953
620 0.01406972552105158
621 0.01414991857641434
622 0.01397860075509858
623 0.01373273000108286
624 0.01387950539325225
625 0.01356564462883925
626 0.01363333740615245
627 0.01368176847804223
628 0.01357418072974763
629 0.01370690367911114
630 0.01349959105351223
631 0.01360822438495528
632 0.0132774232605015
633 0.01358627785298384
634 0.01336930572648918
635 0.0134690752829965
636 0.01347592468515483
637 0.01343700424158086
638 0.0132207189130437
639 0.01344307370947965
640 0.01318720953030665
641 0.01328008988393137
642 0.01334344030132048
643 0.01319871914015629
644 0.01331065362230853
645 0.0132581428393121
646 0.01285573440305241
647 0.01304685046909177
648 0.01315722203877761
649 0.01298621606159586
650 0.01308923588551659
651 0.01270677168593558
652 0.0126190014841346
653 0.01265116465945427
654 0.01249603721181041
655 0.01256363689756353
656 0.01271511564714216
657 0.01258149422616916
658 0.01258772803404744
659 0.01236124701648381
660 0.01236628411625993
661 0.01238300711657887
662 0.01230599426473316
663 0.01243995939000177
664 0.01220246651620105
665 0.01217892085945798
666 0.01197775516063432
667 0.01205967157620209
668 0.01181670603488644
669 0.01220972969946565
670 0.01178453093961981
671 0.01186715600022821
672 0.01184151293417599
673 0.01184598695935386
674 0.01165791395445211
675 0.01186111556084356
676 0.01194738432997939
677 0.01166977892927558
678 0.01175827153157657
679 0.01176281413448649
680 0.0115730478148838
681 0.01169903042359188
682 0.01179146948093159
683 0.0115452345315299
684 0.01157639486053518
685 0.01167484420637059
686 0.0115433784015752
687 0.0115842461070469
688 0.01185386887228115
689 0.01159558377651405
690 0.01143902955025703
691 0.01166468831795136
692 0.01165898617728957
693 0.01158736273897164
694 0.01168339417958066
695 0.01168927697023655
696 0.01169994184257507
697 0.01176812665757164
698 0.011825148302766
699 0.01157573702148213
700 0.01172296159732077
701 0.01159215308868094
702 0.01172444791383105
703 0.01179215498914859
704 0.0116450502009738
705 0.01154410352705011
706 0.01152030420963593
707 0.0114503811959526
708 0.01134168661736366
709 0.01136104063298295
710 0.0114138119147937
711 0.01133722620113677
712 0.01116242742836134
713 0.01105049818309702
714 0.01123922561433145
715 0.01127272646450792
716 0.0110779092709178
717 0.01123228331780699
718 0.010908485232589
719 0.01101677405073936
720 0.01091264328901599
721 0.01102955333854989
722 0.01092261377044204
723 0.01082804598676224
724 0.01078382505045616
725 0.01076195615690032
726 0.01081980671293398
727 0.01055481672134781
728 0.01066790086136401
729 0.0105028750309238
730 0.010685826769185
731 0.01077093728906752
732 0.01048718340719191
733 0.01051758987131088
734 0.01055520582249443
735 0.01030601920295835
736 0.01041662143245608
737 0.0107107521444747
738 0.01026373561824278
739 0.01027923891738862
740 0.01000943909993337
741 0.01017250392755795
742 0.01018929782304153
743 0.01003296709695718
744 0.01011409418420713
745 0.01004309296797714
746 0.009912368745171585
747 0.009850933148470194
748 0.009745307900852916
749 0.009821072582837041
750 0.009947127010312551
751 0.009872578358721998
752 0.009747009067057227
753 0.00984142830521886
754 0.00968246892124981
755 0.009506483643333459
756 0.00950214324209068
757 0.009855939133939045
758 0.009596603108981356
759 0.009627370747088037
760 0.00964933054596826
761 0.009668385729594999
762 0.009588814116879065
763 0.009484007980883748
764 0.009414907288062758
765 0.009386690239663573
766 0.009473016731819149
767 0.009351697406130812
768 0.009309124296337569
769 0.009453787973874731
770 0.009544941645567474
771 0.009411551560465975
772 0.009379831446924941
773 0.009149046831928763
774 0.009139855949293741
775 0.009115474995786072
776 0.009154657327892075
777 0.009110061173693668
778 0.009064124395992981
779 0.009010271108056963
780 0.008924177563704061
781 0.008990157071228006
782 0.009083136333368751
783 0.008986150179704657
784 0.008871286048235618
785 0.008960215465549816
786 0.008913564920706683
787 0.008993913225252319
788 0.008836595823032194
789 0.009158852600691306
790 0.008994316643083632
791 0.009143960372424431
792 0.008899761017801813
793 0.008822524324736142
794 0.008769515839753142
795 0.008845603465618496
796 0.008685872385816145
797 0.00861171096211176
798 0.008682123440832768
799 0.00863835044995674
800 0.008632922202591601
801 0.008791260108780339
802 0.008602999333669923
803 0.008603221104379506
804 0.008697441125681873
805 0.008652678702131602
806 0.00878454314549957
807 0.008637853174301734
808 0.008588838562365149
809 0.008561899018816634
810 0.008656663455750335
811 0.008679839827777305
812 0.008623958611139907
813 0.008710709498172858
814 0.008519108109887825
815 0.008452076637559721
816 0.008528767500815802
817 0.008580815469073152
818 0.00841551435707313
819 0.008239693824305396
820 0.007869452610424479
821 0.008207634786364907
822 0.007897895883338227
823 0.007999571689861495
824 0.007920279967649917
825 0.007948732737087344
826 0.007751769132717966
827 0.008088853914274146
828 0.008005126407238163
829 0.008104558437691357
830 0.008127467889339478
831 0.00824619140157516
832 0.007992898766667032
833 0.007862652683149805
834 0.007815746094492232
835 0.008017466486200983
836 0.007738947376726829
837 0.007994648394948888
838 0.007788305066385633
839 0.008058439073255211
840 0.008066978030589525
841 0.007949680320837094
842 0.007823964138853981
843 0.007829409475381988
844 0.007645521146952072
845 0.007631868217537564
846 0.007233484930036784
847 0.007387740641129424
848 0.007435216179934132
849 0.007230574947432892
850 0.007539938624874822
851 0.007696136829785602
852 0.007383513361454431
853 0.007393067232183245
854 0.007260573100059797
855 0.00756427643164271
856 0.007397482843073118
857 0.007549469259476047
858 0.007427895899535521
859 0.007431045278998014
860 0.007315682140622771
861 0.007463835983690361
862 0.007342744982928955
863 0.007378051182430104
864 0.007665827104318584
865 0.00744745270701466
866 0.007267788528569514
867 0.007432204187673195
868 0.007450501072476451
869 0.007222054529008852
870 0.007082948387006411
871 0.007429826717043044
872 0.007299170029132737
873 0.007312809830779329
874 0.007050040025241837
875 0.007183130639084678
876 0.007438577423738955
877 0.007375482110586544
878 0.006891769774371976
879 0.007327787411914104
880 0.00754221972023291
881 0.007410542918114708
882 0.00727151137274605
883 0.007283142409635087
884 0.007520252071909817
885 0.007781230688295033
886 0.007606017017358796
887 0.007672083805646501
888 0.007470505872305604
889 0.00729387039823588
890 0.007665346847066863
891 0.007780903989262886
892 0.007409441949911452
893 0.007550704122596723
894 0.007495895864535813
895 0.007779327753478442
896 0.007618284295303619
897 0.007642144039648796
898 0.007505857288636047
899 0.007892554546300664
900 0.007716521720967383
901 0.00766230280063894
902 0.007635768410592127
903 0.007560392057011611
904 0.007763849896361555
905 0.007581004195395713
906 0.007927442260533532
907 0.007625891899015403
908 0.00782539925365665
909 0.007703743547286344
910 0.007965623060123439
911 0.007738439102221091
912 0.00775498248516921
913 0.007714617269319946
914 0.008018387512493961
915 0.007838005920211
916 0.007840783687093652
917 0.007748003069917072
918 0.0079107217515749
919 0.007762137287385331
920 0.008044696092325498
921 0.007769965352255812
922 0.007708526172998551
923 0.007943170776760029
924 0.007752295113794869
925 0.007619326431767821
926 0.008054076228150108
927 0.008010014674672876
928 0.007928149379970949
929 0.007839652051555613
930 0.007805117639299765
931 0.008073086881973212
932 0.007850863699274853
933 0.007925248922754617
934 0.007971689155571695
935 0.008044659536632054
936 0.007711265333716264
937 0.00779044223161518
938 0.007965469602831303
939 0.00805037325737273
940 0.00778382115653859
941 0.007774106167154803
942 0.00791646562708959
943 0.007978350591696146
944 0.007820644712656711
945 0.007960812364036757
946 0.007745667314638879
947 0.008162281787632024
948 0.007731903255967007
949 0.008065787600835999
950 0.007822503729836661
951 0.007919919147342028
952 0.00784849755527247
953 0.007862415647667799
954 0.007935956137751722
955 0.007867422139498629
956 0.007951283225320772
957 0.008145920561639311
958 0.007791704690688343
959 0.007957671468067052
960 0.007985048776058842
961 0.0082152494681398
962 0.007900124492579885
963 0.007879181223889229
964 0.007842610622055402
965 0.008124175909769866
966 0.007881508308995011
967 0.007878653383309354
968 0.00792133318612258
969 0.007980594194658455
970 0.007809693408251422
971 0.008034559899400827
972 0.008006470729374115
973 0.008196836751696268
974 0.008175599745967065
975 0.007932007227621897
976 0.007985455387733714
977 0.007862936956654739
978 0.008255744187630977
979 0.007783774922560732
980 0.007833066904171985
981 0.007555742212538442
982 0.008265469948981511
983 0.008100606000802594
984 0.007978426606111474
985 0.007755958478464556
986 0.008123378211221086
987 0.0081908185221809
988 0.008130051864682672
989 0.007939317667441104
990 0.00816059248459601
991 0.007996556838223165
992 0.008136464907552064
993 0.007999778572527179
994 0.008123440206373714
995 0.007789946611703346
996 0.008225617470190507
997 0.00789732361934135
998 0.008069602872703398
999 0.008001868913482767
1000 0.007885228090089132
1001 0.007946478724363534
1002 0.008059862936930487
1003 0.008178573891682191
1004 0.007857588751725594
1005 0.007928608603037467
1006 0.008126940577247246
1007 0.007845851326154131
1008 0.00789799217261857
1009 0.00801030276759283
1010 0.007854226110158378
1011 0.008022885495664801
1012 0.008189862536915969
1013 0.007806243098216156
1014 0.007920165009771442
1015 0.008170128881636372
1016 0.007995870304701485
1017 0.007987582598072984
1018 0.008184096061525804
1019 0.007855268413827995
1020 0.007892204302397692
1021 0.007993624144618437
1022 0.007812596839711998
1023 0.007931612130018795
1024 0.008030866444527314
1025 0.007703175648463917
1026 0.007933928958445325
1027 0.008130796103241092
1028 0.007774380506459451
1029 0.007942316407652151
1030 0.007769629352531085
1031 0.007716975133043426
1032 0.007911751458343625
1033 0.007942209285539986
1034 0.007754189300453193
1035 0.007812871850281723
1036 0.007857312251339073
1037 0.00763146048749338
1038 0.007702159054775607
1039 0.008022073257162813
1040 0.007668160699869778
1041 0.007686237912219025
1042 0.007901682166204857
1043 0.007612681567067954
1044 0.007577428286183996
1045 0.007894787585010976
1046 0.007671021869220211
1047 0.007503602587001335
1048 0.007898538823990404
1049 0.007476577923243581
1050 0.007703827562077583
1051 0.007800376303681392
1052 0.007549157740972331
1053 0.007465245721002036
1054 0.007798200083131783
1055 0.007705085263653554
1056 0.007527046604760493
1057 0.00782885255888183
1058 0.007617068014000449
1059 0.007509986666082703
1060 0.007796289321135421
1061 0.007521552724616314
1062 0.00754912032103074
1063 0.007762924370227953
1064 0.007627187578453024
1065 0.007421244671986102
1066 0.007851720891561135
1067 0.007460696630672942
1068 0.007521612068244156
1069 0.007698695633978611
1070 0.007496797793436082
1071 0.007391403996106803
1072 0.007790053229147481
1073 0.007543314902863371
1074 0.007528610083772663
1075 0.007605984541592637
1076 0.007500671296600295
1077 0.007423357593684843
1078 0.007783108935787708
1079 0.007492641042575748
1080 0.007395034092910605
1081 0.007552933206622798
1082 0.007565341554945698
1083 0.00726557351965394
1084 0.007790849407728284
1085 0.007422034238281874
1086 0.007397856354242052
1087 0.007691713604339226
1088 0.007492459067780808
1089 0.007356403258983631
1090 0.007616824461660211
1091 0.007423999555437336
1092 0.007350744308232304
1093 0.007734694532576204
1094 0.0074760328730016
1095 0.007357105811491347
1096 0.007598720686615106
1097 0.007349787537192744
1098 0.007482681752909338
1099 0.007606869424790066
1100 0.00745953164454081
1101 0.007240408289585932
1102 0.007796347340062985
1103 0.007320130228975088
1104 0.007501987884269465
1105 0.007639671288498116
1106 0.007486563261658244
1107 0.00745532193034221
1108 0.007692554252866641
1109 0.007353996586132637
1110 0.00759922551946638
1111 0.007602398747997579
1112 0.0073773548562205
1113 0.007293214504983302
1114 0.007779900210169153
1115 0.007450824846399603
1116 0.007517696626396919
1117 0.007490151644972924
1118 0.00741935021523045
1119 0.007498973890869533
1120 0.007767594474723247
1121 0.007358816288030285
1122 0.007357383772250676
1123 0.007641701509210399
1124 0.007458884054106566
1125 0.007386985511159146
1126 0.007583977746181485
1127 0.00730368130126337
1128 0.007391312054148874
1129 0.007714194667575706
1130 0.007387192995714517
1131 0.007330817279095891
1132 0.007614927829460698
1133 0.007449785304254359
1134 0.007397457021165578
1135 0.007609428432775329
1136 0.007410320640109984
1137 0.007229076263879005
1138 0.007740098778329528
1139 0.007333090467577571
1140 0.007376586828676624
1141 0.007634645937082988
1142 0.007358056826592099
1143 0.007447886161762633
1144 0.007635552623105146
1145 0.007291145480011567
1146 0.007391191508392581
1147 0.007685510438386866
1148 0.007366439509004709
1149 0.007341283102221915
1150 0.007711490184160158
1151 0.0071918891123513
1152 0.007388463836922126
1153 0.007627923695700568
1154 0.007417074945105922
1155 0.007378458886697813
1156 0.007676213611227336
1157 0.007322642005820844
1158 0.007359517486125645
1159 0.007684396601846557
1160 0.007214991881672296
1161 0.007196145846117016
1162 0.007657648502800903
1163 0.007318466957656589
1164 0.00734534282438657
1165 0.007600781423383864
1166 0.00723776671581765
1167 0.007274403172830212
1168 0.007606913143270293
1169 0.007203848030202214
1170 0.007277474851773733
1171 0.00764180864730813
1172 0.007389087004794233
1173 0.007276723405061009
1174 0.007639233609158168
1175 0.007280576905440485
1176 0.00736878229652264
1177 0.007577863197874475
1178 0.007440119785831634
1179 0.007332074887328101
1180 0.007669871325636565
1181 0.007318251558480052
1182 0.007310688349008503
1183 0.007841416859112228
1184 0.007456896657943246
1185 0.007322618224932751
1186 0.007516018056164075
1187 0.007437920927031959
1188 0.007432890123413859
1189 0.007642648533009614
1190 0.007354605788442153
1191 0.007346243257878574
1192 0.007749617077732873
1193 0.007480436417794575
1194 0.007284069001385026
1195 0.007643131885263821
1196 0.007474760241152153
1197 0.007206499335098199
1198 0.007701410978439955
1199 0.007380259137879611
1200 0.007604721739391196
1201 0.007566065297921176
1202 0.007402503796556991
1203 0.007407543761336109
1204 0.007819815772211124
1205 0.007320946291142789
1206 0.007382950675767175
1207 0.0076168234875067
1208 0.007640038666770463
1209 0.007369564211529457
1210 0.00776112506596525
1211 0.007261335987677848
1212 0.007557038139635602
1213 0.007674096807196737
1214 0.007378249312126418
1215 0.007449178711352569
1216 0.00780283512758245
1217 0.007321607437336437
1218 0.007508223011824892
1219 0.007619077528220297
1220 0.007494525795580508
1221 0.00735851783009785
1222 0.007630073661604484
1223 0.007423072740548762
1224 0.007434220216744387
1225 0.007623170629527345
1226 0.007544172887133934
1227 0.007404494749004667
1228 0.007769592129307341
1229 0.007338577363816708
1230 0.007374020961205132
1231 0.007665589826994099
1232 0.007635344222045872
1233 0.00744682343010578
1234 0.007619018286116269
1235 0.007496574858989131
1236 0.007568603758416788
1237 0.007694511212959746
1238 0.007345057272568962
1239 0.007394354460632462
1240 0.007734368062004189
1241 0.00746493363583123
1242 0.007491047364103696
1243 0.007425638187172215
1244 0.007646652620980371
1245 0.007526501851345195
1246 0.007402985520196788
1247 0.00760144181019718
1248 0.007545253351824885
1249 0.007384650399325767
1250 0.00751193042048139
1251 0.007536202353356
1252 0.007454652270138845
1253 0.007302351152725386
1254 0.007740579533160527
1255 0.007430388125712777
1256 0.007667567687022037
1257 0.007449178421993666
1258 0.007326761578765768
1259 0.0076921096442889
1260 0.007600230636097512
1261 0.007457656118311122
1262 0.007486907554662672
1263 0.007430184421980957
1264 0.007768390907229023
1265 0.00742147198376227
1266 0.007519363872879893
1267 0.007733392591381665
1268 0.007573429583969908
1269 0.007647922797973258
1270 0.007520607807971949
1271 0.007358057617800221
1272 0.007852343958967152
1273 0.007424243180229267
1274 0.007482281342721645
1275 0.007600084123223656
1276 0.007611930999770361
1277 0.007600529385022055
1278 0.007587913287382421
1279 0.007427947394173262
1280 0.007725656454620923
1281 0.007474878901828595
1282 0.007691251937775882
1283 0.00764750155315439
1284 0.007657644893195753
1285 0.007641308696669885
1286 0.007601831856636739
1287 0.007651181007076405
1288 0.007699372603907892
1289 0.007447485888367232
1290 0.007670074549973955
1291 0.007457176632928946
1292 0.007604415467381725
1293 0.007485733076605369
1294 0.007786757648507376
1295 0.007705065333626273
1296 0.007628070609416633
1297 0.007502808923548313
1298 0.007612886441467541
1299 0.007803582690290958
1300 0.007720837355249685
1301 0.00750219224472271
1302 0.007770192422022728
1303 0.007716957255610559
1304 0.007702443476846691
1305 0.007743656106054406
1306 0.007545278218944532
1307 0.007595178035528604
1308 0.007825838774157363
1309 0.007805547417716865
1310 0.007545964407803338
1311 0.007580359212012859
1312 0.007810411155845718
1313 0.007860167952402188
1314 0.007858657602172626
1315 0.007506238105463256
1316 0.007775042494553446
1317 0.00785399067031004
1318 0.00767304406788694
1319 0.007812791996761567
1320 0.007703926337078693
1321 0.007732275357763331
1322 0.007815981997323515
1323 0.007780753779847563
1324 0.007846089096904483
1325 0.007705369645005406
1326 0.007904650031410231
1327 0.007622145865175012
1328 0.007842385215143858
1329 0.007993026274166802
1330 0.007708166921278003
1331 0.007819074338873477
1332 0.007890337743047275
1333 0.007781941181815689
1334 0.007971940121629576
1335 0.007704892197940639
1336 0.00795648399050413
1337 0.007856662883005539
1338 0.00792125391515176
1339 0.007952416161594847
1340 0.007936111006892952
1341 0.007731068468965951
1342 0.007992220110918399
1343 0.007886558277656474
1344 0.007966551994647294
1345 0.007940232538616233
1346 0.007863797085646598
1347 0.007895227828128319
1348 0.008063757193580224
1349 0.007708367633897566
1350 0.007967245718153267
1351 0.007910672803787192
1352 0.008072283913831434
1353 0.008087891138414792
1354 0.00786868198072104
1355 0.007858373442055052
1356 0.007911134163094654
1357 0.008009034062644287
1358 0.008043345978927335
1359 0.007903498961017634
1360 0.008074070348295805
1361 0.007830088321386052
1362 0.008125446102827651
1363 0.007848839815943288
1364 0.008029864783595787
1365 0.007874321319779979
1366 0.008153952588449595
1367 0.007966853150177129
1368 0.008121349054433506
1369 0.007893192638156512
1370 0.008106383274382397
1371 0.008050914289760663
1372 0.00823823043161335
1373 0.007941965439447958
1374 0.008115427633279939
1375 0.008095221487531949
1376 0.008304947478621082
1377 0.008056805600139163
1378 0.008380551939113454
1379 0.008127101221041679
1380 0.008208975315385508
1381 0.00824644708718745
1382 0.008293267844715657
1383 0.008232218917426848
1384 0.008328860440956211
1385 0.008188913145599483
1386 0.008139146496107096
1387 0.008290069914451295
1388 0.008361579127865292
1389 0.008249874514742626
1390 0.008537696132962043
1391 0.008238715032786243
1392 0.008152275084455351
1393 0.00836515359262245
1394 0.008451719538097941
1395 0.008212285457769704
1396 0.008279167038082527
1397 0.008327712441010294
1398 0.008402688852276789
1399 0.008422151562465639
1400 0.008091566930846981
1401 0.008141975779075989
1402 0.008540719220535554
1403 0.008509694851689131
1404 0.008328402930461852
1405 0.008319513242141809
1406 0.008517825332015906
1407 0.008283046138000079
1408 0.008485983326918165
1409 0.008288502436044501
1410 0.008199188655138096
1411 0.008496736520220342
1412 0.0083331428226099
1413 0.00813223809262744
1414 0.008415068868894284
1415 0.008165220272254638
1416 0.008352692980136262
1417 0.008344034965512979
1418 0.008480627794880588
1419 0.008192011085386121
1420 0.008449183567041703
1421 0.008241451404632165
1422 0.008530563052854235
1423 0.008395012152376643
1424 0.008368543610853903
1425 0.008499043322387869
1426 0.008499769973233548
1427 0.008282289165718238
1428 0.008496112429430807
1429 0.008556427128456761
1430 0.008296925871251212
1431 0.008427893686254271
1432 0.008331306505275554
1433 0.00848056640472542
1434 0.008621530328254193
1435 0.008454405464780324
1436 0.008481374769117069
1437 0.008443304475562376
1438 0.008549605981732402
1439 0.008375024333863557
1440 0.008714570585880332
1441 0.008561071707812219
1442 0.008459193321314432
1443 0.008660914505513217
1444 0.008593987466838369
1445 0.008519259508292668
1446 0.008407199121509607
1447 0.008702534804099911
1448 0.008636041206878204
1449 0.008533710542657629
1450 0.008645087305313147
1451 0.008473363812161461
1452 0.008547284946140382
1453 0.008777330664096574
1454 0.008539364223669842
1455 0.008602601303976347
1456 0.008470365408860443
1457 0.008570283452928694
1458 0.008666433884753671
1459 0.008583655892257342
1460 0.008584955021652482
1461 0.00882192863061282
1462 0.008507047414383316
1463 0.008588402286041437
1464 0.008695979335089837
1465 0.008743574652291898
1466 0.008634314407593494
1467 0.0086355553997542
1468 0.008582334871753661
1469 0.008780230829981469
1470 0.008636845276579359
1471 0.008603698810275987
1472 0.008647669322460775
1473 0.008869232659581056
1474 0.008682689931290196
1475 0.008695526411557134
1476 0.00848912418088296
1477 0.008869199903274217
1478 0.008672649917021286
1479 0.008690956199481778
1480 0.008902410916099213
1481 0.00877785613359508
1482 0.008677081722178794
1483 0.008826350511851938
1484 0.008650477701829255
1485 0.008723785065209272
1486 0.008931195573540338
1487 0.008852861295701639
1488 0.008751393979300129
1489 0.008947891227578664
1490 0.008778659934552201
1491 0.008725013994005226
1492 0.008931309928911989
1493 0.009010935377481922
1494 0.008782303936244211
1495 0.009021792663540407
1496 0.00880977921455448
1497 0.008997108050089457
1498 0.008841144875762062
1499 0.00906809646828181
1500 0.008823004258282287
1501 0.0090696350631561
1502 0.009081395353716272
1503 0.008937858790550977
1504 0.009080422222591327
1505 0.009066337633726268
1506 0.009091108118497662
