"torque-rfile"
"Iteration" "torque"
("Iteration" "torque")
1 91.79724504750257
2 103.9670434694869
3 132.5855860621074
4 151.9400889793246
5 161.9817704314747
6 165.5954115151187
7 164.6683031646934
8 163.9351739954559
9 167.8768136000562
10 174.3233890729531
11 176.5133378439098
12 170.5063326387243
13 166.5941382701624
14 151.1086710268503
15 135.7917881577894
16 122.7040655014044
17 109.9198210853871
18 101.6237599296311
19 98.18391526897689
20 94.1734602737846
21 97.10242356791902
22 100.0074942279345
23 103.5153655578519
24 103.8708234245661
25 104.9961257604612
26 103.711975875055
27 101.8631836123037
28 100.4434396835713
29 95.79927430048336
30 89.25386464105993
31 82.44422626732141
32 74.51464064783445
33 66.37159532182352
34 58.53575622211597
35 51.54997020434111
36 45.5023276250064
37 39.91891333550541
38 35.27758786667948
39 30.88114892197567
40 26.77265261859526
41 22.62629362156284
42 18.76960613433143
43 15.09375834361649
44 11.66565738497872
45 8.797451688686861
46 6.080061808020879
47 3.815667664096777
48 1.929323800889848
49 0.2560978596644274
50 -1.182367111783587
51 -2.417854302754919
52 -3.413719169651364
53 -4.255214283666422
54 -4.961259958002443
55 -5.522065004455937
56 -5.846715501643038
57 -6.034977267268212
58 -6.035596933597776
59 -5.934867634318469
60 -5.633189108851681
61 -5.205094582462046
62 -4.683913301491104
63 -4.175555158625767
64 -3.65721215468241
65 -3.092181352802057
66 -2.56379809311704
67 -2.071344121962337
68 -1.673385405098217
69 -1.325947370422635
70 -1.014510299481904
71 -0.7487536836040701
72 -0.532292352000748
73 -0.3201867223462414
74 -0.1352418829993147
75 0.01393998947479373
76 0.1579829752708487
77 0.3248455042992199
78 0.4718614638898208
79 0.590349446714459
80 0.6966921993074893
81 0.7873971928924997
82 0.8646375612664225
83 0.9084331709759983
84 0.9304640038232567
85 0.948850098457095
86 0.9369494832434706
87 0.889936110910592
88 0.8019472396005665
89 0.6877420997817409
90 0.5683394936907239
91 0.4441106391377937
92 0.315869277835639
93 0.1817114608215127
94 0.05156511705350993
95 -0.06818179980231001
96 -0.1748692476843804
97 -0.2650837551490562
98 -0.3427030420933139
99 -0.4064141182770795
100 -0.4603507660548456
101 -0.4983103201922409
102 -0.5293122467772795
103 -0.5470764446227802
104 -0.5562604026450536
105 -0.5527747204171118
106 -0.5419608495643907
107 -0.5217595647707284
108 -0.5022815530989111
109 -0.4768816374047548
110 -0.4571467445452446
111 -0.4383845691286483
112 -0.424157953187115
113 -0.4184768268808077
114 -0.4174229699150047
115 -0.4157232998125184
116 -0.4165839682251564
117 -0.4178037926298666
118 -0.4213352582400846
119 -0.4241526209301318
120 -0.4269533554374709
121 -0.4288267490871438
122 -0.4313359864559626
123 -0.4326822944499039
124 -0.4336495996779642
125 -0.4326603686771427
126 -0.4298194921641955
127 -0.4249631174532018
128 -0.4185150106696224
129 -0.4119600520609034
130 -0.406424190053548
131 -0.4014570844674925
132 -0.3973609041938966
133 -0.3938205686955095
134 -0.3912453705247894
135 -0.3898122042997031
136 -0.3891150894620546
137 -0.3892927416486555
138 -0.3899469847942784
139 -0.3900933203179747
140 -0.3893628390981658
141 -0.3869597889981122
142 -0.3834097978607786
143 -0.3787760992545139
144 -0.3729972497488114
145 -0.3670484535068042
146 -0.3604812783255266
147 -0.350502350873832
148 -0.3380441080775298
149 -0.3242255825423617
150 -0.3102831731632835
151 -0.2969720740767572
152 -0.2852912251667033
153 -0.2751185720036393
154 -0.2675718026683263
155 -0.2614922769466468
156 -0.2574159402295953
157 -0.2544197017717285
158 -0.251965148278718
159 -0.2498955929568486
160 -0.2460438405588513
161 -0.2444804626617306
162 -0.2418103311327208
163 -0.241774351894619
164 -0.240774682179448
165 -0.2415221450246829
166 -0.2405328541760089
167 -0.2399837286999026
168 -0.2395001629348337
169 -0.2394106145634735
170 -0.2401158858876682
171 -0.2415768479429254
172 -0.243060843685887
173 -0.2440199918160864
174 -0.2440994738820509
175 -0.2435791719939925
176 -0.2424679968366388
177 -0.2405884428864439
178 -0.2383736184715861
179 -0.2362048378801998
180 -0.2338576988992489
181 -0.2314603527888312
182 -0.2291487234718559
183 -0.2286755488075722
184 -0.227521836975563
185 -0.2281323760873944
186 -0.2278004327078434
187 -0.2296436513143271
188 -0.2302847228785776
189 -0.2315055438939444
190 -0.2336954172919072
191 -0.234055503288662
192 -0.2351670245414966
193 -0.2355266555485636
194 -0.2346041027843811
195 -0.2347509063570034
196 -0.2349358029534638
197 -0.233708865459427
198 -0.2339586984979636
199 -0.2337934400811763
200 -0.2335515036261678
201 -0.2316802647394117
202 -0.2308018544215398
203 -0.2294205940620704
204 -0.2300706017697886
205 -0.2315341610979998
206 -0.232632479563271
207 -0.2349468036148723
208 -0.2363179829955843
209 -0.2384302929291372
210 -0.2392706046119282
211 -0.2412479196616802
212 -0.243275901338615
213 -0.2456774836120886
214 -0.2470156333517856
215 -0.2495703187133106
216 -0.2507409702328749
217 -0.2511509928710881
218 -0.2505350487743294
219 -0.2497337575595304
220 -0.2476191632895317
221 -0.2449620228003768
222 -0.2423625367825872
223 -0.2405902506161506
224 -0.2396236216371607
225 -0.239880128687329
226 -0.2408847874456682
227 -0.2422614165080842
228 -0.2432022368945884
229 -0.2433494545608913
230 -0.2421969473598248
231 -0.2399193362419165
232 -0.2365923945207093
233 -0.232283673446414
234 -0.2275127375651008
235 -0.2230483683800239
236 -0.2189886272115781
237 -0.2156616951861351
238 -0.2129434963468736
239 -0.2111397879124167
240 -0.2101437411512474
241 -0.2100201951071515
242 -0.2104652580477629
243 -0.2112300548202841
244 -0.2115996698101713
245 -0.2116491039513082
246 -0.2111942401687249
247 -0.2103157040836348
248 -0.2088187842272113
249 -0.2068898456276343
250 -0.2047216862138394
251 -0.2026713916720772
252 -0.2007140976593387
253 -0.1994333050662548
254 -0.1985457866279904
255 -0.1978046668378985
256 -0.1971054405536272
257 -0.196291555375718
258 -0.1952252179217494
259 -0.1938495905474655
260 -0.1923045898270153
261 -0.1906264938549792
262 -0.189238246713424
263 -0.1883419441839042
264 -0.1880208093144239
265 -0.1883101517449783
266 -0.1893464189049721
267 -0.1907235788121281
268 -0.1922919249709135
269 -0.1938523878478176
270 -0.1952035058223759
271 -0.196291096892755
272 -0.1971996135908533
273 -0.1978941746865011
274 -0.1982074586345421
275 -0.19823211409182
276 -0.1980077931802459
277 -0.1977365578024458
278 -0.1972784740015952
279 -0.1968098557859984
280 -0.1962317580507835
281 -0.1955315511671981
282 -0.1944185907109039
283 -0.1928068046475592
284 -0.1907068331959026
285 -0.1882294127406167
286 -0.1857085718389585
287 -0.183381943370403
288 -0.1814697432646481
289 -0.1799517348350107
290 -0.1788089999770655
291 -0.1779474659826276
292 -0.177369844516459
293 -0.1771348090753571
294 -0.1772302956809186
295 -0.1776078516508661
296 -0.1781399598545707
297 -0.1785712889915247
298 -0.178871198812432
299 -0.1789143273464512
300 -0.1785039921512822
301 -0.1775091158315259
302 -0.175914008445699
303 -0.1738948054957413
304 -0.1713637080374735
305 -0.168565275408663
306 -0.1656223382627496
307 -0.1628841486665148
308 -0.1606574123892661
309 -0.1590483157724168
310 -0.1581051077596133
311 -0.1576344962757534
312 -0.1573210395494139
313 -0.1571407935355649
314 -0.1569800096479469
315 -0.157227690614238
316 -0.157729011518009
317 -0.1585780741954621
318 -0.1597881996836278
319 -0.1614121473438178
320 -0.1632859208187996
321 -0.1650270195938819
322 -0.1664074432380996
323 -0.1672075345053599
324 -0.167322222561066
325 -0.1667488322653876
326 -0.1658007679716062
327 -0.164626062936541
328 -0.1632631710167501
329 -0.1618880832780221
330 -0.1606815272325122
331 -0.1596191366194251
332 -0.1585924644453177
333 -0.1575955205071795
334 -0.1567526667636886
335 -0.1562084611892588
336 -0.1561763317921524
337 -0.1564632142031311
338 -0.1572109272605484
339 -0.1581778801063976
340 -0.159126830182825
341 -0.1601675390485701
342 -0.1610682983383431
343 -0.1618592713601569
344 -0.1623360434343547
345 -0.1624690835415658
346 -0.1621119140188992
347 -0.161265967607437
348 -0.1599242818883569
349 -0.1582676999315376
350 -0.1564215906804081
351 -0.1546003238799697
352 -0.152896573561692
353 -0.1514405849208527
354 -0.1503344248568366
355 -0.149499234632755
356 -0.1488658910704026
357 -0.1482847275852721
358 -0.1476788240398755
359 -0.1469101480995909
360 -0.1461626660537309
361 -0.1452597623701067
362 -0.1442870090597004
363 -0.1430771655049565
364 -0.1418158900874713
365 -0.1403085903608116
366 -0.1386295598197446
367 -0.136721375785097
368 -0.1348161134678518
369 -0.1328360967151342
370 -0.1310597985908187
371 -0.129474450895268
372 -0.1283249630542375
373 -0.1273904821268922
374 -0.1266277575314312
375 -0.126054546974936
376 -0.1259677413244333
377 -0.1255259145474971
378 -0.1247921280969725
379 -0.1242628063944398
380 -0.1230800582157511
381 -0.1223944617578766
382 -0.1214460921437531
383 -0.1208878773058393
384 -0.1200451875539652
385 -0.1193530580543064
386 -0.1182604626809886
387 -0.1169325319878897
388 -0.1149996568478052
389 -0.1133840170187058
390 -0.1111893969812511
391 -0.1095720656930624
392 -0.1078055499984929
393 -0.1062816199171687
394 -0.1047802438755509
395 -0.1033125421423437
396 -0.1025160134228021
397 -0.1015375223888102
398 -0.1009446552347938
399 -0.1002497015006795
400 -0.09981487532494653
401 -0.09932626064494766
402 -0.09884112489900325
403 -0.09811462848444784
404 -0.09719622031243627
405 -0.09605699124553829
406 -0.09470219981279672
407 -0.09310381810953659
408 -0.09139754609712857
409 -0.08991094185751931
410 -0.08828038795336361
411 -0.0871316505325674
412 -0.08547092795900817
413 -0.08444540015668661
414 -0.08310554713839839
415 -0.08228383135988487
416 -0.08121717440765958
417 -0.08063306372587691
418 -0.07976733266535135
419 -0.07919600786691854
420 -0.07846898139279657
421 -0.07783710726754037
422 -0.07705097838896238
423 -0.07615785277667503
424 -0.07497063769381139
425 -0.07375378972434553
426 -0.0722149017366253
427 -0.0706098248985909
428 -0.06871951043512185
429 -0.06675125411525974
430 -0.06485618049372265
431 -0.06314854370030747
432 -0.0617084142659837
433 -0.06059660442252222
434 -0.05979518434169268
435 -0.05934927803405043
436 -0.05866825095979208
437 -0.05817410980485542
438 -0.05779224401261136
439 -0.05713056242566265
440 -0.05663990588440888
441 -0.05613553002760845
442 -0.05560066327930196
443 -0.055063997770897
444 -0.05442927965601661
445 -0.05365855936875105
446 -0.05279268286497758
447 -0.05182926377858349
448 -0.05067071222110453
449 -0.04920585409684711
450 -0.04724290591280417
451 -0.04483388784471503
452 -0.04245659915331854
453 -0.03977444850647134
454 -0.03771739038736932
455 -0.03539479672095053
456 -0.03388454696627909
457 -0.03214465778098843
458 -0.03088186082907075
459 -0.02918951483954861
460 -0.02769477153619208
461 -0.02600871084363316
462 -0.02426620145325669
463 -0.02256425421875728
464 -0.02114298402732361
465 -0.01973869027226009
466 -0.01867578562648947
467 -0.01783263378846105
468 -0.01714424671920005
469 -0.01648283182210796
470 -0.0157053590969479
471 -0.01471883258990081
472 -0.01350268164554191
473 -0.01190744805571279
474 -0.01022595481361461
475 -0.0085248337372733
476 -0.00696777523870872
477 -0.005784646698603757
478 -0.004888036287286708
479 -0.004206221854231433
480 -0.003626598637511802
481 -0.003007799609020264
482 -0.002250724652201285
483 -0.001257917433022399
484 -1.162015574227156e-05
485 0.001474010189454302
486 0.003071083623011952
487 0.004688793038739627
488 0.006110781875370748
489 0.00725503995925477
490 0.008106462393117143
491 0.008656055334476723
492 0.008945729356695223
493 0.009108902261844269
494 0.009281943675371392
495 0.009618825330436172
496 0.01021516892780475
497 0.01114029311320041
498 0.01221973417169722
499 0.01333080856236071
500 0.0143445861946123
501 0.01513237374594343
502 0.01558033829935217
503 0.01568236679278684
504 0.01551040270026648
505 0.01522178773266143
506 0.01481211850214784
507 0.01431072008603157
508 0.01370760454632998
509 0.01297661223380617
510 0.01208697699216745
511 0.01094583469897023
512 0.009633460229730559
513 0.008042707077669905
514 0.006214393219524364
515 0.004200346208036727
516 0.001649761359522944
517 -0.0007773124900204099
518 -0.0031721591650205
519 -0.004920235813759694
520 -0.006305277149911769
521 -0.006975265709757997
522 -0.007324963448132675
523 -0.007340028780630378
524 -0.007080381607425765
525 -0.006701928369790925
526 -0.006317289298714036
527 -0.005849256989396557
528 -0.005587950011941325
529 -0.005258235885831936
530 -0.005169232755922222
531 -0.004975169808466758
532 -0.00483337197779177
533 -0.004743100860592201
534 -0.004847392309652974
535 -0.004999919284498573
536 -0.005374038000857056
537 -0.005845929960468468
538 -0.006474104706540132
539 -0.007094806181827765
540 -0.008002351636169105
541 -0.009134266507289835
542 -0.01038930621847786
543 -0.01157728423479619
544 -0.01255187454037826
545 -0.01317775958308747
546 -0.01344901472244119
547 -0.0134710471678166
548 -0.01328226286495539
549 -0.0129946836607563
550 -0.01261089410917949
551 -0.0121657520896817
552 -0.01169391136775152
553 -0.01120311198243737
554 -0.01070336506984174
555 -0.01018311713851123
556 -0.009642805104764432
557 -0.009093694727817427
558 -0.00863162918830597
559 -0.008329844411231108
560 -0.008279445466713121
561 -0.00845510351288991
562 -0.00876917223028865
563 -0.009190157102065047
564 -0.009788342441433361
565 -0.01051494027327494
566 -0.0114870248479103
567 -0.01255823052497295
568 -0.01357720023418754
569 -0.01446262045982429
570 -0.01515939920319418
571 -0.01564443366017171
572 -0.01594344095263662
573 -0.01607025828786121
574 -0.01603382066335735
575 -0.01595511818572579
576 -0.0158884949643807
577 -0.01576480733818299
578 -0.01561246461659367
579 -0.01543102501890388
580 -0.01523755348706401
581 -0.01503296085039205
582 -0.01487006632002376
583 -0.01473341855040298
584 -0.01461760562982777
585 -0.01448883716269832
586 -0.01466505769118735
587 -0.01473732042101438
588 -0.01496453689006805
589 -0.01529676797039749
590 -0.01547143433008399
591 -0.01586390898952003
592 -0.01625951333456503
593 -0.01668074918248256
594 -0.01720987674682878
595 -0.01761030332313328
596 -0.01812574155532681
597 -0.01858895550907148
598 -0.01891140976780739
599 -0.01928593300992199
600 -0.01955500069796306
601 -0.01974304620990565
602 -0.01985203622815603
603 -0.01983740898297955
604 -0.01988190997891023
605 -0.01980594774861703
606 -0.01978952174442661
607 -0.01986961369056662
608 -0.01979350035699991
609 -0.01984443485855748
610 -0.01994817660221851
611 -0.0201127356136669
612 -0.02034671988647987
613 -0.02062871859834785
614 -0.02093411346051312
615 -0.0212257476239921
616 -0.02148547215663611
617 -0.02171167787359317
618 -0.02192588908217008
619 -0.0221397428254159
620 -0.02234699218798561
621 -0.02251360286940447
622 -0.02266538870960241
623 -0.02272841842522978
624 -0.02278473902953144
625 -0.02274971976789884
626 -0.02273145252023987
627 -0.02263545648663631
628 -0.02257781923968606
629 -0.02244106295613294
630 -0.02237884571364161
631 -0.02225949899108457
632 -0.02225437854255415
633 -0.02219544566220539
634 -0.02226856871245683
635 -0.02229221793349761
636 -0.02245733341592726
637 -0.02256782095306894
638 -0.02278881238272491
639 -0.02307329601831893
640 -0.02331156364880458
641 -0.02362104696310992
642 -0.02386877607975006
643 -0.02411842325604167
644 -0.02426637855871794
645 -0.02439050499728429
646 -0.02439797730750215
647 -0.02439119235628764
648 -0.02427105104137103
649 -0.02418434015532153
650 -0.02399543948943392
651 -0.02386093035779686
652 -0.023692150819559
653 -0.02355171792229603
654 -0.02344188807706436
655 -0.02336519710701154
656 -0.02333536563665972
657 -0.02335487457250017
658 -0.02341785709655465
659 -0.02351054881420373
660 -0.023613566586622
661 -0.02374305907409991
662 -0.02388563821328621
663 -0.02402077559327185
664 -0.02412726356735181
665 -0.02420046009752259
666 -0.02424918579903878
667 -0.02428187324140491
668 -0.02432079247937514
669 -0.02437018119730516
670 -0.02440419617336424
671 -0.02452306505009383
672 -0.02457592920847201
673 -0.02458665342979956
674 -0.02469628130931041
675 -0.02467708341874869
676 -0.02477130637491967
677 -0.02478194892464724
678 -0.02487342222924127
679 -0.0249082317855825
680 -0.02495110820073528
681 -0.02495758109996558
682 -0.02496752999272678
683 -0.02495592191943045
684 -0.02493552299386866
685 -0.02494905692026097
686 -0.02497060081239683
687 -0.02500913936956871
688 -0.0250624834086166
689 -0.02513000657497871
690 -0.02521039060439051
691 -0.02530333314211935
692 -0.02540305594677118
693 -0.02550381750833534
694 -0.02559960925630437
695 -0.02568173632284488
696 -0.02575014440130249
697 -0.0258165797507513
698 -0.02588480329485633
699 -0.02595338439110282
700 -0.02602989328226541
701 -0.02612105255609562
702 -0.02622988754514253
703 -0.0263493278541611
704 -0.0264656963911678
705 -0.02656676283965711
706 -0.02665459727875537
707 -0.02673226731004678
708 -0.02680025002610035
709 -0.02685630356426203
710 -0.0268885385414509
711 -0.02689872305553846
712 -0.02688970953274583
713 -0.02686996856731248
714 -0.02684374400274207
715 -0.02681311980391019
716 -0.02677974735232364
717 -0.02674756031194463
718 -0.02671889765158207
719 -0.02668501667586205
720 -0.02664445167336108
721 -0.02658287736963718
722 -0.0265301195523956
723 -0.02650894044846251
724 -0.02648486378866949
725 -0.02648343134824235
726 -0.02650722993675098
727 -0.02656901740097989
728 -0.02665347774732414
729 -0.02675543328967279
730 -0.02690995717975844
731 -0.02707534869177361
732 -0.0272042877478139
733 -0.02737021939530913
734 -0.0275489248676143
735 -0.02763211557080725
736 -0.02773637978833424
737 -0.02783761892528137
738 -0.02778921377694213
739 -0.02778149569142622
740 -0.02776756640547004
741 -0.02775504180552757
742 -0.02775706584156941
743 -0.02775658615191053
744 -0.02774089536753959
745 -0.02770046598610157
746 -0.02766284091382434
747 -0.02759408063293146
748 -0.0275281118853136
749 -0.0274401782073567
750 -0.02735959899275727
751 -0.02724216960311588
752 -0.0271219722458317
753 -0.02702652525796106
754 -0.02694580265476102
755 -0.02689164619247564
756 -0.02689251723824345
757 -0.02690858829310323
758 -0.02698986089506646
759 -0.02711247843614761
760 -0.02726373397414842
761 -0.02746830736964937
762 -0.02772469809808625
763 -0.02798040807506897
764 -0.02821410776023075
765 -0.0284532985779001
766 -0.02867598330824552
767 -0.02879097766434937
768 -0.02891787795209354
769 -0.02900630236903435
770 -0.029062680531421
771 -0.02910976561036455
772 -0.02917065014272012
773 -0.02917526214465256
774 -0.02923276186770456
775 -0.02927950190098863
776 -0.02930573853161811
777 -0.02932972230224157
778 -0.02932265115678917
779 -0.02928409087118933
780 -0.02923200057283965
781 -0.02916374815761447
782 -0.02907726468568186
783 -0.02897564303727632
784 -0.02883994536361658
785 -0.0287072226671797
786 -0.02857960164570599
787 -0.02846018085666715
788 -0.02837116929160071
789 -0.02833608952916958
790 -0.02835667716902407
791 -0.02842226457096268
792 -0.0285610010187185
793 -0.02874878657993263
794 -0.02898276871488567
795 -0.02922684212092751
796 -0.02948795536464876
797 -0.02970755490966153
798 -0.02993923527836508
799 -0.03008689909013218
800 -0.03025943960212442
801 -0.03032477700747327
802 -0.03041829897691573
803 -0.03049881780675268
804 -0.03059656639897682
805 -0.03064598782845232
806 -0.0307530557848843
807 -0.03084016593220074
808 -0.03092993881392068
809 -0.03100662211100699
810 -0.03106386490245315
811 -0.03110217542094393
812 -0.03111237580027474
813 -0.03107887792895639
814 -0.03102797362601052
815 -0.03096661022739561
816 -0.03086537574977978
817 -0.03074299925341406
818 -0.03065165363124861
819 -0.03053979766260062
820 -0.03043798680036297
821 -0.03037785180482294
822 -0.03033595255851312
823 -0.03036526907964052
824 -0.03042211901949508
825 -0.03058139029128133
826 -0.0307702930891476
827 -0.03099729964549281
828 -0.03127930049693004
829 -0.03159273743021568
830 -0.03188900978066733
831 -0.03217876386822168
832 -0.03244827361968072
833 -0.0326572870214536
834 -0.03286041430992098
835 -0.03296300663295884
836 -0.03308566614744114
837 -0.03311666101668909
838 -0.03309241187256997
839 -0.03311150429127988
840 -0.03307837002340745
841 -0.03307655962100638
842 -0.0330614026956763
843 -0.03304769961488817
844 -0.03305161260893062
845 -0.03307910389319071
846 -0.03314339180118591
847 -0.03321728204095108
848 -0.03331255537565967
849 -0.03340090952495765
850 -0.03347718030961111
851 -0.0335450918672257
852 -0.03359154482248586
853 -0.03368067027508977
854 -0.03371064300218049
855 -0.03373570810553252
856 -0.03375403277608797
857 -0.03376159635255076
858 -0.03378983462121105
859 -0.03379321257375204
860 -0.03380480497068623
861 -0.03383101056084035
862 -0.03389738017569215
863 -0.03399715103747923
864 -0.03413398663421933
865 -0.03429747373250987
866 -0.03448390519738972
867 -0.03469243357160398
868 -0.03487885941209642
869 -0.03505165573394862
870 -0.03521710545333256
871 -0.03530616345320124
872 -0.03540277183238758
873 -0.03542384926076486
874 -0.03546280445824227
875 -0.03545126183228615
876 -0.03542539176081581
877 -0.03540763639009812
878 -0.03541462083326873
879 -0.03542170125610909
880 -0.03544687241609485
881 -0.03550455429074659
882 -0.03561516998299499
883 -0.03573668673409744
884 -0.03588634387490039
885 -0.0360339453081204
886 -0.03617415343439713
887 -0.0363097003783281
888 -0.03642679747785017
889 -0.03652615029047874
890 -0.03660456241897361
891 -0.0366601007504859
892 -0.03668561787499849
893 -0.03668226758501977
894 -0.03664685816311383
895 -0.03658722649273924
896 -0.03651050436730383
897 -0.03642803883237791
898 -0.03637085215770209
899 -0.03631656797259657
900 -0.03629325217474446
901 -0.03630444007794274
902 -0.03636707129387227
903 -0.03645005287536748
904 -0.03655375542922484
905 -0.03666511268140505
906 -0.0367848234344143
907 -0.0368881881570813
908 -0.03697800509195486
909 -0.03704800784475203
910 -0.03712253691874333
911 -0.03715544332514552
912 -0.03720817608805553
913 -0.03723160192856038
914 -0.03724814057699911
915 -0.03726346349944841
916 -0.03727498211921756
917 -0.03728535541588304
918 -0.03728833057934451
919 -0.03729532559576847
920 -0.03731590381873987
921 -0.03737815175845422
922 -0.03742074695634975
923 -0.03750078761141742
924 -0.03758309585479406
925 -0.03766981768328734
926 -0.03775169056428134
927 -0.0378459442106772
928 -0.03790499659304179
929 -0.03792780993369086
930 -0.03793945182004128
931 -0.03792927786088007
932 -0.03790684695198509
933 -0.03786276121344027
934 -0.03782000535158304
935 -0.0377644064073228
936 -0.03770043063590415
937 -0.03765667481648108
938 -0.03762586664307693
939 -0.03761433466055355
940 -0.03762856409012885
941 -0.03767436938235827
942 -0.03773645858960936
943 -0.0378162415023103
944 -0.03790202087408397
945 -0.03799820243290829
946 -0.03807242017312559
947 -0.03812428186925197
948 -0.03815423813558645
949 -0.03815874317980954
950 -0.03813699693169192
951 -0.03809772044540653
952 -0.03805821930858546
953 -0.03798175630702804
954 -0.03790340447817505
955 -0.03777650080227138
956 -0.03763521315197
957 -0.03749597083615815
958 -0.03737826337570644
959 -0.03731121610509687
960 -0.0372766677892363
961 -0.03727556079662894
962 -0.0373294380843203
963 -0.037489687703382
964 -0.03775398397025299
965 -0.03808267367277743
966 -0.03843539622138314
967 -0.03880545380642272
968 -0.03913998506037408
969 -0.03942406252472764
970 -0.03966809180735967
971 -0.03982777883910032
972 -0.03989691388805341
973 -0.03989556086416273
974 -0.03983771167117883
975 -0.03976071800417681
976 -0.03965823865281975
977 -0.03959095202624333
978 -0.03956949634267268
979 -0.03960212731804576
980 -0.03968296137264325
981 -0.03979565925778735
982 -0.039924925159612
983 -0.04005135771944869
984 -0.04017265325409587
985 -0.04027422006306244
986 -0.04030977911239956
987 -0.0403002106842166
988 -0.04022182417914111
989 -0.04015435224339702
990 -0.04001343865615354
991 -0.03984745270086722
992 -0.0396641563071445
993 -0.03947757013486995
994 -0.03928301016087492
995 -0.0391569311383038
996 -0.03905270254550054
997 -0.03896938640610972
998 -0.03892975129001779
999 -0.03888241016034859
1000 -0.03884974576045463
1001 -0.03876878493982804
1002 -0.03870714521788499
1003 -0.0385987053189515
1004 -0.03843503916377442
1005 -0.03831645639810884
1006 -0.03815571758655066
1007 -0.0379545452416816
1008 -0.03783435527168458
1009 -0.03766850675813577
1010 -0.03759387067985162
1011 -0.03752306762405331
1012 -0.03746913676210716
1013 -0.03748126716259961
1014 -0.03748915341637434
1015 -0.03753490516809375
1016 -0.0375622195592209
1017 -0.03755977753250237
1018 -0.03756401277565077
1019 -0.03750733631591574
1020 -0.03740725625583627
1021 -0.03726175742051515
1022 -0.03707745232636483
1023 -0.03686747671221208
1024 -0.03665078613912227
1025 -0.03644772682792911
1026 -0.03627804539859565
1027 -0.03615871990849502
1028 -0.03609936098732285
1029 -0.03610179093784076
1030 -0.03615343647530931
1031 -0.03623960852070308
1032 -0.03634473664237715
1033 -0.03644682013905318
1034 -0.03652383987143722
1035 -0.03656120221617128
1036 -0.03655145453796779
1037 -0.03648059930255954
1038 -0.03637546457365209
1039 -0.0362372913197165
1040 -0.03608969720848677
1041 -0.03593957988857506
1042 -0.0358183761105294
1043 -0.03571684063471676
1044 -0.03564803756560623
1045 -0.03561151564592451
1046 -0.03560188406212645
1047 -0.0356100117674367
1048 -0.03562068530719763
1049 -0.03562433871218047
1050 -0.03559415532022686
1051 -0.03556268733249585
1052 -0.03548136221729788
1053 -0.03539005610150503
1054 -0.03528526290837463
1055 -0.03518495219438333
1056 -0.03511361322041306
1057 -0.03509918682459588
1058 -0.03513357577158611
1059 -0.03520936271245928
1060 -0.0353065887769306
1061 -0.03541036342899273
1062 -0.03550356764499659
1063 -0.03556689199145757
1064 -0.03557447826997891
1065 -0.03554513927209518
1066 -0.03547440326564367
1067 -0.03536874847530233
1068 -0.03523204904896663
1069 -0.03508242695030023
1070 -0.034946786212629
1071 -0.03486729044279906
1072 -0.03485480381450554
1073 -0.03487037265408062
1074 -0.03490865910786466
1075 -0.03497604281464871
1076 -0.03505158082451541
1077 -0.0351168675505813
1078 -0.035128005458084
1079 -0.03511345121946285
1080 -0.03502300743510885
1081 -0.03490124260764327
1082 -0.03473918004092371
1083 -0.03455648130331909
1084 -0.03437466601429139
1085 -0.0342392761543656
1086 -0.03418139634214498
1087 -0.03421833840512321
1088 -0.03430943362311367
1089 -0.03443698540733441
1090 -0.0345807146338996
1091 -0.03471396123797162
1092 -0.03480361385973236
1093 -0.03482270933651622
1094 -0.03479839181314981
1095 -0.03472713658993853
1096 -0.03461832654127598
1097 -0.03446423090907509
1098 -0.034279075603452
1099 -0.03410733951485721
1100 -0.03399465596305647
1101 -0.03395913686293608
1102 -0.03396260763944207
1103 -0.03401365870961166
1104 -0.03411919222370155
1105 -0.03423881250425635
1106 -0.03433641887999602
1107 -0.03436543712658097
1108 -0.03435051079797311
1109 -0.03423924691569701
1110 -0.0340808117553232
1111 -0.03387405127777806
1112 -0.03363025077091738
1113 -0.03336833944559053
1114 -0.03311986311807018
1115 -0.03292283892533139
1116 -0.03281214484060383
1117 -0.03278556439670541
1118 -0.032843718638562
1119 -0.03296714927944127
1120 -0.03312781368871034
1121 -0.03327314602069727
1122 -0.03342353093064771
1123 -0.03348170946863741
1124 -0.03349303226872867
1125 -0.03344943416430821
1126 -0.03336017256420057
1127 -0.03323833750862838
1128 -0.03310235827633724
1129 -0.03297285109882871
1130 -0.03287716321692249
1131 -0.03285037898121474
1132 -0.03287979348491295
1133 -0.03296979609943727
1134 -0.03311108793462217
1135 -0.03327436480079272
1136 -0.03340583755482036
1137 -0.03349669284759142
1138 -0.03350890876036733
1139 -0.03342581677768349
1140 -0.03324727273334695
1141 -0.03299128157123953
1142 -0.03269053540620281
1143 -0.03236311602116215
1144 -0.03203094732411445
1145 -0.03172883435234756
1146 -0.03147638380287333
1147 -0.03131870686752145
1148 -0.03126476260542776
1149 -0.03131361461819588
1150 -0.03144693667629883
1151 -0.03163237494228438
1152 -0.03181176621856056
1153 -0.03197560931155725
1154 -0.03208959166769479
1155 -0.03214506242722771
1156 -0.03214912887778851
1157 -0.0321114145404325
1158 -0.03204674305191669
1159 -0.03197561604824654
1160 -0.03192181609160674
1161 -0.03190938525764734
1162 -0.03196505170248558
1163 -0.03206617935993076
1164 -0.0322347755436411
1165 -0.03241220090473541
1166 -0.03262093390953159
1167 -0.03280638622500135
1168 -0.03293570839980225
1169 -0.03300786578796509
1170 -0.03299442115681762
1171 -0.03289215157007529
1172 -0.03271333103256036
1173 -0.03247706870098417
1174 -0.03221344817522939
1175 -0.03195049288899467
1176 -0.03172582758135978
1177 -0.03154541064202834
1178 -0.03142378144713948
1179 -0.03138888423099225
1180 -0.03140497104414586
1181 -0.03145910597464311
1182 -0.0315718777689678
1183 -0.03169401885244202
1184 -0.03180453636248751
1185 -0.03187361859174473
1186 -0.03189025275719264
1187 -0.03185500801169111
1188 -0.03178363074435864
1189 -0.03169469390221064
1190 -0.03159963463356406
1191 -0.03151657242793288
1192 -0.0314639219326205
1193 -0.03145452258539504
1194 -0.03149871183771609
1195 -0.03159109175607244
1196 -0.03170900388053484
1197 -0.03185856627994974
1198 -0.03201369668602314
1199 -0.03215355713518316
1200 -0.03225357211980809
1201 -0.03228977493296219
1202 -0.03225045509809469
1203 -0.03213955386823261
1204 -0.03197627610057024
1205 -0.03178531272993706
1206 -0.03159118001902157
1207 -0.03141494704189191
1208 -0.03127497497174851
1209 -0.03118460836561628
1210 -0.03114898169460172
1211 -0.03115802147508832
1212 -0.03120545456229963
1213 -0.03128180927022385
1214 -0.0313703761990892
1215 -0.03144984947937555
1216 -0.03149684513053214
1217 -0.03149276864148946
1218 -0.03143115476665734
1219 -0.03131890545484879
1220 -0.03117494098283096
1221 -0.03101978960470147
1222 -0.0308791360688178
1223 -0.03075422616754219
1224 -0.03066529313635251
1225 -0.03062269922133979
1226 -0.03063139053436895
1227 -0.03068222483045909
1228 -0.03076818318434804
1229 -0.03088058244228973
1230 -0.03100412102013743
1231 -0.03111529784180817
1232 -0.0311917562881411
1233 -0.03121124491764361
1234 -0.03116338139326718
1235 -0.03105118462743921
1236 -0.03089146223221533
1237 -0.03070840099901204
1238 -0.03052314176956315
1239 -0.0303557490152227
1240 -0.03022249433904567
1241 -0.03013865306458122
1242 -0.03010827754323876
1243 -0.03012694906201606
1244 -0.0301890799136083
1245 -0.03028472011156669
1246 -0.03039856606027051
1247 -0.03050800238256155
1248 -0.03059030516592628
1249 -0.03062394413343768
1250 -0.0305974061606261
1251 -0.03051145111877132
1252 -0.03038339457842775
1253 -0.03023430988395542
1254 -0.03008275320283285
1255 -0.02994591249074398
1256 -0.02984043427966743
1257 -0.02978131318007361
1258 -0.02977762400298472
1259 -0.02982360188599653
1260 -0.0299115252921578
1261 -0.03002961374250952
1262 -0.03016244639975845
1263 -0.03028777323132769
1264 -0.03038272456235304
1265 -0.0304262133479956
1266 -0.0304042832273595
1267 -0.03031650577395216
1268 -0.03017592456177706
1269 -0.03000550186485662
1270 -0.02982959461539743
1271 -0.02966898524856149
1272 -0.02954096311970759
1273 -0.02946102358021172
1274 -0.02943920815513576
1275 -0.02947108078590573
1276 -0.02955134170931313
1277 -0.02966784420525693
1278 -0.02980404048385442
1279 -0.02993637799436878
1280 -0.03004300026537282
1281 -0.03009736605326414
1282 -0.03008756888657269
1283 -0.03001194102122759
1284 -0.02988210040079851
1285 -0.02972134844998892
1286 -0.02955366371411898
1287 -0.02939990782823949
1288 -0.02927629240159609
1289 -0.02919608789092
1290 -0.02916866903559151
1291 -0.02919322713441634
1292 -0.02926269768489877
1293 -0.02936343691397017
1294 -0.02948307351767217
1295 -0.02960297788518437
1296 -0.02969883831304139
1297 -0.02975140999880317
1298 -0.0297455901149339
1299 -0.02967818981432099
1300 -0.02955700874037016
1301 -0.02940323306945664
1302 -0.0292406854080487
1303 -0.02908836009731304
1304 -0.02896073434292907
1305 -0.02887006607548431
1306 -0.02882530058880316
1307 -0.02882827413037389
1308 -0.02887332049365875
1309 -0.02895143520279484
1310 -0.0290524374743647
1311 -0.02916062780495702
1312 -0.02925350942439146
1313 -0.0293126038122086
1314 -0.02932239420282308
1315 -0.0292681740876951
1316 -0.02916988490547612
1317 -0.02904017527169498
1318 -0.02890077695735201
1319 -0.0287689741279629
1320 -0.02865921291141277
1321 -0.02858338555619815
1322 -0.02854963768274842
1323 -0.0285604585196778
1324 -0.02861741391667212
1325 -0.0286919067624534
1326 -0.02879012562491203
1327 -0.02889577056130269
1328 -0.02898913690843319
1329 -0.02904970115565493
1330 -0.02906360746485171
1331 -0.02902176457474603
1332 -0.02892812881214903
1333 -0.02879869154396275
1334 -0.02865255773702454
1335 -0.02850498401656599
1336 -0.02837066192700366
1337 -0.02826216317313401
1338 -0.02818809017867755
1339 -0.02815114174680793
1340 -0.02814568597074386
1341 -0.02815990786317869
1342 -0.02818368311665125
1343 -0.02820427412711034
1344 -0.02820367641871535
1345 -0.02816038313843511
1346 -0.0280601012691895
1347 -0.02789624937376218
1348 -0.02767483192676302
1349 -0.02741202917183901
1350 -0.0271287225864686
1351 -0.02683913736057364
1352 -0.02656045790320083
1353 -0.02630802799875181
1354 -0.02609340345389328
1355 -0.02592177472259954
1356 -0.02578562423042114
1357 -0.02568573376577397
1358 -0.02561335607995319
1359 -0.02557051758813985
1360 -0.02552741509004943
1361 -0.02547332298375257
1362 -0.02540418080265525
1363 -0.02530270594853211
1364 -0.02519202758434411
1365 -0.0250630412192282
1366 -0.02494575617391192
1367 -0.0248378391386824
1368 -0.02476830451124359
1369 -0.02472719666632155
1370 -0.0247298596338923
1371 -0.02475225820263242
1372 -0.02480517105510065
1373 -0.02486407567375834
1374 -0.02493205430471463
1375 -0.02498297563073973
1376 -0.02501750753896244
1377 -0.02499993163739474
1378 -0.0249750627764408
1379 -0.02490318531898294
1380 -0.02477939769247241
1381 -0.02467113592706753
1382 -0.02453549999095131
1383 -0.02439817288909814
1384 -0.0242725114211018
1385 -0.0241677843750061
1386 -0.02408638242058755
1387 -0.02403052487602763
1388 -0.02399171438636736
1389 -0.02396877351364292
1390 -0.02396172980241948
1391 -0.02396059223166172
1392 -0.0239575991868763
1393 -0.02395283124540708
1394 -0.02393853805689008
1395 -0.02391367839532116
1396 -0.02387658257873339
1397 -0.02382812817070149
1398 -0.02377299459282321
1399 -0.02371043630136516
1400 -0.02365055637373453
1401 -0.02360032764707981
1402 -0.02356279338523369
1403 -0.02353786373062517
1404 -0.02352321150746615
1405 -0.02351284465910723
1406 -0.02350316106865087
1407 -0.02349348875914908
1408 -0.02348327965787033
1409 -0.02347024794040095
1410 -0.02345092442673492
1411 -0.02342231948479965
1412 -0.02338100819349467
1413 -0.02332655197380949
1414 -0.02326229985677483
1415 -0.02319437436754534
1416 -0.02312854771885119
1417 -0.02306898642672196
1418 -0.0230165050705944
1419 -0.02297462923625701
1420 -0.02294392749012555
1421 -0.02292305651053657
1422 -0.02290441314086529
1423 -0.02288935058486608
1424 -0.0228766747602773
1425 -0.02286374116398746
1426 -0.02284544851962332
1427 -0.02281618418977963
1428 -0.02277193413548916
1429 -0.0227098601978067
1430 -0.02263088467868274
1431 -0.02254270412213785
1432 -0.0224539556865709
1433 -0.02237260904234263
1434 -0.02230344553828194
1435 -0.02224856762531867
1436 -0.02220932409286005
1437 -0.0221843769549624
1438 -0.02216710498709064
1439 -0.02215535885212918
1440 -0.02214862025821294
1441 -0.02214413344122452
1442 -0.02213654852805585
1443 -0.02211835583652669
1444 -0.02208170091007396
1445 -0.02202059101568257
1446 -0.02193322121146288
1447 -0.02182527401341489
1448 -0.02170842991775704
1449 -0.02159484055629864
1450 -0.02149403581799691
1451 -0.02141299982937628
1452 -0.02135666837655295
1453 -0.02132691684006704
1454 -0.02131895746113305
1455 -0.0213271491992337
1456 -0.02134864248763956
1457 -0.02137670088305667
1458 -0.02140178629949331
1459 -0.02141224161573549
1460 -0.02139722340168843
1461 -0.02135000549084245
1462 -0.02126751553806862
1463 -0.02115346542998679
1464 -0.02101943633313223
1465 -0.02088181484989008
1466 -0.02075375540964001
1467 -0.02064909892373868
1468 -0.0205735252904525
1469 -0.02053052584324347
1470 -0.02051626461061367
1471 -0.02052451036680925
1472 -0.02054913496514232
1473 -0.02058182382064416
1474 -0.02061219485893421
1475 -0.02062792198757104
1476 -0.02062167722570203
1477 -0.02058966378871524
1478 -0.02052648975377589
1479 -0.02043748232908556
1480 -0.02032410375166486
1481 -0.020199346448901
1482 -0.02007628975201708
1483 -0.01997135516739246
1484 -0.01989573876589342
1485 -0.01985506217546754
1486 -0.01983687003328116
1487 -0.01984516878355886
1488 -0.01987723757343064
1489 -0.0199230792073815
1490 -0.01997458852900316
1491 -0.02002059216329856
1492 -0.02005120325944757
1493 -0.02006017519750049
1494 -0.02004475234455092
1495 -0.02000217291347405
1496 -0.01993413526543046
1497 -0.01984575540561979
1498 -0.01974390691945632
1499 -0.01963826724383916
1500 -0.01954019510710385
1501 -0.01946045520884147
1502 -0.01940556917012051
1503 -0.01937757104293061
1504 -0.01937526598521662
1505 -0.01939379191375945
1506 -0.01942761254585221
