"p_static_out-rfile"
"Iteration" "p_static_out"
("Iteration" "p_static_out")
1 25
2 25
3 25
4 25
5 25
6 25
7 25
8 25
9 24.99444789680656
10 24.78249998158828
11 19.12681154745342
12 6.165630832572442
13 -10.95815555510802
14 -29.45634605393463
15 -53.71604383790103
16 -71.99096959732601
17 -90.19411076494215
18 -108.6179375726556
19 -120.3368016695161
20 -129.0535801107499
21 -130.5243551267699
22 -126.845792389361
23 -138.7499954100545
24 -133.6515964905254
25 -171.5962739387265
26 -172.6697150990091
27 -249.4812688529934
28 -336.8868041270366
29 -358.1456462387259
30 -385.344359040633
31 -388.9790186113833
32 -368.4134621399294
33 -364.7382416938823
34 -354.9259520211855
35 -313.5880723748917
36 -292.5481802856629
37 -274.9791340102255
38 -264.1634193509145
39 -240.4684207038864
40 -223.7749529793228
41 -207.3453882504989
42 -190.2764999210731
43 -173.1414108029156
44 -156.9489188067012
45 -141.6637746498516
46 -127.6585581818964
47 -112.5911587208564
48 -101.3884175928291
49 -90.45525542142816
50 -79.71316417825652
51 -71.71556115982266
52 -64.76221706398124
53 -58.01281071400668
54 -51.3339830380099
55 -45.43732574950706
56 -39.95322524730293
57 -34.43547099199321
58 -28.6054065476996
59 -22.8241941728396
60 -17.04884578782511
61 -11.48045472374606
62 -6.469016033327754
63 -2.013297206388539
64 1.8260291151314
65 5.276748439474379
66 7.941900101058752
67 9.992026325447782
68 11.72047006373536
69 12.99142324337395
70 14.0332805990217
71 14.77683023273098
72 15.41466267099033
73 16.0172090203903
74 16.48475182310236
75 16.96790973358415
76 17.40285864984694
77 17.73952346283595
78 18.18633703662897
79 18.60959859747584
80 18.9326901694351
81 19.2307307520968
82 19.57424358772504
83 19.92308021295109
84 20.22601863622783
85 20.582425864855
86 20.89059227642401
87 21.19900334697493
88 21.52652013194201
89 21.79600351551481
90 22.12259043045334
91 22.33650765134879
92 22.51408902936975
93 22.74718163324585
94 22.90844246848332
95 23.05571064339644
96 23.20354895341081
97 23.38019272546635
98 23.49557118229991
99 23.61604054463134
100 23.75530312134046
101 23.83621801477853
102 23.94377738617921
103 24.03865896128477
104 24.14764720752094
105 24.19490794777319
106 24.27965036356329
107 24.33759589679074
108 24.3975491247887
109 24.44956455859537
110 24.51043739917156
111 24.56690952523679
112 24.60161862981048
113 24.63868346099484
114 24.66456391199959
115 24.69563084987513
116 24.72434484220866
117 24.74448937074975
118 24.76490342581058
119 24.78627773002042
120 24.80228649337293
121 24.81513966174519
122 24.82632058441221
123 24.8392144095079
124 24.84719931727888
125 24.85506398932707
126 24.86061357314491
127 24.86703185205258
128 24.87315569182294
129 24.8795074037933
130 24.88443750684103
131 24.8886384916755
132 24.89326409435679
133 24.89846474901836
134 24.90387405842286
135 24.90946426988023
136 24.91613604897038
137 24.92357944270649
138 24.93229486538721
139 24.94210287980797
140 24.951935915595
141 24.96409574437213
142 24.97286904133043
143 24.97933513547937
144 24.98298071003043
145 24.98350701008468
146 24.98158581595775
147 24.97815918024891
148 24.97378379949316
149 24.96894500695234
150 24.96304631812928
151 24.95691385408316
152 24.95068635026554
153 24.944312762377
154 24.93774174284157
155 24.93169204381869
156 24.9264394105463
157 24.92038406982036
158 24.91639195842502
159 24.9120290897595
160 24.90926679400243
161 24.90632211311749
162 24.90250969123559
163 24.89999712366262
164 24.89675635095787
165 24.89251902736521
166 24.88790627780538
167 24.88205729920095
168 24.87607709019127
169 24.86996417750343
170 24.86035520620625
171 24.85163398235775
172 24.84203690274
173 24.83365742605912
174 24.82435351172519
175 24.81376872836833
176 24.80422323973039
177 24.79567411849381
178 24.78587230566176
179 24.77697732313984
180 24.76936103353665
181 24.76291846311321
182 24.75686703982602
183 24.75084287863327
184 24.74639805714314
185 24.742776550464
186 24.74066214494708
187 24.739226209879
188 24.73868251748953
189 24.73965352726175
190 24.74178618960593
191 24.74464449621186
192 24.74813736680753
193 24.75254374472057
194 24.75774092334197
195 24.7629671121944
196 24.76832796059322
197 24.7735271446532
198 24.77878816122782
199 24.78377153992162
200 24.78867148379005
201 24.79294430075327
202 24.79702726299791
203 24.80058865839058
204 24.80417783272361
205 24.80728515132121
206 24.81031874811098
207 24.8129302688786
208 24.81537535033827
209 24.81751669422871
210 24.81943730069671
211 24.82140373429128
212 24.82263199373276
213 24.82361123273751
214 24.82458887983608
215 24.82489912814569
216 24.82522168624339
217 24.82478756310152
218 24.82447726084879
219 24.82387094273248
220 24.82295453934594
221 24.82127031028469
222 24.82124847764625
223 24.81938704505022
224 24.81809371746183
225 24.81610510016972
226 24.8147251702253
227 24.8134803806868
228 24.81208230963398
229 24.81109739892546
230 24.80975650570102
231 24.80829693012716
232 24.80667120635476
233 24.80549102081731
234 24.80409223819112
235 24.80286317960383
236 24.80273394460475
237 24.80173258494469
238 24.80104113258754
239 24.80047835625768
240 24.80017733722972
241 24.79955751017929
242 24.79932896948813
243 24.79898700424892
244 24.79889921074715
245 24.79822767635454
246 24.79859418350829
247 24.79811923916649
248 24.7980384560338
249 24.79781660704909
250 24.79848339202098
251 24.79828884654968
252 24.79821100467213
253 24.79830398897774
254 24.79866694319051
255 24.79899349069028
256 24.79927776254241
257 24.7997129090755
258 24.80014768396596
259 24.80075087785951
260 24.80119391920622
261 24.80156633762456
262 24.80206204539928
263 24.80229885299206
264 24.80269426622024
265 24.80362385871219
266 24.8039366551384
267 24.80430631989398
268 24.80487712114752
269 24.8052047581495
270 24.80564892866251
271 24.80588670368141
272 24.80603827705638
273 24.8061668605325
274 24.80675272950954
275 24.80677326108259
276 24.8063419053862
277 24.80691598447309
278 24.80630461770823
279 24.80580598905908
280 24.8053990554891
281 24.80505026386524
282 24.80473923189161
283 24.80439556326362
284 24.80413842881777
285 24.80388596295307
286 24.80376301154999
287 24.80370589740905
288 24.80357842229162
289 24.80370259103476
290 24.803896333857
291 24.8039587454577
292 24.80446127505386
293 24.80480843321267
294 24.80501150534025
295 24.80552783223571
296 24.80588446885065
297 24.80608729159883
298 24.80658890917804
299 24.80692964500089
300 24.80711965447195
301 24.80832123045893
302 24.80841967463928
303 24.80879040827595
304 24.80885338603579
305 24.80919105718653
306 24.80923444419985
307 24.80956169284947
308 24.80959553664967
309 24.80991140825052
310 24.80993912420242
311 24.81025062544366
312 24.81012120713146
313 24.81055776134046
314 24.81042829866632
315 24.81061259905947
316 24.81051526077988
317 24.81110313680016
318 24.81095163337074
319 24.81120247088208
320 24.8112014841819
321 24.81152519086622
322 24.81156111062579
323 24.81163925518376
324 24.81204599932439
325 24.81205682022606
326 24.81184231076912
327 24.81207469865893
328 24.81234630140663
329 24.81231502572221
330 24.81238802035942
331 24.81247853002408
332 24.81255937565049
333 24.81270185285351
334 24.81300408696976
335 24.81285031632405
336 24.81273087762273
337 24.8126395612752
338 24.81250496351526
339 24.81238738799094
340 24.81228499388284
341 24.81219406421276
342 24.81231469748072
343 24.81227426749433
344 24.81248176728343
345 24.81243274078978
346 24.81237900268449
347 24.81232287006617
348 24.81226393443791
349 24.81220308360841
350 24.81214232366331
351 24.81195247643401
352 24.81278430248426
353 24.812488088635
354 24.81230751086172
355 24.81228143669275
356 24.81216861637477
357 24.81202741090133
358 24.81187221865875
359 24.81207593832829
360 24.81187500831795
361 24.81168936560806
362 24.81150550148016
363 24.81156830228762
364 24.81123239987809
365 24.81115049942969
366 24.81087318695993
367 24.81090060760436
368 24.81054738240422
369 24.81042524316632
370 24.81016988219154
371 24.81008445389201
372 24.80993108487124
373 24.80982586794492
374 24.80988149798097
375 24.81001895507212
376 24.80984948809675
377 24.80973834877809
378 24.80963925004344
379 24.80957089499223
380 24.80949702550355
381 24.80945290012929
382 24.80984732551162
383 24.8096276702637
384 24.80941681273925
385 24.80921762888934
386 24.80907337952377
387 24.80894044555858
388 24.80879129477487
389 24.80875185405906
390 24.8086850807002
391 24.80880863879577
392 24.80907514858009
393 24.80909159406442
394 24.80926588480082
395 24.8092946343239
396 24.80938082008478
397 24.80948176685625
398 24.80962682820454
399 24.80993173025259
400 24.8100324811321
401 24.81012549543574
402 24.81054843089071
403 24.81058310302322
404 24.81060356201856
405 24.81062284049501
406 24.81053473691152
407 24.81093323568295
408 24.8113215657076
409 24.8108774038428
410 24.81132836605267
411 24.81157714301338
412 24.81134107179378
413 24.81144601286001
414 24.81182987995317
415 24.81141576814617
416 24.81135686089991
417 24.81098892505756
418 24.81070456080662
419 24.81085466186504
420 24.810585609385
421 24.81044052892924
422 24.8103779965021
423 24.81036256641142
424 24.81037322447928
425 24.81027581965832
426 24.81027807887438
427 24.81027200560412
428 24.81033868103165
429 24.81072278102651
430 24.81076113648219
431 24.81113082993405
432 24.81144555948984
433 24.81133778294889
434 24.81126622054698
435 24.81121369312904
436 24.81116447018964
437 24.81111139149477
438 24.81106336846279
439 24.81084329332149
440 24.81095493210007
441 24.81072630009155
442 24.81055536269731
443 24.8107984514835
444 24.81059712393364
445 24.81051873890128
446 24.81051075139585
447 24.81052769141387
448 24.81055053930769
449 24.81056582352996
450 24.81056642211382
451 24.81056318784132
452 24.81044282284923
453 24.81140618931629
454 24.81093650832412
455 24.81075777871579
456 24.8107517291925
457 24.81080230767526
458 24.81079715699856
459 24.81074062686397
460 24.81136081028324
461 24.81097795696057
462 24.81106091455556
463 24.81037497474576
464 24.8110397753448
465 24.81147282996632
466 24.8108083723287
467 24.81117790721213
468 24.81113379248997
469 24.81102193807853
470 24.81124281375811
471 24.81121591052447
472 24.81124475839536
473 24.81164558008736
474 24.81166048566775
475 24.81180946301231
476 24.81200166523181
477 24.81230259274041
478 24.81243280235148
479 24.81252097951489
480 24.81246138810263
481 24.81260692773604
482 24.81279941817462
483 24.81277970455643
484 24.81251973532931
485 24.81229236234798
486 24.81236491080961
487 24.8121549575487
488 24.81201252521199
489 24.81216531876327
490 24.81203053737065
491 24.81195659932916
492 24.81218019509117
493 24.81211958727127
494 24.81211389146959
495 24.8121458282067
496 24.81236039671893
497 24.81221252341575
498 24.81250291758229
499 24.81213897613654
500 24.8128604211024
501 24.81267376508431
502 24.81221734894406
503 24.81267908856018
504 24.81208176181391
505 24.81160274956488
506 24.81209630126303
507 24.81189077502194
508 24.81151194526313
509 24.81137042757177
510 24.81134808703143
511 24.81135795013684
512 24.81137400883551
513 24.81168947308328
514 24.81166454132462
515 24.81168017072754
516 24.81172517656913
517 24.81182155332296
518 24.81191405025816
519 24.81199142093872
520 24.81206603978525
521 24.81216467911623
522 24.81225113430253
523 24.81233934650881
524 24.8127535677404
525 24.81272805610278
526 24.81276698756897
527 24.81282401612607
528 24.8128837600864
529 24.81293676281063
530 24.81297686762994
531 24.81368038651233
532 24.81357238520615
533 24.81338106706608
534 24.81337225668278
535 24.81318825514973
536 24.81333188755021
537 24.81315399036945
538 24.81303615256778
539 24.81326133335611
540 24.81284963901009
541 24.8130246628534
542 24.81326238609412
543 24.81285125538455
544 24.81279485716469
545 24.81262183218917
546 24.81247037502587
547 24.81254691972642
548 24.81240765363408
549 24.81225605605432
550 24.81231754171405
551 24.81217878833523
552 24.81205974996122
553 24.81267580052312
554 24.81213596536324
555 24.81190925935171
556 24.81208099155202
557 24.81202579237756
558 24.81203124659093
559 24.8120578470837
560 24.81225523224525
561 24.81217199338883
562 24.8121253902894
563 24.81214876691077
564 24.81267530009595
565 24.81243294982037
566 24.81237530216226
567 24.81238825002444
568 24.8124553288101
569 24.81253093290606
570 24.81259140196452
571 24.81269820017699
572 24.81271476282315
573 24.8127290934596
574 24.81274719706908
575 24.81276340153311
576 24.81278326267077
577 24.81280247477183
578 24.81281858144321
579 24.81283424606898
580 24.81284772974914
581 24.81285880250403
582 24.81286603330603
583 24.81286856954071
584 24.81286566689255
585 24.81285611862363
586 24.81284065678602
587 24.81281900077362
588 24.81279197268547
589 24.81276139216522
590 24.81272817707702
591 24.81269297699762
592 24.81265929636448
593 24.81262843202362
594 24.81268363796099
595 24.81265450128954
596 24.81265704645547
597 24.8126897744679
598 24.81272214641148
599 24.81274337022574
600 24.81276124971422
601 24.81278882113056
602 24.81281376825039
603 24.81283816879374
604 24.81287408748821
605 24.81290948384923
606 24.81294411870773
607 24.81298921754344
608 24.81303038484506
609 24.81307009170905
610 24.81311268908697
611 24.8131647225309
612 24.8132168154569
613 24.81326940505465
614 24.81332922153551
615 24.81338849090525
616 24.81344872821546
617 24.81351197683086
618 24.81358786356684
619 24.81367428777465
620 24.81376713430675
621 24.81387975769498
622 24.81400381238869
623 24.81405362330918
624 24.81426064745773
625 24.81438719303064
626 24.81443823046338
627 24.81463641439495
628 24.81468580133254
629 24.8148785356256
630 24.81492459811876
631 24.81510971089461
632 24.8151457889807
633 24.81519303002127
634 24.81539594430611
635 24.81617394587724
636 24.81579637172311
637 24.81580144753211
638 24.81573739830831
639 24.81572722945979
640 24.81586399279437
641 24.81577069881554
642 24.81565236610477
643 24.81567334228161
644 24.81549373833665
645 24.81532970363167
646 24.81533701839169
647 24.81515525132433
648 24.81588760261322
649 24.81533103162134
650 24.81562763857474
651 24.81544965953323
652 24.81544700421853
653 24.81532445252504
654 24.8153699805591
655 24.8152798936002
656 24.81535149548058
657 24.81528190469449
658 24.81537052013274
659 24.81531184060354
660 24.815402727841
661 24.81534327646213
662 24.81543246292047
663 24.81537186779553
664 24.81545997542608
665 24.81540034213825
666 24.81549082566197
667 24.81543642945934
668 24.81540705848913
669 24.81555888234631
670 24.81551908769138
671 24.81551035626235
672 24.81568425510659
673 24.81567560042572
674 24.81569121494869
675 24.81588201375628
676 24.81587991202097
677 24.81590111546605
678 24.81593582623798
679 24.81616059715882
680 24.81616477524751
681 24.81620776934747
682 24.81626943951743
683 24.81633582125288
684 24.81617017586082
685 24.81641743354882
686 24.81664385443572
687 24.8166197914284
688 24.81663447374824
689 24.81645092992399
690 24.81668446937087
691 24.81669712931773
692 24.8164710127558
693 24.81665388421068
694 24.81681099341031
695 24.81671399526266
696 24.81665517237306
697 24.8163958809764
698 24.81656663976266
699 24.81651869255095
700 24.81645849185111
701 24.81658791005368
702 24.81648553225988
703 24.81642875409582
704 24.81639727160339
705 24.81637628302887
706 24.81612378007658
707 24.81630497337149
708 24.81646666865799
709 24.81639364347741
710 24.8163709315201
711 24.81638334359697
712 24.8164044367063
713 24.81641578762307
714 24.81661182574652
715 24.81658575200081
716 24.81659676501065
717 24.81640914798676
718 24.81665695428346
719 24.8166839364084
720 24.81647515643493
721 24.81669135176721
722 24.81688652971815
723 24.81682464866512
724 24.8165877095092
725 24.81679186619042
726 24.8165607115421
727 24.81674561217435
728 24.81648920821368
729 24.81662821408072
730 24.81632672678612
731 24.81645452039046
732 24.81658548880981
733 24.81646815301229
734 24.8164128392403
735 24.8161740192795
736 24.81638286260952
737 24.81637975139831
738 24.81614892289262
739 24.81635261004138
740 24.81655399992718
741 24.81652389830197
742 24.81655061953495
743 24.81638578191815
744 24.81665731528448
745 24.81649519618739
746 24.81675928466766
747 24.8165852636783
748 24.81682361216652
749 24.81661669443955
750 24.81683638992208
751 24.8166151780363
752 24.81675578447541
753 24.81670305929135
754 24.81671542824214
755 24.81673714151346
756 24.81674805612628
757 24.81674134885344
758 24.81666302231535
759 24.81707388304199
760 24.81682566546259
761 24.81670785996834
762 24.81667864474447
763 24.81669361403031
764 24.81671972332961
765 24.81674217415236
766 24.81671069913464
767 24.81716793251351
768 24.81698309325779
769 24.81693877643507
770 24.81696784430101
771 24.8170259631327
772 24.81697665962334
773 24.817110687791
774 24.8171281020244
775 24.8169783954189
776 24.81751531946862
777 24.81729111718971
778 24.8171924429043
779 24.81706936882172
780 24.81717792042704
781 24.81707988162587
782 24.81716705426687
783 24.81704033676817
784 24.81711063338028
785 24.81697607192925
786 24.81704540501713
787 24.81685765337507
788 24.81738494301642
789 24.8171445589383
790 24.81704568349975
791 24.81693347527333
792 24.81706506227031
793 24.81709507390244
794 24.81700523906163
795 24.81710967015808
796 24.81699717807286
797 24.81708569065855
798 24.81690799047262
799 24.81744058739927
800 24.81720166685254
801 24.81710048500346
802 24.81698389553963
803 24.81711003703803
804 24.8170311751893
805 24.81714322133923
806 24.8170395833599
807 24.81713508383658
808 24.81702301431412
809 24.81711430969856
810 24.81700137608605
811 24.81703758893766
812 24.81738012034768
813 24.81724713619901
814 24.81714957516548
815 24.81703691826058
816 24.81716472203608
817 24.81708615105325
818 24.81719583860998
819 24.81708110399592
820 24.81716518532162
821 24.81704370209104
822 24.81712765980721
823 24.8170100915957
824 24.81709919516846
825 24.8169877817553
826 24.81708340194132
827 24.81697795102692
828 24.81702446445811
829 24.81738655427651
830 24.81726687270461
831 24.81707991071542
832 24.81718590024979
833 24.8171231497694
834 24.81726757933144
835 24.81719246758261
836 24.8171861249533
837 24.81721356119585
838 24.81725318187957
839 24.81729157439288
840 24.81732019056162
841 24.81733483814032
842 24.81733583335939
843 24.81732545821117
844 24.81730539291035
845 24.8172834358227
846 24.81726165918182
847 24.81724328986062
848 24.81723077291525
849 24.81722490191004
850 24.81722586690738
851 24.81723296770682
852 24.81724499189507
853 24.81726096388809
854 24.81727981574959
855 24.81730137521721
856 24.81732505022088
857 24.81735030972041
858 24.81737658569856
859 24.81740295945313
860 24.81742865364838
861 24.81745288724714
862 24.81747515218425
863 24.81749513290448
864 24.81751276233255
865 24.81752783853235
866 24.81754090834061
867 24.8175521682684
868 24.81756158084638
869 24.81756976258363
870 24.8175768230349
871 24.81758302459115
872 24.817588033574
873 24.81759225040538
874 24.81759627037568
875 24.81760019784665
876 24.81760394704411
877 24.81760774816054
878 24.81761197670382
879 24.81761686091082
880 24.81762280211742
881 24.81763019023845
882 24.81763933871428
883 24.81765038344292
884 24.81766314827257
885 24.81767717238658
886 24.81769179324661
887 24.81770616119364
888 24.81771922570487
889 24.81772998913575
890 24.8177376457049
891 24.81774155664922
892 24.81774136509766
893 24.81773692988294
894 24.81772850802561
895 24.81771669752197
896 24.81770226485452
897 24.81768629453773
898 24.81767006694085
899 24.81765503741185
900 24.81764251840897
901 24.81763352366187
902 24.81762872614257
903 24.8176281566993
904 24.81763181685325
905 24.81763947794929
906 24.81765060410418
907 24.817664850444
908 24.81768220678745
909 24.81770218565834
910 24.81772403247764
911 24.81774705464977
912 24.81777061217378
913 24.81779431350781
914 24.81781761085749
915 24.8178398557688
916 24.81786023202175
917 24.81787826123145
918 24.81789328031769
919 24.81790519879011
920 24.81791316694368
921 24.81791730744493
922 24.81791733962339
923 24.81791383185576
924 24.81790742764386
925 24.81789937920237
926 24.81789072407306
927 24.81788255862108
928 24.81787594167803
929 24.81787181229873
930 24.81787086558364
931 24.8178737065551
932 24.81788052245248
933 24.81789112819463
934 24.81790504918886
935 24.81792129401825
936 24.81793894794513
937 24.81795720992599
938 24.8179755310982
939 24.81799342973684
940 24.81801031416283
941 24.81802587594963
942 24.818040001816
943 24.81805265150267
944 24.81806383556304
945 24.81807364406215
946 24.81808242888942
947 24.81808999613015
948 24.81809667274709
949 24.8181021835455
950 24.81810641756764
951 24.81810945749164
952 24.81811134486896
953 24.81811235118987
954 24.81811283271593
955 24.81811334963035
956 24.81811450856646
957 24.81811700553006
958 24.8181214417333
959 24.81812825190095
960 24.81813776046546
961 24.81814980849362
962 24.81816391500174
963 24.81817941760255
964 24.81819520227504
965 24.81821024330969
966 24.81822361739257
967 24.81823457392671
968 24.81824253620985
969 24.81824735075737
970 24.81824912880189
971 24.81824805490517
972 24.81824449301478
973 24.81823913157351
974 24.81823282779486
975 24.81822654570267
976 24.81822102875483
977 24.81821686282943
978 24.81821444223275
979 24.81821393959089
980 24.81821531641852
981 24.8182182973019
982 24.8182225898025
983 24.81822783183568
984 24.81823372580446
985 24.81824001760672
986 24.81824656247359
987 24.81825323747654
988 24.81825987414793
989 24.81826628323245
990 24.8182722698682
991 24.81827758608646
992 24.81828181599383
993 24.81828469246523
994 24.81828608847704
995 24.81828596115008
996 24.81828434570204
997 24.81828143143157
998 24.81827753955189
999 24.81827305145628
1000 24.81826838772891
1001 24.81826402464302
1002 24.81826044340479
1003 24.81825806970167
1004 24.81825714597264
1005 24.81825774091459
1006 24.81825994740786
1007 24.81826355819996
1008 24.81826838181503
1009 24.81827411145626
1010 24.81828034503678
1011 24.81828664740403
1012 24.81829260821624
1013 24.81829793671454
1014 24.81830248801458
1015 24.81830624926285
1016 24.81830931179105
1017 24.8183118747168
1018 24.8183141883761
1019 24.81831650098511
1020 24.81831902469487
1021 24.81832207063941
1022 24.81832565566906
1023 24.81832990177598
1024 24.8183348778785
1025 24.81834048600389
1026 24.81834653306499
1027 24.8183527948666
1028 24.81835913966391
1029 24.81836545846955
1030 24.81837166816582
1031 24.81837775660641
1032 24.81838373544787
1033 24.81838959398299
1034 24.81839534600773
1035 24.81840095990008
1036 24.81840643156733
1037 24.81841174741247
1038 24.81841683149807
1039 24.81842166700306
