"inlet-volume-flow-rate-rfile"
"Iteration" "inlet-volume-flow-rate"
("Iteration" "inlet-volume-flow-rate")
1 148.8899334526993
2 163.5153177778046
3 169.3370823211139
4 192.7569241689899
5 152.6997883181697
6 134.9689734806637
7 100.6778008862838
8 80.65352505789676
9 66.66004818513296
10 55.66113497999596
11 55.11703331726422
12 43.71015897758264
13 46.74542663498301
14 33.53325650902153
15 37.00300681334333
16 27.83600089532704
17 32.01418135457961
18 13.91287342040646
19 8.060784331773556
20 5.130685753330201
21 8.884225995027544
22 5.505846001750415
23 2.792922760532139
24 -0.4926093227127892
25 -0.8038159397863189
26 -5.525640902260323
27 -3.15347455148197
28 -0.2884241257381179
29 -0.3867520529946352
30 0.3518373151773929
31 0.5733116872316754
32 1.317439038639453
33 0.09556049311469089
34 1.826372084607101
35 2.156696271017596
36 2.123501408022106
37 2.994438881545515
38 2.520984893237209
39 3.493093318680315
40 3.71845770948022
41 3.846273909663289
42 3.796940804992495
43 3.229197781430301
44 2.684149904670301
45 2.943590584347876
46 3.004221445986288
47 3.652052328245657
48 4.667015724966033
49 5.72302682861377
50 6.527242142868206
51 6.830255465939088
52 7.094946874378961
53 7.073220635640761
54 6.989084323689043
55 6.930861880213011
56 6.847436836233243
57 6.68182077008279
58 6.371816530605752
59 6.288819399120075
60 5.93628380186793
61 5.706445148304567
62 5.416303900626574
63 5.071340811989101
64 4.738713718364559
65 4.39908506776059
66 4.106295395807288
67 3.722665663659874
68 3.434469022431877
69 3.109983209533001
70 2.904536991520261
71 2.502235914575103
72 2.015168581662701
73 1.761701878428184
74 1.467544596342415
75 1.202795157702231
76 0.9044283218389038
77 0.5045667414661756
78 0.2797937767472293
79 0.04222547040654751
80 -0.1119677252409132
81 -0.2860997807084159
82 -0.4130023553368595
83 -0.5178844860395936
84 -0.5987502142047177
85 -0.6604227732358489
86 -0.7035673781283569
87 -0.7038832452044318
88 -0.6842040964150444
89 -0.6559377172258606
90 -0.6163077734383121
91 -0.5714502178715823
92 -0.5099936468168471
93 -0.4383538068086821
94 -0.3429126935531228
95 -0.2045775928136042
96 -0.04399169982322663
97 0.06820016434021027
98 0.2051015642239548
99 0.277072831289172
100 0.322526437915115
101 0.3787961059434629
102 0.3789001302124927
103 0.3659543547376302
104 0.3818161921641324
105 0.3596966386151064
106 0.3538692087755933
107 0.3567157044612248
108 0.3492579635051845
109 0.3478626021834261
110 0.3634909258903371
111 0.3766700782421629
112 0.3758427790121878
113 0.3906702562195135
114 0.3835261665695777
115 0.394813047544576
116 0.3905463614376516
117 0.3859766246989195
118 0.3816009879072463
119 0.3822052417455318
120 0.3664571900272933
121 0.3517294511654504
122 0.3339286025701833
123 0.3120525881288361
124 0.2926469880517314
125 0.27386141205892
126 0.2518001041621226
127 0.232004252969693
128 0.2085471577321286
129 0.1862612550188946
130 0.1736889839887116
131 0.1671393716282501
132 0.1532510992623871
133 0.1561136610819297
134 0.1555326460397508
135 0.2353533493892657
136 0.2457594516734066
137 0.276172896414182
138 0.2999121728263453
139 0.3257346364434104
140 0.3449801527012772
141 0.3563361565538788
142 0.3692762397273164
143 0.371319466497935
144 0.3684041117078962
145 0.3656916469347305
146 0.3560462798446499
147 0.3427760933658077
148 0.3256814325362783
149 0.3125084492459145
150 0.3020647008184659
151 0.2912298630266053
152 0.2833196489944599
153 0.2753899883996809
154 0.271971697564509
155 0.2706414408195398
156 0.2685774205197269
157 0.2699306665351328
158 0.270524309046379
159 0.2704886289955172
160 0.2702764677133553
161 0.2678024732398926
162 0.2663275993022284
163 0.2642313907745977
164 0.2638946111139374
165 0.2617615570938205
166 0.2605910778325413
167 0.2599188093619112
168 0.2562449627653507
169 0.2563694750555819
170 0.254549788284582
171 0.2526203443106464
172 0.2510916937029175
173 0.2488426324635654
174 0.2462848445377716
175 0.243847817400787
176 0.2420376932584768
177 0.2401764620788236
178 0.2363458022386349
179 0.2351849166756488
180 0.2315910824587054
181 0.2291138278176837
182 0.2272351890919226
183 0.2232176036060436
184 0.220386585963146
185 0.2175192980739467
186 0.2145404539635217
187 0.2119607682192624
188 0.2092841040559467
189 0.2053239065879997
190 0.2022182667250634
191 0.1991666744575384
192 0.1953061366542974
193 0.1916754512433164
194 0.1876350739265844
195 0.1832846340505749
196 0.178664940326987
197 0.1739098779492713
198 0.1697477257453013
199 0.1648485154598675
200 0.1600109360172942
201 0.1554948692736056
202 0.1508008068736587
203 0.1466514569500992
204 0.1419578873357601
205 0.1373577211393156
206 0.1333497116874333
207 0.1293368684777175
208 0.1248355038703919
209 0.1216869093968752
210 0.1182520884488887
211 0.1162197014883304
212 0.1131328941546089
213 0.1096816044287682
214 0.1066923254911488
215 0.1033091839177627
216 0.1001809135065164
217 0.09786874298516608
218 0.09540303689430686
219 0.09520359452625285
220 0.09217874159766271
221 0.0898304172968811
222 0.09076967957662548
223 0.08669764029664243
224 0.08460910696544845
225 0.08464669411158612
226 0.07932931516333025
227 0.07986018520447348
228 0.07425325856771837
229 0.0760557086192542
230 0.07417311538830848
231 0.07333309797027236
232 0.07183654364078325
233 0.06984754199173414
234 0.0692873654057832
235 0.06717197251103352
236 0.06760399814725924
237 0.06633404109085347
238 0.06673037404127444
239 0.0686787121331769
240 0.06409691844681129
241 0.06881683929181458
242 0.06352796301254697
243 0.06075630015438713
244 0.06814113212489195
245 0.064425842580176
246 0.06665058016819299
247 0.06218975618888574
248 0.0641528171529322
249 0.06528365218912743
250 0.06434665833427625
251 0.06357983540452175
252 0.06293478215109943
253 0.0644390214815788
254 0.06509336134120909
255 0.06524927192774599
256 0.06390354593972711
257 0.06401943623441371
258 0.06719662111925989
259 0.0662264335459582
260 0.06795946799210698
261 0.06384786000003431
262 0.06866343777807607
263 0.06657419986985279
264 0.07052585515664479
265 0.06651281751724787
266 0.07168973866537737
267 0.06913215081606704
268 0.07319991837507037
269 0.07339047640589333
270 0.07421462613265756
271 0.07509679754235138
272 0.07608184503239095
273 0.07645398869129949
274 0.07683426317925458
275 0.07811889975530069
276 0.079653784747896
277 0.08133740957477667
278 0.08249959227618445
279 0.08499036282764658
280 0.08795843531322034
281 0.08733498354725175
282 0.09208474427909953
283 0.09266209918869861
284 0.09527934179617414
285 0.1003849561431217
286 0.10059641514179
287 0.1050859046147298
288 0.1061668119523618
289 0.1074296146231167
290 0.1103223559403794
291 0.1103528499269089
292 0.1114319675946626
293 0.1124337873335903
294 0.1133650578186013
295 0.1143219850743334
296 0.1151117164612026
297 0.1164794888281476
298 0.1178853718029891
299 0.1185569817199549
300 0.1198113058144937
301 0.1209476724685191
302 0.1215785796299896
303 0.1224974126524375
304 0.1220913667456678
305 0.1233649294089311
306 0.124406024222522
307 0.1253660496910914
308 0.1255777534375956
309 0.1257804790095017
310 0.1253917185915724
311 0.1246085237656998
312 0.1243142156462417
313 0.1237619046019797
314 0.1218373961531586
315 0.1215762891503646
316 0.1207565499832035
317 0.1199366350942256
318 0.1189681817047866
319 0.1179666975018897
320 0.11702838356421
321 0.116550604218588
322 0.1161939773264352
323 0.1159874617450137
324 0.115642553435273
325 0.1152675419491529
326 0.114627392421966
327 0.1139656817945595
328 0.1133114287712162
329 0.1122503903910733
330 0.1116439530630915
331 0.110950195564698
332 0.1103146940919143
333 0.1091017789057788
334 0.107909473041966
335 0.1070527189130849
336 0.1064750681164212
337 0.1055777296708215
338 0.1052023265139549
339 0.1048457661320358
340 0.10462165850881
341 0.1048814437894065
342 0.105314223971378
343 0.1058721590653617
344 0.1063430000275533
345 0.1074544273230338
346 0.1082942311741027
347 0.1089616315520311
348 0.1100321960018189
349 0.1093028959702031
350 0.1106739536254621
351 0.1096133551650828
352 0.1106272307429268
353 0.1102483535025502
354 0.1094678633869396
355 0.1083712936409445
356 0.1077351524457875
357 0.1069070928254229
358 0.1065272563880766
359 0.1066522274364306
360 0.1070038197643228
361 0.1073403382278392
362 0.1072357332956519
363 0.1059218176405297
364 0.1071182057866566
365 0.1082525090869725
366 0.1077958740347621
367 0.1068245798858697
368 0.1065941118721286
369 0.1052900643620207
370 0.1020883852803663
371 0.1026404781179596
372 0.1023996550183849
373 0.1013904477818766
374 0.1004327124922331
375 0.09728160232375443
376 0.09853621406104562
377 0.09722848796961106
378 0.09851176038754024
379 0.0978555212260276
380 0.09730915746580004
381 0.09692580388449576
382 0.09665919930728221
383 0.096406116049556
384 0.09559363208031624
385 0.09531111073168638
386 0.09757839522624723
387 0.09529798500590278
388 0.09667255622520542
389 0.09373752716539566
390 0.09565768453213835
391 0.09336954857118052
392 0.09510180238692424
393 0.09483148058813325
394 0.09414086219708939
395 0.0936360662412378
396 0.09323880935483589
397 0.09164494925495391
398 0.09398183927775433
399 0.09476794316551151
400 0.09461006982031474
401 0.09431446812374931
402 0.09367550328657803
403 0.09291457273597102
404 0.09332931754670819
405 0.09302545762577892
406 0.09179034517306367
407 0.08872575835502654
408 0.09051953488707629
409 0.09080712765421167
410 0.09015642263800894
411 0.08825228095738036
412 0.08982922053340131
413 0.08936179455658504
414 0.08881575668825176
415 0.08582872403885856
416 0.08734606469723716
417 0.08624696177907749
418 0.08580280330171962
419 0.08427467672661879
420 0.08257196545825055
421 0.08112604046612464
422 0.08259789169156191
423 0.08094671150695716
424 0.08173321413157866
425 0.08087250560781117
426 0.0801217563496968
427 0.08253510311232717
428 0.08068322281676478
429 0.08064853336202234
430 0.08030647405746449
431 0.08040926884248428
432 0.08116132639349757
433 0.08184385860015633
434 0.07999253362662498
435 0.08077477891955119
436 0.07960621374139371
437 0.07991141728696453
438 0.07976894225570443
439 0.07963891580596415
440 0.08067852539229786
441 0.0808635020916231
442 0.07995979765903849
443 0.08034722962548221
444 0.0794207586240965
445 0.07957164064394714
446 0.08016795771805563
447 0.08122526911901837
448 0.08105140280628459
449 0.08072413385535783
450 0.08093033808924867
451 0.07991708376884039
452 0.08030830773539338
453 0.08070432412095654
454 0.08023546497167602
455 0.08060139688345502
456 0.08017498474927989
457 0.08002347156732059
458 0.08169295914630126
459 0.08203082676497926
460 0.08180233150788226
461 0.08233252615114367
462 0.08216272386256265
463 0.08125143830424278
464 0.08021027159622668
465 0.08144098930932635
466 0.08142418551212645
467 0.08199175124840899
468 0.08192990361647443
469 0.08203178989723708
470 0.0828011036633573
471 0.08344898199976387
472 0.08379475741376162
473 0.08537413156480317
474 0.08574275275454217
475 0.08538414682273772
476 0.08616422228952142
477 0.08673673811431198
478 0.08629596803805853
479 0.08764200763846156
480 0.08818937944387312
481 0.0880734736876647
482 0.08781287673460529
483 0.08840764338121583
484 0.08784269536535597
485 0.08759248637846712
486 0.08758685678141612
487 0.08696403636455893
488 0.08561662648881814
489 0.085498219884103
490 0.08602125408009281
491 0.0865963500327474
492 0.08828623751230838
493 0.08832398602937391
494 0.08785584744844728
495 0.08753530459417597
496 0.08819788719767768
497 0.08798057219076943
498 0.08833839954805724
499 0.0906360365511366
500 0.09038070738613947
501 0.09051701687243291
502 0.08923125407898001
503 0.08874632151809179
504 0.08904518241290432
505 0.08895158227932523
506 0.08948630342724102
507 0.09008695658255644
508 0.09119865304983639
509 0.09165809678770021
510 0.09158185531580837
511 0.0918408665876087
512 0.09174268959075169
513 0.09196502600645882
514 0.09218422072149468
515 0.09207174850615314
516 0.0925359293062059
517 0.09361580760116531
518 0.09393164944009731
519 0.09428922719066887
520 0.094832425139109
521 0.09514190973581729
522 0.09539522108852685
523 0.09525827979490961
524 0.09521798329153044
525 0.09527658212021856
526 0.09480302606875515
527 0.09414892601490826
528 0.09352694720652877
529 0.09314750956012827
530 0.09382876485548025
531 0.09443870675189045
532 0.09422336649439977
533 0.09531640008613904
534 0.09476903801824413
535 0.09471580471256669
536 0.09404284831182472
537 0.09414350531664396
538 0.09515483319907932
539 0.09575516678755781
540 0.09571163394528667
541 0.09546265986208791
542 0.09478678991999433
543 0.09482357572029942
544 0.09542961282748229
545 0.09533393465437898
546 0.09532366827464522
547 0.09583012000319499
548 0.09508947242177969
549 0.0960862846276884
550 0.09603870508056733
551 0.09599613524471777
552 0.09575267436084471
553 0.09596195102052488
554 0.09626510968863276
555 0.09659782809285825
556 0.09523071599928409
557 0.09696159011576637
558 0.09593114233347957
559 0.0972284718580874
560 0.0961322694029805
561 0.09667653687266058
562 0.09530838220832605
563 0.09540117620656249
564 0.09710194288184924
565 0.0964714738679449
566 0.09559147526077509
567 0.09481564770886639
568 0.09463303915596728
569 0.09434858771136111
570 0.09428666718406077
571 0.09416833685055034
572 0.09422926624093481
573 0.09429413510785216
574 0.09369020826380071
575 0.09324739652608177
576 0.09338247466929817
577 0.09257398283929275
578 0.09210942625811185
579 0.09194443743794066
580 0.09205248741443454
581 0.09253642884975075
582 0.09243473407925254
583 0.09252978836833022
584 0.09247706833686734
585 0.09321248634921528
586 0.09335561781834023
587 0.09357417791866844
588 0.09345036068688996
589 0.09390840625398994
590 0.09356834650463038
591 0.09376437130859359
592 0.09407566361404897
593 0.0940131373930317
594 0.0939860972193709
595 0.09471617520560069
596 0.09509906035796213
597 0.09466589357295391
598 0.09483425851880435
599 0.09523895616553588
600 0.09535957504136774
601 0.09532012906126347
602 0.09577342545445341
603 0.09622459636441849
604 0.09689728983374396
605 0.09624598077627211
606 0.09607169202707137
607 0.09614257133985939
608 0.09578048425927246
609 0.09533966600864544
610 0.09518113770183161
611 0.09584037948965088
612 0.09610748826145203
613 0.0963460475985876
614 0.09644836106715925
615 0.09600568620033036
616 0.09634914233776562
617 0.09564495400956134
618 0.09550146193323024
619 0.09556316928102408
620 0.09572486183581094
621 0.09668644362586044
622 0.09654071244125856
623 0.09653395016845318
624 0.09680157266193286
625 0.09710444123430828
626 0.09708099643934082
627 0.09694246423865227
628 0.09839533732695986
629 0.09843723007047687
630 0.09824239940438825
631 0.09944898071869694
632 0.09790061492027448
633 0.09854215141545479
634 0.0979938465992377
635 0.09922758074909539
636 0.09908985629803257
637 0.09944312015878315
638 0.09951591941670834
639 0.1003432957596257
640 0.09917646411267263
641 0.09875590652966776
642 0.09973990270156036
643 0.1000718145100863
644 0.1007377610961609
645 0.1006295289357223
646 0.1004166438130537
647 0.09988728900295828
648 0.09976270088183341
649 0.1008222096664118
650 0.0988622624369867
651 0.0998256489267554
652 0.09911835549533221
653 0.0980079122360399
654 0.09784253048499104
655 0.09900871955937987
656 0.09857927361166438
657 0.09923284090702104
658 0.09865672768293469
659 0.09807714000083334
660 0.09851083630525899
661 0.09929782347740283
662 0.100150200558793
663 0.1013709558177468
664 0.1000380164632647
665 0.1008877216909509
666 0.1009260767096995
667 0.1021960243416423
668 0.1019089423413514
669 0.1012168966853984
670 0.1014233866477568
671 0.1025886250353398
672 0.1020765487914395
673 0.1014472062905713
674 0.1007344890316819
675 0.1011874416835471
676 0.1016370563114492
677 0.1004845269915844
678 0.1003189691203688
679 0.1003674746154155
680 0.1002100313714556
681 0.1008432912891406
682 0.1012365599785531
683 0.1012590227816794
684 0.1009892178193688
685 0.09983397472350175
686 0.09911473598404268
687 0.09925282768163152
688 0.1006422437030107
689 0.1018597118536285
690 0.1033511126039346
691 0.1038258600360055
692 0.1037910091239691
693 0.1023448104519927
694 0.100203080008283
695 0.1004771147159242
696 0.1020577404985171
697 0.1019306964495809
698 0.1025446677298377
699 0.1040150236604063
700 0.1049761030770755
701 0.1058064900122802
702 0.1067557426305068
703 0.1077770591924669
704 0.1066755810545364
705 0.1058021523710017
706 0.104379639204372
707 0.1026978056725294
708 0.1027019252015665
709 0.1035831208041205
710 0.1031908939276505
711 0.102274075248599
712 0.1024600510661414
713 0.1032282384595011
714 0.1024393593800048
715 0.104056940078805
716 0.103541469666463
717 0.103198643286012
718 0.1034771969829239
719 0.1021130811322264
720 0.1017172341445024
721 0.1027751001963828
722 0.1031619869281905
723 0.1036581589416279
724 0.1038522717446048
725 0.1044438573008668
726 0.1054236555030637
727 0.1060867803578955
728 0.1075596797602092
729 0.1075838865445052
730 0.1072255854951476
731 0.1067962257400017
732 0.1067501727194936
733 0.1055027857805947
734 0.1042304968683248
735 0.1045606118307631
736 0.1049662716751385
737 0.1063049774609527
738 0.1072965913095604
739 0.1068200393713953
740 0.1049964976888122
741 0.103909993267527
742 0.1044515844963261
743 0.1040900237679197
744 0.1050562075700739
745 0.1046965756694118
746 0.1040906902934487
747 0.1034081516393837
748 0.1029375557513877
749 0.1029685936623505
750 0.103402235553268
751 0.1041183153800987
752 0.1053520274697393
753 0.1072111576983852
754 0.1065681853484239
755 0.1070786505240441
756 0.1061580307774777
757 0.1055129429060412
758 0.1048829056158839
759 0.1050033888809603
760 0.1052187689560246
761 0.1055123502248947
762 0.1069689518266569
763 0.1080653784419317
764 0.109367763832998
765 0.1099818812446414
766 0.1106198383191415
767 0.1088730891183205
768 0.1068725885732258
769 0.1048689692073012
770 0.1050085101400817
771 0.1049872354537175
772 0.1053153566078205
773 0.1064974543921219
774 0.1060734621226388
775 0.1059116980065102
776 0.1066345369249062
777 0.1072577001121595
778 0.1064895199575704
779 0.1065934101652867
780 0.1067258641235611
781 0.1062864114433241
782 0.1063176232529701
783 0.1058520610577073
784 0.1061266415092774
785 0.1063074250544407
786 0.1061071638688411
787 0.1075166623402587
788 0.1083287936120342
789 0.1094887844161321
790 0.110009528357175
791 0.1090443740838153
792 0.1074581975924297
793 0.107502697588243
794 0.1077482801005207
795 0.1085674832476569
796 0.1094626455677001
797 0.1096276198212738
798 0.1091213467071183
799 0.1087165112945242
800 0.1087126118673094
801 0.1089904889508618
802 0.1090440317874605
803 0.1089780258136256
804 0.1093992750255346
805 0.1090955516997563
806 0.1082179623968447
807 0.1074638131208247
808 0.1064912595802538
809 0.1068075248278564
810 0.1073159756787646
811 0.1089867701303312
812 0.1095396978804428
813 0.1095879551756579
814 0.1086480214579048
815 0.1089605274791983
816 0.1096777169075064
817 0.1104323199165443
818 0.1099676097192666
819 0.1085237783945233
820 0.1079184756316416
821 0.1075497732562507
822 0.1092798062224914
823 0.1100181300355829
824 0.1101000005584946
825 0.1103931765268052
826 0.1112061822443889
827 0.1126843862379093
828 0.1132812571475201
829 0.1125208885088442
830 0.1120062244164299
831 0.1110355219989263
832 0.1097119314918695
833 0.1111792019289328
834 0.1118548645863141
835 0.1118609696879976
836 0.1103778925787996
837 0.1104700438340563
838 0.1107478313116431
839 0.1113609479722748
840 0.1101942575486762
841 0.1102289251947789
842 0.1103124999077678
843 0.1104562648269207
844 0.1096734892303624
845 0.1083026618956844
846 0.1087144329479775
847 0.1094590399001488
848 0.1107324266538323
849 0.1118318526544896
850 0.1119174236534424
851 0.1118225320502378
852 0.1125931358043743
853 0.1123718917523005
854 0.1131804326589176
855 0.1130302081373913
856 0.1127612037479621
857 0.112940055326066
858 0.1122720568148595
859 0.112221094374355
860 0.1115827894411973
861 0.1121341053521912
862 0.1131687938913788
863 0.1148146225680193
864 0.1162572141873647
865 0.1158134824679238
866 0.1145923245983093
867 0.1128636970751776
868 0.1122769705851385
869 0.1122237204437206
870 0.1122263182224816
871 0.1132236280793104
872 0.1126459180394693
873 0.1120332001044033
874 0.1111018784158308
875 0.1121099526008122
876 0.1129599994052988
877 0.1130181071491309
878 0.1115725084577171
879 0.1116200729800058
880 0.112153238830458
881 0.1138649189661411
882 0.1142295262830683
883 0.1138768421981425
884 0.1138135067143122
885 0.1140147296733716
886 0.114884082890796
887 0.1140364303377473
888 0.1118225268009218
889 0.1114049413744957
890 0.111960422736378
891 0.1114325780447584
892 0.1127662420183993
893 0.1145597710656893
894 0.1152853533315225
895 0.1160805267650529
896 0.1163099883302936
897 0.1166316995188663
898 0.1165266188652291
899 0.1154017401140709
900 0.1153801528780078
901 0.1148897277151239
902 0.1140895883730092
903 0.1134518799762924
904 0.1129490652107608
905 0.1125273534649348
906 0.1140226452877181
907 0.1156153016225615
908 0.1170212469856994
909 0.1151927837651232
910 0.1155950988605503
911 0.1144194135462463
912 0.1143794578698996
913 0.1153319245996732
914 0.1142674429406771
915 0.1133723463107362
916 0.1129447600409644
917 0.1128303954663251
918 0.1130652536827087
919 0.1149905185844007
920 0.1165730410509655
921 0.1163139054630999
922 0.1174112770634567
923 0.1173136376454003
924 0.1167775510625426
925 0.1160769911591728
926 0.1158180855277833
927 0.1148647780606999
928 0.1136863116689419
929 0.1136506663141201
930 0.1145168650718927
931 0.1150877894221136
932 0.1154027822043644
933 0.1159147395713223
934 0.1150883296076061
935 0.1172998538531392
936 0.1177771879733828
937 0.1189302374446137
938 0.1191593421953726
939 0.1164130838435692
940 0.1143038880935237
941 0.1136734605534905
942 0.1139771605471122
943 0.1135988466572063
944 0.1126922115895856
945 0.1141631401078649
946 0.115088459993436
947 0.1155129723679791
948 0.1171431037366122
949 0.1175307876671877
950 0.116639757934302
951 0.1149526257899235
952 0.1139062567048628
953 0.1131689283960711
954 0.1132457780055548
955 0.1142871410019465
956 0.1147043752588027
957 0.1136809915746842
958 0.1143231374508304
959 0.1154773769565695
960 0.1161350040157309
961 0.1170085180731651
962 0.1163574711155938
963 0.1162786875895874
964 0.1166118350222402
965 0.1155581464366243
966 0.1147696811769535
967 0.1150919264167785
968 0.1145191723766935
969 0.1135256362617181
970 0.1140389735485757
971 0.1140857062049627
972 0.1169693029827052
973 0.1183531321285548
974 0.1192665183536737
975 0.118759456330811
976 0.117929387177887
977 0.1158480122536752
978 0.1139458800209042
979 0.1122886273801329
980 0.1123239300941439
981 0.113639779627426
982 0.1145431731756705
983 0.1139185875564887
984 0.1155201891078994
985 0.1173786621004719
986 0.1183220733264856
987 0.1175331589972098
988 0.1157200557579448
989 0.1158243338509117
990 0.1157042375204491
991 0.1143616178765737
992 0.114043742960611
993 0.1147249791670574
994 0.114355734742356
995 0.1146004461643032
996 0.1165225450915085
997 0.1171835179303339
998 0.1175684802572431
999 0.1180331473055962
1000 0.1180286590625647
1001 0.1164043424867157
1002 0.114327414055593
1003 0.1146257720591335
1004 0.1145330736200711
1005 0.1144870032229479
1006 0.1149502041904628
1007 0.116203311687859
1008 0.1174504016586483
1009 0.1189023580011111
1010 0.1179665610109811
1011 0.1179365631885142
1012 0.117167090556326
1013 0.1158794938946163
1014 0.1147171709447813
1015 0.1133346679295452
1016 0.111306678488226
1017 0.113321874076537
1018 0.1139503253707961
1019 0.115463183786609
1020 0.1179075023661734
1021 0.1176462830306975
1022 0.1175942892972055
1023 0.1169296143075715
1024 0.1149477308622582
1025 0.1134680518313131
1026 0.1148719426677191
1027 0.1155369505528099
1028 0.1167890020939465
1029 0.1167988069385032
1030 0.1171602761828443
1031 0.116329368280058
1032 0.116798635818383
1033 0.1158675538038347
1034 0.1150018147670369
1035 0.1148140247364239
1036 0.1153898114688704
1037 0.1168150441278726
1038 0.1165174305110145
1039 0.1167197061719327
1040 0.116847325211357
1041 0.1161636621994144
1042 0.1160066154376863
1043 0.1151117697312169
1044 0.1155017641895556
1045 0.1153979461970378
1046 0.1167302065987548
1047 0.1162202656176444
1048 0.1151261257107203
1049 0.1148820498194957
1050 0.115861428611047
1051 0.1162575715554451
1052 0.1157969663338206
1053 0.1153756835067372
1054 0.1140248960389196
1055 0.1138342541338492
1056 0.1150306524018754
1057 0.1151194658617814
1058 0.1153475893440807
1059 0.1167008369757769
1060 0.1170021890848285
1061 0.1172892566411172
1062 0.1169117260353533
1063 0.1176066880925999
1064 0.1171867400661648
1065 0.1165742415064984
1066 0.1148680158665686
1067 0.1136044939420118
1068 0.1136978283394283
1069 0.1161597759127797
1070 0.1181494739243494
1071 0.1185480171540425
1072 0.1181704953889313
1073 0.1175211892925008
1074 0.1182741040390758
1075 0.1189641900957362
1076 0.1170432482487003
1077 0.1153953828704257
1078 0.1140595671969298
1079 0.1131786214524037
1080 0.1151344474164926
1081 0.1172093956615105
1082 0.1174484366935654
1083 0.116895874203062
1084 0.1164585362552907
1085 0.1160548281143573
1086 0.1155755495606602
1087 0.114899329924513
1088 0.1155837368151291
1089 0.1150673999496425
1090 0.1151347606164626
1091 0.1157950984388369
1092 0.1165622345269394
1093 0.118940549061388
1094 0.1174575799858145
1095 0.116010471845164
1096 0.1154860075610489
1097 0.1163699292044076
1098 0.1156114848754704
1099 0.1158616832143417
1100 0.1162736943354117
1101 0.1173880427662699
1102 0.1182792987163574
1103 0.1181604759215849
1104 0.1166424032445041
1105 0.1163751422848543
1106 0.1158746926963468
1107 0.1164102733693713
1108 0.1155529399385233
1109 0.1144294527873334
1110 0.1144705129214083
1111 0.1141684917747469
1112 0.1155287696102894
1113 0.117843001776002
1114 0.1189896130110694
1115 0.1182440510438315
1116 0.1174537324124952
1117 0.1160310487134946
1118 0.1152890078632888
1119 0.1147091104046204
1120 0.1142693941167781
1121 0.1144480329000588
1122 0.1140631486864645
1123 0.1141291483128245
1124 0.1139973198172697
1125 0.1168435065034283
1126 0.1186462941663744
1127 0.1172161974245516
1128 0.1157382224909298
1129 0.1153473535224169
1130 0.1147553205726523
1131 0.1147863633708049
1132 0.1147771445025176
1133 0.1153775614179784
1134 0.1155995563582311
1135 0.1158641955176095
1136 0.1173096744888937
1137 0.1177050694242225
1138 0.1171923277892019
1139 0.1161666569565363
1140 0.1150410438685443
1141 0.1139936205811619
1142 0.113301445710182
1143 0.113205713173151
1144 0.113817500320766
1145 0.114943773080574
1146 0.1150186610458563
1147 0.1160178982183628
1148 0.1161564186462741
1149 0.1176941283982547
1150 0.1178349682454153
1151 0.1155887729697853
1152 0.1127308191426823
1153 0.1120327201652204
1154 0.1123424366034818
1155 0.1119261928047228
1156 0.113922851535811
1157 0.1153879601088678
1158 0.116181017399081
1159 0.1153824487821634
1160 0.1154471273459975
1161 0.115702507435884
1162 0.1148269161808325
1163 0.11411483297232
1164 0.1139191099288565
1165 0.1135926549260897
1166 0.1149735118982908
1167 0.1154381447099128
1168 0.1158068104607423
1169 0.1177076396937452
1170 0.1172852340199756
1171 0.1175410883866721
1172 0.1163037908155816
1173 0.1150760080034361
1174 0.1134948972735764
1175 0.1134208464031322
1176 0.1136488402946368
1177 0.1155165266310176
1178 0.1167668843490963
1179 0.116143320378502
1180 0.1154427913824188
1181 0.1151890942403687
1182 0.1144071627615388
1183 0.1155179145792869
1184 0.1160899166008139
1185 0.1157115365866255
1186 0.1141551124806225
1187 0.1144126477144356
1188 0.1144349117611069
1189 0.1156473920456581
1190 0.1156921563212064
1191 0.1153509561742958
1192 0.1147912254447878
1193 0.1138532456729047
1194 0.1134593354680586
1195 0.115655395938299
1196 0.1164833468886215
1197 0.1163005328160828
1198 0.1161322844455662
1199 0.1149893523728573
1200 0.1145126311176695
1201 0.1149210872274279
1202 0.1147774948772118
1203 0.1142809835301598
1204 0.1150133350212969
1205 0.1153794788585854
1206 0.1142789014082099
1207 0.1149008332815389
1208 0.1165954612392457
1209 0.1171465942145337
1210 0.1168314076355243
1211 0.1166903992531359
1212 0.1165601975779469
1213 0.1155951504406677
1214 0.1142766131272162
1215 0.1139758627352167
1216 0.1147987181831095
1217 0.1151204428793365
1218 0.1150943408875441
1219 0.1152100676468793
1220 0.11487342100116
1221 0.1145252359670625
1222 0.1145512239585891
1223 0.1152033246263857
1224 0.1163095378460868
1225 0.1154719548349713
1226 0.1143776091746915
1227 0.1134404324382844
1228 0.1141493532455428
1229 0.1157671202884155
1230 0.1167621330016448
1231 0.1170070624613283
1232 0.1169311095705362
1233 0.1166846678806169
1234 0.1174149570521084
1235 0.1156556884078419
1236 0.1149199909518752
1237 0.114463384113557
1238 0.1140644016036982
1239 0.1121354910828923
1240 0.1138992306280552
1241 0.1154989159310249
1242 0.115954047985005
1243 0.1170878041342015
1244 0.1158564465697743
1245 0.1155094622161811
1246 0.1145598629751437
1247 0.1142367701362252
1248 0.1144112336359841
1249 0.1145382154246555
1250 0.1145507907000142
1251 0.1143088793308034
1252 0.1153367245375896
1253 0.1153802793539617
1254 0.1155817430865649
1255 0.1153355173550999
1256 0.1157702425140851
1257 0.1148287433386766
1258 0.1135939077564202
1259 0.1135485115606743
1260 0.1138604422824596
1261 0.1148801109832361
1262 0.1146945207393168
1263 0.1157849557469562
1264 0.116651561250209
1265 0.1149769876857299
1266 0.1150494301763966
1267 0.1143319854410502
1268 0.1143288667076292
1269 0.1134086665546572
1270 0.1150603100277146
1271 0.1151897080264907
1272 0.1153347617899999
1273 0.1154484271699382
1274 0.1141011867664967
1275 0.1143937838793002
1276 0.1161356671237002
1277 0.116721184630415
1278 0.116034831316773
1279 0.1149495037409527
1280 0.1139038095117103
1281 0.1146950670507844
1282 0.1146560198993045
1283 0.1143034773993385
1284 0.1129363484309065
1285 0.1137747057728685
1286 0.1140256051927128
1287 0.1150146793068911
1288 0.1143709736064231
1289 0.1159010053052861
1290 0.1161068974388809
1291 0.1149992418881912
1292 0.1145989252955617
1293 0.1150113827505397
1294 0.1151279161240001
1295 0.115278328373296
1296 0.1145444677116721
1297 0.1140214979422795
1298 0.1142386810051581
1299 0.1152411614187848
1300 0.1149878385452253
1301 0.1151212781754508
1302 0.1144848446410105
1303 0.1151256919740958
1304 0.1146443505006826
1305 0.1136106061892518
1306 0.1131714210646982
1307 0.1142847866319313
1308 0.1135705759474067
1309 0.1141290323436997
1310 0.1151814340787101
1311 0.1163075364583514
1312 0.11680427017585
1313 0.1162267935604291
1314 0.115412419778173
1315 0.1147823787961166
1316 0.1148766190947012
1317 0.1133849044725723
1318 0.1123963701714284
1319 0.1116975221004057
1320 0.1127087706685636
1321 0.1140094758586261
1322 0.1164831137083276
1323 0.1166496790293786
1324 0.1159578223749553
1325 0.1153885261639033
1326 0.1141129722423233
1327 0.1137883749366926
1328 0.1141651454916123
1329 0.1138649314645373
1330 0.1138888265983976
1331 0.1153918415440454
1332 0.1153947781799342
1333 0.1153657151858027
1334 0.1159902429431664
1335 0.1161728056848027
1336 0.116104545651417
1337 0.1152308895615431
1338 0.1134992264787305
1339 0.1128215327326575
1340 0.1120728746828665
1341 0.1111475225424017
1342 0.1118326113908641
1343 0.1141227617453669
1344 0.1151239757031975
1345 0.1159273008608611
1346 0.115857313655558
1347 0.1153806003254493
1348 0.1144830895874282
1349 0.1138226145060774
1350 0.1136087268945446
1351 0.1139727029835745
1352 0.1127404817284567
1353 0.1131234213172997
1354 0.1140355494141451
1355 0.1147278734351121
1356 0.1152161910302861
1357 0.114186611213725
1358 0.1134658952935737
1359 0.1123815649378021
1360 0.1115530522726009
1361 0.1110376717721402
1362 0.1113424355169597
1363 0.1114906745240534
1364 0.1124051753187786
1365 0.1134211533088868
1366 0.1147378855709366
1367 0.114269525589687
1368 0.1135462772705498
1369 0.1126860004889329
1370 0.1110335432549658
1371 0.1105173720488433
1372 0.1095464676183646
1373 0.1085518027373778
1374 0.1087524779311068
1375 0.1094605620578073
1376 0.1111225600088391
1377 0.1123121186018856
1378 0.1115443941964883
1379 0.1117117909235928
1380 0.1116792889006024
1381 0.110448441939278
1382 0.1101530083433277
1383 0.1105061983456769
1384 0.1102947791627434
1385 0.111003887817235
1386 0.1118458650578124
1387 0.1108060276801001
1388 0.1119945323774085
1389 0.1129049794774287
1390 0.1128287659587321
1391 0.1126784387614671
1392 0.1105900006865869
1393 0.1102446582170556
1394 0.1106046541813465
1395 0.1101230566635697
1396 0.1109733193235209
1397 0.1119976718938546
1398 0.1127107207492136
1399 0.1122527983014027
1400 0.1130959195344379
1401 0.1122310630948655
1402 0.1105668812135403
1403 0.1103512183886032
1404 0.1099189575065734
1405 0.1092241060932197
1406 0.1110160867571797
1407 0.1126531249303742
1408 0.1139160472967508
1409 0.1123098878967859
1410 0.1110628740863253
1411 0.1101342296459796
1412 0.1089684992859371
1413 0.1079846150321748
1414 0.1079810301703535
1415 0.1091435494856864
1416 0.1110136318726394
1417 0.1113347951507223
1418 0.1105847494253797
1419 0.1113182205142298
1420 0.1112780542209542
1421 0.1101485984291739
1422 0.1100252036405752
1423 0.1091661371973482
1424 0.1084954905161964
1425 0.1073389774823905
1426 0.1063438393391332
1427 0.1072683427538721
1428 0.1085131098433752
1429 0.1086685001106309
1430 0.1115199672918819
1431 0.1120900940538144
1432 0.1122867652070235
1433 0.1121691710186828
1434 0.1116990000358164
1435 0.1101255594511595
1436 0.1086447332269524
1437 0.1070387800749386
1438 0.1066239266777215
1439 0.1061700108270365
1440 0.1077964977357352
1441 0.109589775499798
1442 0.110704975974667
1443 0.1112853878411034
1444 0.1112604217756885
1445 0.1112745764742062
1446 0.1101073286203796
1447 0.1103290857642999
1448 0.1098390191960607
1449 0.1077830283486246
1450 0.1085965330726748
1451 0.1093187686209057
1452 0.1091115779833671
1453 0.1093867112295139
1454 0.1085155084951213
1455 0.1081294768875292
1456 0.1097356478434033
1457 0.1092811968233848
1458 0.1089124510691245
1459 0.1073029410645003
1460 0.1069329708779821
1461 0.1084541903970702
1462 0.1099375076211675
1463 0.1099563207069242
1464 0.1091266459665447
1465 0.1077739110265571
1466 0.1077917165120905
1467 0.1092843518045442
1468 0.1113642604763372
1469 0.1108530260491456
1470 0.1088636794751537
1471 0.1069808890422671
1472 0.1056085790279473
1473 0.1048193296834015
1474 0.1051161586926874
1475 0.107623757579643
1476 0.1099637652459335
1477 0.1111059774089149
1478 0.109852157814634
1479 0.1090165023551652
1480 0.1092174014113702
1481 0.1086975202369284
1482 0.1074021579682248
1483 0.1055819735204554
1484 0.1051286011550791
1485 0.1062334618465377
1486 0.1068141985696947
1487 0.1061819349100454
1488 0.1075443624083764
1489 0.1089221659513496
1490 0.1101935661115087
1491 0.1095092589383816
1492 0.1085658737763207
1493 0.1083288429959985
1494 0.107361496481604
1495 0.108070075981911
1496 0.1091277681605148
1497 0.1079532732523879
1498 0.1062071949239093
1499 0.1062202263254294
1500 0.1067078702251968
1501 0.1065397831860172
1502 0.1062165692843687
1503 0.10655644597361
1504 0.1076130680325369
1505 0.1092367284479134
1506 0.1093230063684654
1507 0.1087208348152765
1508 0.1079811390911743
1509 0.1074274670149275
1510 0.1078794007598716
1511 0.107562306491731
1512 0.1071163994530141
1513 0.1065520110067838
1514 0.1064599022268553
1515 0.1081154140660402
1516 0.1089412810284345
1517 0.1080792581130376
1518 0.1079302304390412
1519 0.1083061635452668
1520 0.1083655046161617
1521 0.1082779453804461
1522 0.1083864762700758
1523 0.1092054678663427
1524 0.1094358540232911
1525 0.1094622929902313
1526 0.1081896510173462
1527 0.1073619759164802
1528 0.1068209234139167
1529 0.1066516655908728
1530 0.1061911578093699
1531 0.1056101118773621
1532 0.1061325340883856
1533 0.1091279626672632
1534 0.1109547827612821
1535 0.1111316896410307
1536 0.1114462486280322
1537 0.111845760955163
1538 0.1100880346589487
1539 0.1105450198363213
1540 0.1092542032788939
1541 0.1088700628124465
