"p_total_in-rfile"
"Iteration" "p_total_in"
("Iteration" "p_total_in")
1 0
2 0
3 0
4 0
5 0
6 0
7 0
8 0
9 0
10 0
11 0
12 0
13 0
14 0
15 0
16 0
17 0
18 0.6130099790106138
19 3.13499222693696
20 2.466468842640472
21 1.408684821514083
22 2.672528876067129
23 6.634573093746517
24 14.59533397329601
25 25.93673823744584
26 44.53393624886555
27 59.00764759589135
28 73.03893784780601
29 89.59251718299276
30 102.5187636994451
31 111.8549833713546
32 115.7421008487591
33 117.1109422230135
34 109.2817142384209
35 99.27490831730471
36 86.59639176008336
37 71.25222122130094
38 57.51685470333808
39 43.56556546603095
40 32.31259521607888
41 23.50710183009469
42 16.67278278994418
43 12.03003266658919
44 8.958460754179383
45 6.618506633255742
46 4.809434810886963
47 3.541172935091814
48 2.334876336911774
49 1.577569583780459
50 1.001999453565513
51 0.6654894660538426
52 0.4379877672119104
53 0.2764309150393453
54 0.1804802001324169
55 0.1025405983659608
56 0.07298205088585803
57 0.03820413109736665
58 0.03673465832385482
59 0.05055369432422962
60 0.07989172016924681
61 0.1063945203105237
62 0.1400226088469175
63 0.1655090521289367
64 0.1769664216381782
65 0.1791595903560463
66 0.1786949823422139
67 0.1786304450363941
68 0.1607520237779741
69 0.1604675800045025
70 0.155531053402295
71 0.1668429590864181
72 0.1832990882679598
73 0.1764668945064225
74 0.173115132660165
75 0.179793509504067
76 0.1824575961338221
77 0.1996099887406907
78 0.2115344066330061
79 0.2421634469264553
80 0.2497141928177622
81 0.2599175079199535
82 0.260348758825572
83 0.255020265566633
84 0.2486776245936653
85 0.2397378423663976
86 0.2273873617527917
87 0.2111064548144611
88 0.1967267833245513
89 0.1847990958595711
90 0.1761945568618767
91 0.1713889112843293
92 0.1670551209181651
93 0.1731677728598766
94 0.1878044020583698
95 0.204329991587432
96 0.2119994563378231
97 0.2137919799740402
98 0.2032684562428612
99 0.1858324656928165
100 0.1623802745899879
101 0.1364043428055311
102 0.1128152478533618
103 0.09252840413067316
104 0.07448843946025915
105 0.06089291536879945
106 0.04911946410924658
107 0.03928328882488078
108 0.03128529367292397
109 0.02590126773355724
110 0.0214750852628927
111 0.01831649103663115
112 0.01600969023619976
113 0.01409004463921186
114 0.01157238738774863
115 0.00952387004062373
116 0.007874569289058407
117 0.00690453040714199
118 0.006309420141444253
119 0.005402641773802759
120 0.004925204075069754
121 0.004593216806861467
122 0.004333131799226059
123 0.004223626089713459
124 0.004117071154710782
125 0.0040307559217498
126 0.003961006073629251
127 0.003983192525872098
128 0.004282868118068395
129 0.005150252984505972
130 0.006508685688443042
131 0.008154694879003613
132 0.01050823771816703
133 0.01262814367206397
134 0.01499384899643384
135 0.01670168655088292
136 0.02093980039941645
137 0.0251618922028737
138 0.03021767203860074
139 0.03505880184981158
140 0.03902812244798896
141 0.0423692986071978
142 0.04468501906263377
143 0.04631363042313911
144 0.04719092550653554
145 0.04726796960276122
146 0.04686052164698511
147 0.04604320124042655
148 0.04497979976875689
149 0.04356635174757906
150 0.0421223554159004
151 0.04070778168625755
152 0.03947686151146747
153 0.03844896594431393
154 0.03763882411376072
155 0.03689381234704341
156 0.03621982070395301
157 0.03532818748717596
158 0.03479500574618118
159 0.03451279323029567
160 0.03389433057291209
161 0.03356126411647926
162 0.03351445051115859
163 0.03354301691664916
164 0.03359024654733433
165 0.03380082988034449
166 0.03423219818851107
167 0.03458346695003364
168 0.0351174833983178
169 0.03609540546798196
170 0.03702571128859394
171 0.03808745596267644
172 0.03931230316094099
173 0.04033539595659993
174 0.04160961353323206
175 0.0429804689766167
176 0.04420714117501783
177 0.04555351652981166
178 0.04702468539929412
179 0.0480833039611776
180 0.04973473887229328
181 0.05111002349216982
182 0.05243487007357672
183 0.05379748823067459
184 0.05512163643525563
185 0.05627836154734957
186 0.05750119419916538
187 0.05844226101295609
188 0.05953039294177088
189 0.06065983229180071
190 0.06170543774392458
191 0.0625395050575706
192 0.06345379987135799
193 0.06431871667378121
194 0.06501001983332723
195 0.06569951990270821
196 0.06643334931299377
197 0.06709330792614973
198 0.06754683193062402
199 0.06801245155862798
200 0.0684075509612614
201 0.0687557190247942
202 0.06910380253349285
203 0.06933556599790726
204 0.06958849465882416
205 0.06981889352109001
206 0.07003145271974269
207 0.07024244115976042
208 0.07047123338443059
209 0.07066439679516519
210 0.07089380389930681
211 0.0710303945701594
212 0.07123520194783302
213 0.07145078451839672
214 0.07165554908666885
215 0.07187507451710549
216 0.07210890273999623
217 0.07233661469607187
218 0.07254107492897237
219 0.07270319691425017
220 0.07301533116825955
221 0.0732978603538345
222 0.07353819188034193
223 0.07398117659267225
224 0.07424660754867056
225 0.07454812954146968
226 0.07504698134435742
227 0.07531090550075518
228 0.07598990789887028
229 0.07630202385791554
230 0.07679796373442366
231 0.07725662171723659
232 0.07778540995602282
233 0.07826174554863737
234 0.07864972674836698
235 0.07912404756278667
236 0.07936719950157387
237 0.07986303726747984
238 0.08017137132036771
239 0.08045152301608539
240 0.08092968894761304
241 0.08090826554907549
242 0.0815634670518762
243 0.08169594573290576
244 0.08149189575124231
245 0.08181445721064956
246 0.08201304847533619
247 0.08241684469613642
248 0.0823726150677548
249 0.08250581998330629
250 0.08292295369136116
251 0.08327124292997197
252 0.0834610771657312
253 0.0836071522824723
254 0.08388727793860146
255 0.08434406039277373
256 0.08464390817532953
257 0.08487908627222707
258 0.0849942938915581
259 0.08535508048472246
260 0.08559523745429279
261 0.08626880811386023
262 0.08630113325125591
263 0.08680587038096149
264 0.08711977360002161
265 0.08779750927201582
266 0.08804317414213531
267 0.08866962210166961
268 0.088949528162113
269 0.08961310144404104
270 0.08993774203612555
271 0.0904663125815236
272 0.09108350644588831
273 0.09163171165064786
274 0.09230046171611088
275 0.09265448913407737
276 0.09305756340914344
277 0.0934117578300374
278 0.09446302864636531
279 0.0948301303369259
280 0.0953432183513781
281 0.09599988685670446
282 0.09629810848489989
283 0.09670361772054484
284 0.09695686755691114
285 0.09711573522569718
286 0.09739423462890245
287 0.09716312887475878
288 0.09734325804175568
289 0.09742554506928131
290 0.0975038074287112
291 0.09769893154824935
292 0.09756887973904532
293 0.09750354698517238
294 0.09746887635208801
295 0.09740850457642701
296 0.09708038611470174
297 0.09722968488300084
298 0.09690677942191347
299 0.0967180652592305
300 0.09680369679303062
301 0.09659585562585685
302 0.09617125188279951
303 0.0961434372811487
304 0.09600148987138603
305 0.09595968475734226
306 0.09554811405012836
307 0.09548535174504136
308 0.09570774357978501
309 0.09521221561393123
310 0.09512145101226635
311 0.09501405096466174
312 0.09498847773311601
313 0.09451110697874188
314 0.09460519291367775
315 0.09417381678441476
316 0.09424214384606958
317 0.09385770766048498
318 0.09380601045823449
319 0.09367666192320594
320 0.09356786366614464
321 0.09329751601765575
322 0.09315855358451727
323 0.09295841940339809
324 0.09275462016326091
325 0.09255155611141232
326 0.09234933480733754
327 0.09216579037745729
328 0.09195462799306557
329 0.09176154118952451
330 0.09162074222395236
331 0.09128012048141673
332 0.09098859965851923
333 0.09077684405097611
334 0.09050060540463642
335 0.09038316515765732
336 0.09005144851754406
337 0.08980088098614722
338 0.08950924945444179
339 0.08936698197539533
340 0.08902032063625813
341 0.08874744184283137
342 0.08861655854468056
343 0.08824355473238368
344 0.0880561095098093
345 0.08787069140377224
346 0.08765230325507328
347 0.08725350060946339
348 0.08713914602831399
349 0.08710903648863996
350 0.0867073876038065
351 0.0864465459106406
352 0.08607036285900424
353 0.08581456374607845
354 0.08568544583938052
355 0.08550105221832945
356 0.08532865023844323
357 0.08514777863866332
358 0.0852867623600916
359 0.08503253898141683
360 0.08468720338728396
361 0.08458476309359543
362 0.08450930137958498
363 0.08435914248729277
364 0.08433357364925571
365 0.08421456622520375
366 0.08414028580120354
367 0.08404149059792894
368 0.08394380274470623
369 0.08400480671754361
370 0.08386430955765309
371 0.08363103915578153
372 0.08347600121956662
373 0.0834440067476285
374 0.0831248436345125
375 0.08304651807135285
376 0.08289747543038124
377 0.08257304481622915
378 0.08225907893536066
379 0.08214581960612588
380 0.08168803960363276
381 0.08143513786277665
382 0.08119240576115783
383 0.08091559186998629
384 0.08072574394154151
385 0.08057315620315589
386 0.08004615217298593
387 0.07984203618851425
388 0.07942937713948357
389 0.07946787594870698
390 0.07901740695111531
391 0.0788130658044118
392 0.07854699322592107
393 0.0782921006769209
394 0.07816565890276168
395 0.0778340760858155
396 0.0775484400848082
397 0.0773934203915124
398 0.07703899521493085
399 0.07686526925255686
400 0.07663143769531197
401 0.07643835405179444
402 0.07618748803220923
403 0.07621576021955984
404 0.07591465586454284
405 0.07565170364109697
406 0.07539400269794673
407 0.07523815481147193
408 0.07488604908591202
409 0.07449342583698279
410 0.07418811183593205
411 0.07390859315234458
412 0.07363078295604067
413 0.07326832957885222
414 0.07293147824919424
415 0.07278427490068773
416 0.07238536720016038
417 0.07211388013655771
418 0.07177042528209186
419 0.07148031841172166
420 0.07121720485016293
421 0.07097578624591466
422 0.0705936074107915
423 0.0703125166582784
424 0.0699204573617407
425 0.06958151484180503
426 0.06893523431272949
427 0.06852321791396621
428 0.0681767194227382
429 0.06771205315177743
430 0.06687760507346059
431 0.06652536796200216
432 0.06606073552047062
433 0.06556859601058722
434 0.06526665926304714
435 0.06495022416224544
436 0.06473693155311978
437 0.06458259606554145
438 0.06432522010315701
439 0.06407961996489756
440 0.06388494892642355
441 0.06326877730990173
442 0.06311043346636264
443 0.06284756186386196
444 0.0626601936146829
445 0.06241607775998399
446 0.06221435376576432
447 0.06206923228124469
448 0.06149228740152352
449 0.06144629638844477
450 0.06117491859615982
451 0.06105823726940433
452 0.06095964269013175
453 0.06062837938301468
454 0.06029436134132006
455 0.06030930549488039
456 0.06001415045197084
457 0.05975895682600174
458 0.05975308964278087
459 0.05963629014363025
460 0.05952474081410971
461 0.05910749913697167
462 0.05929249274777299
463 0.05938885369997369
464 0.0593978501174526
465 0.0589285310321502
466 0.05908557107364874
467 0.05859025189495914
468 0.05880057281344032
469 0.05918608287500771
470 0.05866392883228726
471 0.05891702898475787
472 0.05846007039123851
473 0.05854698520035585
474 0.05817750178606627
475 0.05846840582803476
476 0.05854761466385923
477 0.05814742591969842
478 0.05801480497796118
479 0.05746137045987021
480 0.05787600908144245
481 0.05739678053259049
482 0.05746948175637484
483 0.05746169874500724
484 0.05714264511758061
485 0.05709911216564766
486 0.05740848478248717
487 0.05679771805113044
488 0.05712220030964799
489 0.05712711708725994
490 0.05741819198058624
491 0.05683632728329895
492 0.05686925796870353
493 0.05671114141823307
494 0.05648050733548196
495 0.05681282135541373
496 0.05655312186461404
497 0.05654130670920787
498 0.05694326241756494
499 0.05675588159964787
500 0.05664285940586054
501 0.05613346913357764
502 0.05622361768902516
503 0.05618118990442636
504 0.0561021080327329
505 0.05604296639975261
506 0.05608026515335791
507 0.05658482981210371
508 0.05616794350386993
509 0.05574773347237875
510 0.05612452601214402
511 0.05598219504723566
512 0.055924407089973
513 0.05606158326076661
514 0.05548666991548319
515 0.0555146513355027
516 0.05611663343385456
517 0.05524380229187645
518 0.05557048115483604
519 0.05535354777442184
520 0.05593954883877236
521 0.05557787666610006
522 0.055548389734641
523 0.05561318677214905
524 0.05546820832554934
525 0.05506044092783738
526 0.05564546849497073
527 0.05508198362164508
528 0.0550921914422387
529 0.05559163735233066
530 0.05533871887318008
531 0.05527660510377258
532 0.05581673370452621
533 0.05506408438270143
534 0.05576223035745384
535 0.05508126222946238
536 0.05532105394035502
537 0.05545027684588542
538 0.05487504492190941
539 0.0556906845943578
540 0.05538806900152011
541 0.05526416446851473
542 0.05504181140529939
543 0.05551314928603536
544 0.05489284573014318
545 0.05508956750493828
546 0.05491559237949469
547 0.05507544583871234
548 0.05504421902127218
549 0.0545772764543321
550 0.054487218656403
551 0.05475040817622177
552 0.05453993174147158
553 0.05455331251370782
554 0.05435961321091257
555 0.05443307109541896
556 0.05413418589154928
557 0.0538880966221658
558 0.05390858566766904
559 0.05388778956569508
560 0.05358385677217504
561 0.05321025436061556
562 0.05341234827801598
563 0.05341932695934581
564 0.05326163350509064
565 0.05289404749747603
566 0.05291504095033922
567 0.05244713534178353
568 0.0521719314719685
569 0.05222342023915683
570 0.05216733211609026
571 0.05200490707555395
572 0.05203271305705328
573 0.05167860670962758
574 0.05166712442056173
575 0.051142187666413
576 0.05094627761947181
577 0.05108588265840699
578 0.05072736744266558
579 0.05069914031071966
580 0.05045173406783671
581 0.05030350880926725
582 0.04986030489423372
583 0.0500377848822558
584 0.05061237606274204
585 0.05005242539921756
586 0.04953885421715769
587 0.04994529267759455
588 0.05049926338114494
589 0.04955569589912552
590 0.04990928425756445
591 0.05027152831608429
592 0.04978333613697749
593 0.0495688562199777
594 0.05055952099681296
595 0.04997660839290319
596 0.04939994268736903
597 0.05001623537156448
598 0.05002370622273503
599 0.04990911733003233
600 0.049780286885384
601 0.04927050863590634
602 0.04960192944945468
603 0.04954433065374297
604 0.04914916619327435
605 0.04969414539989081
606 0.04982945700865053
607 0.04922371713023638
608 0.04889912969100826
609 0.05006304976563998
610 0.0496375534781754
611 0.04992836785447546
612 0.0498699046360181
613 0.04885627392201764
614 0.05031796512892038
615 0.04983343448900562
616 0.04953542306736802
617 0.04944305799422834
618 0.04990551743835553
619 0.04976010994991503
620 0.05027639801987024
621 0.04926960580429011
622 0.04929953416333953
623 0.04956656974270568
624 0.04961239860299233
625 0.04909796115116705
626 0.04943347429309699
627 0.0493798292283634
628 0.04898239486170232
629 0.04900393975197867
630 0.04958547529687939
631 0.04835778319445643
632 0.04889871894501156
633 0.04898498573176567
634 0.04903650745603102
635 0.04906602280387571
636 0.0491389525497062
637 0.0489445739228553
638 0.04856239385105018
639 0.04824856699315833
640 0.04967500474467266
641 0.04864484859427737
642 0.04874829252944861
643 0.04975367876386516
644 0.04948377236053874
645 0.04827392718330181
646 0.04950665213821103
647 0.04912515389530404
648 0.04921186116101581
649 0.04827319850679809
650 0.04931294661326379
651 0.04926973605482531
652 0.04885435861324997
653 0.04982817128864734
654 0.0498440932302668
655 0.04951479612504724
656 0.05036423215205356
657 0.04925196947104615
658 0.04924008655033581
659 0.05035569504807993
660 0.04989182577117689
661 0.04973303184784308
662 0.04966360145072072
663 0.04931328933219875
664 0.04941121537647061
665 0.04957262113713443
666 0.04942439265318716
667 0.04926144031236658
668 0.04969477105347438
669 0.0498667776732848
670 0.0504000959445467
671 0.04991233296025156
672 0.05006020929885626
673 0.04998885517994606
674 0.05041679737153509
675 0.05039976746649243
676 0.04995362615353265
677 0.05027659939833942
678 0.04999776785159067
679 0.05046190925003084
680 0.05145633360137328
681 0.05097994503916187
682 0.05024148917600091
683 0.05063439771760352
684 0.05021165002501568
685 0.04992022904201249
686 0.05004189414589251
687 0.05120804912941327
688 0.0512185409501131
689 0.05174498475406038
690 0.0510217521330019
691 0.05057295777948594
692 0.04988379878212369
693 0.0497175912778331
694 0.05013562122572949
695 0.0504884012442148
696 0.05010638564285926
697 0.05065604935381209
698 0.05056794405268397
699 0.05043177664637444
700 0.05067938484752848
701 0.05082234924867864
702 0.05081501516869252
703 0.05027411031989988
704 0.05043199957141175
705 0.05004500119573028
706 0.04974866437779116
707 0.04972349575811452
708 0.04990926963673434
709 0.05026974633730856
710 0.05027335477817216
711 0.05040651351152767
712 0.05037827045723108
713 0.05061170266416863
714 0.05065926157070771
715 0.0510367877669289
716 0.05040373689383473
717 0.05018568971008442
718 0.05000532940221571
719 0.05021899635802612
720 0.05096286716619867
721 0.05044876558557424
722 0.04990894418331658
723 0.0501207983915937
724 0.04964559945715234
725 0.04993078543843867
726 0.05034476404522045
727 0.05095430069740393
728 0.050225657446805
729 0.05034064121068695
730 0.04939869540312666
731 0.05025167377260371
732 0.04998063515790006
733 0.04976198017650706
734 0.05009182186837287
735 0.04993579173439263
736 0.05077898862667635
737 0.05078629298549216
738 0.05065640991087112
739 0.05028135339814026
740 0.05008213704718306
741 0.05011558098036225
742 0.04984089626256071
743 0.05048073949496874
744 0.05056601733991984
745 0.05039212985184275
746 0.04995749722267769
747 0.04994774943886214
748 0.05025048140899347
749 0.05042215818031104
750 0.05075638893904496
751 0.05161054082101391
752 0.0506706208493008
753 0.05123512961115275
754 0.05031829009063755
755 0.05000965731870269
756 0.04966317914304016
757 0.04988729396941961
758 0.04994971244325883
759 0.05021596798861004
760 0.05052158140750776
761 0.05096239219270717
762 0.05098736088916393
763 0.05114396800678647
764 0.05050329379161664
765 0.05040213323276854
766 0.04975234792404576
767 0.04919483328790121
768 0.04947110171740223
769 0.04943520884621692
770 0.05020510735148703
771 0.05009731372295616
772 0.05075377745080134
773 0.05052021390697845
774 0.05109545329819337
775 0.05031537970900821
776 0.05069590777869541
777 0.05046967357494386
778 0.04955707363964783
779 0.05040257440262263
780 0.04984733619647026
781 0.05023047413130867
782 0.05005807205680554
783 0.04994728579388789
784 0.04990696854516604
785 0.04986939282747982
786 0.05042695067914931
787 0.0504699296287204
788 0.05111630740167544
789 0.05023406799878732
790 0.04938148975880906
791 0.04989169342326388
792 0.04976850708257955
793 0.05003671483756577
794 0.05022926450155463
795 0.05000735132411512
796 0.05039473388037984
797 0.0498162376616183
798 0.05038931164085907
799 0.05004253275622245
800 0.05031239771572296
801 0.05011984089623158
802 0.0499923188824514
803 0.05050237411302272
804 0.04951596381052228
805 0.05009676681618695
806 0.04986166669724332
807 0.04972674218148383
808 0.0505803856278527
809 0.05051916419633681
810 0.05075595826027007
811 0.05048933585743529
812 0.05064185320858264
813 0.04988082691735454
814 0.05023081272303565
815 0.05060163941551516
816 0.05076008038039543
817 0.05031302913077049
818 0.05037354822951185
819 0.04955642383930414
820 0.04997618865050107
821 0.05001503014785001
822 0.05015936370845482
823 0.04962502040754369
824 0.05031961792049069
825 0.0499212071476199
826 0.05075335008376768
827 0.05000878772394293
828 0.04989903464648586
829 0.04966168338706681
830 0.04915060780998586
831 0.04988372166990785
832 0.05015859721737104
833 0.05027986831316201
834 0.04942056821196615
835 0.04980566555993154
836 0.05012934887010753
837 0.05020043757041136
838 0.05019423121161846
839 0.04982784924123692
840 0.05004100938684213
841 0.04987966214690705
842 0.0501552169494876
843 0.04962268776772364
844 0.04949616127744363
845 0.04970096640740819
846 0.04978602911942368
847 0.05042929975478388
848 0.0504522767222039
849 0.04970111691744532
850 0.0500848390337322
851 0.05033915198714841
852 0.04968522042670627
853 0.05048581885716124
854 0.05007070659607993
855 0.04961058983692458
856 0.05007911149509466
857 0.0497853332377887
858 0.0494168595370492
859 0.04973324752198939
860 0.04995554711698311
861 0.05043952719885565
862 0.05032383961345018
863 0.05088455105639229
864 0.04996491287086235
865 0.04992049790244626
866 0.05001204293610993
867 0.04984923795708764
868 0.04956958907393659
869 0.04978768993150933
870 0.04970454309806673
871 0.04935588638842595
872 0.04978027932330963
873 0.04950379706116127
874 0.05045913500563455
875 0.050497045672644
876 0.04982268647722043
877 0.0493198006648003
878 0.05001882815398032
879 0.05007266724215341
880 0.05035875840645282
881 0.05031447559583426
882 0.05025544371946683
883 0.05033678761307041
884 0.05008614949175088
885 0.05047856243931996
886 0.04906766544773127
887 0.0492014636224854
888 0.04957404166786664
889 0.04935695497722534
890 0.04926554306819501
891 0.05054729622489539
892 0.0511940501540569
893 0.05078882370068384
894 0.05027119596487474
895 0.05032648328784189
896 0.04947014660256149
897 0.04999263500292752
898 0.05008128624496698
899 0.05024357614574711
900 0.04982174746982126
901 0.05013218167496142
902 0.05029903343251112
903 0.0496995426825489
904 0.04989441845331472
905 0.05088118748076576
906 0.05055732024886112
907 0.05150561134594888
908 0.05039381499685141
909 0.05091686761892102
910 0.0505272750213664
911 0.04993014991953217
912 0.05074277261308434
913 0.04975936272900158
914 0.0500139373055747
915 0.04994892371762252
916 0.04990140432405214
917 0.05029620094464831
918 0.05031826127322108
919 0.05088781747632272
920 0.05104162911219883
921 0.0512654645966143
922 0.05009676654192528
923 0.05073971313621038
924 0.04994219754606891
925 0.05027336761877915
926 0.04950814155985705
927 0.04958948829437995
928 0.04966596998455028
929 0.05064066087218187
930 0.04996905507607658
931 0.05050751035534218
932 0.05047462475144385
933 0.05023144557447663
934 0.0516257785883034
935 0.05142593275994566
936 0.05187505867150649
937 0.0512006319762252
938 0.05032559172215974
939 0.05029690792632073
940 0.05050668404650233
941 0.05080024374679841
942 0.05038875118707009
943 0.05041715092091548
944 0.05077628853806376
945 0.05108117822419657
946 0.05142868981240588
947 0.05030030180899125
948 0.05047064927786135
949 0.05087627250276376
950 0.05015225130146671
951 0.05050991063088368
952 0.05033101119858171
953 0.05060400594824754
954 0.05064813851704533
955 0.0505896079417347
956 0.0499156273271708
957 0.05022873834548875
958 0.05078023681738782
959 0.05083930550737535
960 0.05124137576500083
961 0.05038581541573262
962 0.05118279496417311
963 0.05105047994869875
964 0.05053338588965076
965 0.05041412704529735
966 0.05090352522613868
967 0.05001908584538436
968 0.04999893068290704
969 0.05066021009801171
970 0.05037178287857891
971 0.05159312598071587
972 0.0512416775814604
973 0.05126032604862396
974 0.05149272396324089
975 0.05043554945395693
976 0.04986337132071848
977 0.04985320240679828
978 0.04957494312038078
979 0.05033747292019506
980 0.05087986288837263
981 0.05071124537376339
982 0.05042549403827045
983 0.05103756209747042
984 0.05166372430297906
985 0.05112148248778967
986 0.05052677079873179
987 0.05077125794848088
988 0.05021706584566012
989 0.05039811925592758
990 0.05024324271687083
991 0.05057168275365685
992 0.05064176283061712
993 0.05098524916720801
994 0.05073749617130752
995 0.05134249766513058
996 0.05043517885281544
997 0.05066258821738893
998 0.05156282067933824
999 0.05096918563095433
1000 0.04965965424119881
1001 0.05022895730311728
1002 0.05001338604406304
1003 0.05005334759142125
1004 0.05057586068885329
1005 0.05020842077934238
1006 0.05093653521201882
1007 0.05134687400991573
1008 0.05114752051965225
1009 0.05071639204241596
1010 0.05064676653519623
1011 0.05014299586148613
1012 0.0500464619764709
1013 0.05094304612886958
1014 0.04974158543530961
1015 0.04975498712617156
1016 0.05085261749723673
1017 0.05028197790687787
1018 0.05136321291957066
1019 0.05155877972567582
1020 0.05088334780232359
1021 0.0507348113642561
1022 0.05061615530602181
1023 0.0501610161308998
1024 0.04978074733170155
1025 0.05045004318945547
1026 0.05067220013135056
1027 0.05070642308728307
1028 0.05069748657017002
1029 0.05107630491681375
1030 0.05096210569946705
1031 0.05139313276145423
1032 0.05047040381498491
1033 0.05028366575069698
1034 0.05039848032244857
1035 0.05072823162336475
1036 0.05096208504491061
1037 0.05082244058197637
1038 0.05030276784230476
1039 0.04980151804058243
1040 0.05030407877728667
1041 0.05041124603810473
1042 0.05029987423159911
1043 0.05051622289273295
1044 0.05083073473147626
1045 0.05106419270392562
1046 0.05026769632917354
1047 0.05023674379735713
1048 0.05018247868470184
1049 0.05004999653190442
1050 0.05052561281772391
1051 0.05098478617616858
1052 0.05010705601641786
1053 0.05043997576398759
1054 0.05108140119265226
1055 0.0506060127371686
1056 0.05016508165155915
1057 0.05082050441131623
1058 0.0511503254328461
1059 0.05039540840056568
1060 0.0501986162904172
1061 0.05090017258640285
1062 0.050222740515495
1063 0.05086944001469598
1064 0.05071191714689117
1065 0.04971808741362245
1066 0.05012208540509137
1067 0.04983403072593727
1068 0.05147632316945698
1069 0.05094007892342934
1070 0.05113412760011248
1071 0.0504604202698861
1072 0.05073236289575195
1073 0.05095160790195296
1074 0.05150031200816042
1075 0.05018336109444988
1076 0.05019443880180426
1077 0.05062739177371921
1078 0.05023054102279826
1079 0.05111627786036033
1080 0.05108876623604789
1081 0.05058974395487853
1082 0.05068583454379059
1083 0.05009316218536997
1084 0.05068567778267305
1085 0.05002904751434774
1086 0.05006399038231778
1087 0.05078448917129381
1088 0.05032078007300356
1089 0.05033474995575802
1090 0.05048775661328726
1091 0.05144477185470325
1092 0.05125160345496108
1093 0.05022430499164045
1094 0.04999422436175598
1095 0.05039440381553074
1096 0.0504406122299034
1097 0.05049718224943539
1098 0.05056471907498829
1099 0.05069283172032036
1100 0.0514707044647521
1101 0.05092724460826156
1102 0.05102788790320743
1103 0.0504787085427131
1104 0.05032007501192225
1105 0.05060592249940592
1106 0.05102000998699301
1107 0.05025452812424313
1108 0.05005161039915161
1109 0.05038158730327563
1110 0.04976065126836575
1111 0.05119576798547779
1112 0.05144231158775427
1113 0.05112595788628161
1114 0.05022769246680921
1115 0.05069874909582153
1116 0.04992126162724485
1117 0.05012453507415311
1118 0.04970748803701416
1119 0.04971947406672602
1120 0.0506168837904854
1121 0.05038622028814591
1122 0.05027540500935848
1123 0.05005674027884222
1124 0.05142591266933021
1125 0.05131024500794246
1126 0.04994185793163666
1127 0.04972443622167169
1128 0.05008412575601009
1129 0.05007524448882802
1130 0.05018407604873124
1131 0.05052505712247767
1132 0.05005630565904379
1133 0.05057219881018119
1134 0.0509352167240917
1135 0.05152490071643024
1136 0.05088373447138533
1137 0.05067319554743075
1138 0.05069000455278986
1139 0.05027155036146851
1140 0.0497007013596276
1141 0.05012031446438597
1142 0.05000053146638292
1143 0.05071778995866384
1144 0.05095432452069158
1145 0.05023664625196081
1146 0.05088235551982996
1147 0.05009645760056051
1148 0.05063671333311854
1149 0.05094486621304439
1150 0.04971040318824374
1151 0.04969795578820622
1152 0.05008743583000579
1153 0.04990976713574193
1154 0.04998771989398035
1155 0.05071213128953523
1156 0.05062692825040829
1157 0.05076128691491408
1158 0.05025858862407392
1159 0.05069831007490132
1160 0.05072802048603002
1161 0.04974682300574017
1162 0.05014234107385595
1163 0.05019947038992199
1164 0.05019535769960469
1165 0.05062244138434351
1166 0.04992065487465971
1167 0.05049352053950996
1168 0.05115049237920215
1169 0.05053715714588649
1170 0.05076316303331654
1171 0.05086353585858982
1172 0.04987665542582542
1173 0.04971132311672352
1174 0.04958509169554626
1175 0.05001865136329017
1176 0.05086094369272617
1177 0.05056811907105473
1178 0.05032716767223023
1179 0.05058127947368839
1180 0.04988078476544228
1181 0.05064880911268704
1182 0.05065962809823697
1183 0.05087250522294146
1184 0.05034451840405338
1185 0.0499485517567109
1186 0.05010130180944192
1187 0.05038157605129408
1188 0.0505845943146398
1189 0.04996943204445001
1190 0.05051237213233913
1191 0.05008086088798355
1192 0.05015292690134599
1193 0.05026003338495978
1194 0.05058355136419559
1195 0.05022103160483096
1196 0.05041354285425801
1197 0.05052508457400282
1198 0.05042642178139756
1199 0.05015823884574138
1200 0.05053494678267481
1201 0.05113067794464123
1202 0.05052337079565836
1203 0.0505708271917195
1204 0.05026959055479013
1205 0.05030059637688597
1206 0.05056136994699801
1207 0.05116904187413013
1208 0.05040591366833936
1209 0.05109152002357734
1210 0.05065832570968622
1211 0.05035714402776609
1212 0.0500462125476844
1213 0.04941843357938757
1214 0.05035035523122814
1215 0.0512857079484119
1216 0.05058326761691222
1217 0.05089750920429015
1218 0.05071049836156806
1219 0.050487971700387
1220 0.05022416967699089
1221 0.05042524711661547
1222 0.05079342584236915
1223 0.05060875519107058
1224 0.05042094470924832
1225 0.05004392024405598
1226 0.05023261236142455
1227 0.05063408017988833
1228 0.05140713808927275
1229 0.05072340007552693
1230 0.05125378358495481
1231 0.05064603255408069
1232 0.05011898889241422
1233 0.05058207935511493
1234 0.04964862540078605
1235 0.05003676432627398
1236 0.05082148180723212
1237 0.05020825985250842
1238 0.05014246739433634
1239 0.05120116416931002
1240 0.0506091590446717
1241 0.05125190436757255
1242 0.05127907770942672
1243 0.0506215289713032
1244 0.05011691242775393
1245 0.04991096929195243
1246 0.04962035946161794
1247 0.05015388727373256
1248 0.05023801322942258
1249 0.05027869263090473
1250 0.04997875994717895
1251 0.05092820046899119
1252 0.05022830560212484
1253 0.05087607305825875
1254 0.05016020923335748
1255 0.05101359943759325
1256 0.05034629135152906
1257 0.0504675246893418
1258 0.04943241101286565
1259 0.05051627137452959
1260 0.05089274446983906
1261 0.05053427487971787
1262 0.05129114699503283
1263 0.05068497108854821
1264 0.05009929562742691
1265 0.05099131270585902
1266 0.0500119846934455
1267 0.05015300903989932
1268 0.04992963590349549
1269 0.05072719255986499
1270 0.05045154814822461
1271 0.05070241763482741
1272 0.04994821113460158
1273 0.05043860696404228
1274 0.05080737682908946
1275 0.05138074403615121
1276 0.05062478142807009
1277 0.05002448524239844
1278 0.05006930029601996
1279 0.05044621546396451
1280 0.05075119683674435
1281 0.05095337395124514
1282 0.05031299293647366
1283 0.0505805678909068
1284 0.05076455174707187
1285 0.05095624433024037
1286 0.05050497275256608
1287 0.05044147005151258
1288 0.05127981140939447
1289 0.05016735908659136
1290 0.04986447416748736
1291 0.05032181950396199
1292 0.05016392358669163
1293 0.05063365626519016
1294 0.05000191693607507
1295 0.05015888906467739
1296 0.05077303477201067
1297 0.05122029872272037
1298 0.05064484509544127
1299 0.05074152900855588
1300 0.05056792432603747
1301 0.05058073860885826
1302 0.0503911102210782
1303 0.05035438280700136
1304 0.05014573460947876
1305 0.05012162834545023
1306 0.05016748104113213
1307 0.05008303197457694
1308 0.05067640572749615
1309 0.05059679287255316
1310 0.05091426144759009
1311 0.05110350140320651
1312 0.05016080664386821
1313 0.05056363388938902
1314 0.05059436139771997
1315 0.05096543204169632
1316 0.04990013766758637
1317 0.05043944909525926
1318 0.04999890185074014
1319 0.0506346335592139
1320 0.05087086819803771
1321 0.05163900689917162
1322 0.05054029569720885
1323 0.05031194025806691
1324 0.05042172559000607
1325 0.05008074992986766
1326 0.05019797399765941
1327 0.05021321783155999
1328 0.05029444692720533
1329 0.05037156283807645
1330 0.05158693912931227
1331 0.05035268206042749
1332 0.05059441896906425
1333 0.05081005551980581
1334 0.05088448894459046
1335 0.05080332920683624
1336 0.05075211647776622
1337 0.0499745360075456
1338 0.05065706033517244
1339 0.05013106657176142
1340 0.05010125136667755
1341 0.05087920750886628
1342 0.05102561290827672
1343 0.05131301467419561
1344 0.05114715838047459
1345 0.0502689073078441
1346 0.05059165477435246
1347 0.05005896176310597
1348 0.05014079674473082
1349 0.05051326270364022
1350 0.05008842599557231
1351 0.05038510970791975
1352 0.05138688874639877
1353 0.05136687783937195
1354 0.05138604200247875
1355 0.0509587837238741
1356 0.05125684358783686
1357 0.05029066456853774
1358 0.05039582632267278
1359 0.05028969297652383
1360 0.04992430520545951
1361 0.05046317909695163
1362 0.05065632163945211
1363 0.05049850654035429
1364 0.05126356260717221
1365 0.05121129630467745
1366 0.05155062708134961
1367 0.05101457160304564
1368 0.05054127872903307
1369 0.05023335580379945
1370 0.05055096281805217
1371 0.05042778882761002
1372 0.05064533856580401
1373 0.05105538940012011
1374 0.05147960051642694
1375 0.05192010942927397
1376 0.05151267038132566
1377 0.05067993675405794
1378 0.05174963295198799
1379 0.0505479600154099
1380 0.05004740283495444
1381 0.05088561609818113
1382 0.05074524136115183
1383 0.05034045925486388
1384 0.05179424710968201
1385 0.05080708952181533
1386 0.05102399483187429
1387 0.0508628436756555
1388 0.0512471392035801
1389 0.05091460849238433
1390 0.05073172182013921
1391 0.05028174426327821
1392 0.05050617944447359
1393 0.05078007369765315
1394 0.05062111556781946
1395 0.05057844235008849
1396 0.05078090524471412
1397 0.05040732519336177
1398 0.05063553457592514
1399 0.05069565487342785
1400 0.05044681519805289
1401 0.0506889068935515
1402 0.05119094603243044
1403 0.05001664455188595
1404 0.05063862432777444
1405 0.05112265257328922
1406 0.05113100689420937
1407 0.05127734590977755
1408 0.05047324282298532
1409 0.05052777602034372
1410 0.05007770976653272
1411 0.04992962695770994
1412 0.05029059638470102
1413 0.05027151159839319
1414 0.05047856663146076
1415 0.0508866712058044
1416 0.05101867660360596
1417 0.0505417128595949
1418 0.0507784286825583
1419 0.05074824412668291
1420 0.05001769763787926
1421 0.05073691497068131
1422 0.0503153218365891
1423 0.05036921553247842
1424 0.04994568131357618
1425 0.04995669256064127
1426 0.04990033224295136
1427 0.05021152656883272
1428 0.05017085968380733
1429 0.05174924695853361
1430 0.05029504501311782
1431 0.05094085816685701
1432 0.05037955425522458
1433 0.05045459540969913
1434 0.05020076151951489
1435 0.04993092815953933
1436 0.04992593790182023
1437 0.04984895284085186
1438 0.04983935458951856
1439 0.05044817627735189
1440 0.0503782972747326
1441 0.05111384065839635
1442 0.05056610716411876
1443 0.05069907661804885
1444 0.05080084136455275
1445 0.05033605928860724
1446 0.0504754752688782
1447 0.05023166261869916
1448 0.04971233553796164
1449 0.05076828119489876
1450 0.04980666634746268
1451 0.05038941502190605
1452 0.0500270055493825
1453 0.05025428590025734
1454 0.05028538485427858
1455 0.05107386238397951
1456 0.05034454927856819
1457 0.05049740177512326
1458 0.04971675278822915
1459 0.05037873734260771
1460 0.05082324587942805
1461 0.05072510440532631
1462 0.05101606733282929
1463 0.05019670120283498
1464 0.04953145195215957
1465 0.05047904287955461
1466 0.05040709831175962
1467 0.05109917847488502
1468 0.05018613838023397
1469 0.05008194898034437
1470 0.04991664718837844
1471 0.0492521965429786
1472 0.0497731492110877
1473 0.0499870177431884
1474 0.05145547284696648
1475 0.05114170494981431
1476 0.05113348264039735
1477 0.05016210807153905
1478 0.04977479525119003
1479 0.05049831725012754
1480 0.04984799895135233
1481 0.05030125997052366
1482 0.04966514682039875
1483 0.04954364974747566
1484 0.05053323440564478
1485 0.05048373038854054
1486 0.05025866000301608
1487 0.05113421124115102
1488 0.05107022576885462
1489 0.0508767031404235
1490 0.05086333879758995
1491 0.05056028862381097
1492 0.05046753915795457
1493 0.05058350016685249
1494 0.05077175075724113
1495 0.05065970715819621
1496 0.05010739304202526
1497 0.05010129397731835
1498 0.05027571234245604
1499 0.05008526502014844
1500 0.05011778889510946
1501 0.05025216246152484
1502 0.05083170883665857
1503 0.05078162215658842
1504 0.05072200234621681
1505 0.05078169234997316
1506 0.05056867604897831
1507 0.05011390751216251
1508 0.05053075320218108
1509 0.05041834289834806
1510 0.05052233129767422
1511 0.04999064731991489
1512 0.05050701035549314
1513 0.05067106529041326
1514 0.05041458449812732
1515 0.05106741607301568
1516 0.05052908060444405
1517 0.05059045581339925
1518 0.05072885254585474
1519 0.05020456725102607
1520 0.0498559446083951
1521 0.0508278596011226
1522 0.05091855579420174
1523 0.0507435179372622
1524 0.05052114877616917
1525 0.05008002609140116
1526 0.0495114019529164
1527 0.04958280135062218
1528 0.04967137455101087
1529 0.04987090899429673
1530 0.0497942634031692
1531 0.05028885853991528
1532 0.05137769459587605
1533 0.05022327032594932
1534 0.05060330835541421
1535 0.0510165970958121
1536 0.05109122990822729
1537 0.05039543667681984
1538 0.05034393230684264
1539 0.05010715312801406
1540 0.050252628269058
1541 0.04944943683526989
