"torque-rfile"
"Iteration" "torque"
("Iteration" "torque")
1 91.79728567231611
2 103.9670582613272
3 132.5851943925149
4 151.94026498407
5 161.981450260293
6 165.5949198988518
7 164.6676283136039
8 163.9317708096421
9 167.8602554714911
10 174.3460656161988
11 176.6950256309557
12 170.9726474880073
13 166.3909607958057
14 151.8448591877786
15 136.8398083529032
16 123.5207878036745
17 111.5366335598893
18 102.1790283082215
19 96.87532385392521
20 94.20885676217267
21 96.98790954521395
22 100.012945289769
23 100.6778612109735
24 103.264785071858
25 103.6068914520651
26 103.2032417727931
27 102.6426089642127
28 98.74553955329164
29 94.12669393290244
30 87.1139204054281
31 80.77569650391965
32 72.88407441350053
33 65.02037531836453
34 57.19818251110881
35 50.68436033785182
36 44.87633024273433
37 39.59353485209109
38 34.95932179806901
39 30.6311127215353
40 26.53387714239134
41 22.46818233022222
42 18.48391819785774
43 15.05844066145547
44 11.56633290967087
45 8.731686806329106
46 6.071373139225539
47 3.759121156322174
48 1.919851796869973
49 0.2200675971369989
50 -1.274470289671775
51 -2.492416013572355
52 -3.522995488300706
53 -4.308116764070888
54 -5.035048913661928
55 -5.533000587693726
56 -5.900206355164891
57 -6.064815480678107
58 -6.063145926709072
59 -5.953312538637588
60 -5.620744008398056
61 -5.165687089796821
62 -4.660414541652118
63 -4.153354652553555
64 -3.616235615265209
65 -3.065998824477745
66 -2.527449674350617
67 -2.063795128716185
68 -1.637951406131962
69 -1.273790851409294
70 -0.9842675116013239
71 -0.7317187407360316
72 -0.5039731219101254
73 -0.3100910269418743
74 -0.1456305303176682
75 0.0004325539154014688
76 0.1470104634953004
77 0.2988178488016669
78 0.4596225417029106
79 0.5727338160496732
80 0.684797102385961
81 0.7897896318803574
82 0.8743026091601207
83 0.934446792259679
84 0.974427379291591
85 0.9931178621637118
86 0.9846210321925963
87 0.9419958106103391
88 0.8554236582768989
89 0.7513705404944702
90 0.6290329635675159
91 0.4975724841748185
92 0.3639985069534104
93 0.2323806954731914
94 0.1073912880111462
95 -0.007307631017594855
96 -0.1129823585264139
97 -0.2006800919181088
98 -0.2714883901391743
99 -0.3362823483072621
100 -0.3900400883045748
101 -0.4310746092625137
102 -0.4634512118753278
103 -0.4783343787750761
104 -0.4869338309302425
105 -0.4793789326832462
106 -0.4677991899892105
107 -0.4437190770313051
108 -0.4180316531551694
109 -0.3939276424368143
110 -0.3721573911921311
111 -0.3516850214449016
112 -0.3363793132293715
113 -0.3290126749471983
114 -0.3282589465329158
115 -0.3302667894010878
116 -0.3356809838458714
117 -0.3411946040657366
118 -0.3487511003614635
119 -0.3557957206152039
120 -0.3638926762769115
121 -0.3696949182520064
122 -0.3748139948868524
123 -0.3781063394846588
124 -0.3815839775711766
125 -0.3833036769167762
126 -0.3835786034935856
127 -0.3824207591114254
128 -0.3800902378997256
129 -0.377468690143416
130 -0.3751147143015207
131 -0.3729518387559607
132 -0.3710746580583194
133 -0.3683346186843308
134 -0.3657414646852627
135 -0.3593997405097384
136 -0.3575269805035658
137 -0.355784535131467
138 -0.3542474072655332
139 -0.3510328450084669
140 -0.3467680580907372
141 -0.3403158872519038
142 -0.3326403888704299
143 -0.3238984427968672
144 -0.3142175647050812
145 -0.3039568476364398
146 -0.2936058444560569
147 -0.2806168641269011
148 -0.2658298853792558
149 -0.2499600349183013
150 -0.2344393781520718
151 -0.219288542296662
152 -0.2059715561116118
153 -0.1942118377954228
154 -0.1847185952184772
155 -0.176998073544073
156 -0.1714938173211863
157 -0.1672795504339743
158 -0.1641701155626166
159 -0.1613730655783105
160 -0.158837301312538
161 -0.1563890497800738
162 -0.1547883678022954
163 -0.153514998986328
164 -0.1525666479631441
165 -0.1516618523973679
166 -0.151211887608484
167 -0.1494176605868998
168 -0.1505074074130763
169 -0.1496280205436014
170 -0.14970077403296
171 -0.150113670639314
172 -0.1508531600048112
173 -0.1513347470190141
174 -0.1513580815058216
175 -0.1507411889096028
176 -0.1492082362964722
177 -0.1471113750643137
178 -0.1463715177877868
179 -0.1426942012576328
180 -0.1409786905975411
181 -0.1379595210492925
182 -0.134946278091973
183 -0.1319128071747445
184 -0.1289903186361024
185 -0.1265625304040479
186 -0.1250078603131408
187 -0.1244352066114808
188 -0.1252805631887528
189 -0.1267651809452355
190 -0.1288046700632402
191 -0.1302830897061154
192 -0.1306037319156891
193 -0.1302373299758962
194 -0.1285245159141107
195 -0.1259365043239071
196 -0.1227226523056912
197 -0.1185825113927358
198 -0.1142407572259446
199 -0.109848525012454
200 -0.1060366339465952
201 -0.102593506948656
202 -0.09917203746010692
203 -0.09547464055706088
204 -0.09255166129026177
205 -0.09164831087688437
206 -0.09218862605958193
207 -0.09427417196027253
208 -0.09706347845922554
209 -0.1001149700939297
210 -0.1032659310290437
211 -0.1054205952004917
212 -0.106396829056579
213 -0.1068469834089073
214 -0.1061566406299697
215 -0.1050776027247301
216 -0.1033128308764553
217 -0.1015239002645365
218 -0.09999805224345605
219 -0.09786488016138947
220 -0.09703823536179827
221 -0.09610040788433948
222 -0.09375962771176509
223 -0.09171324954438452
224 -0.08807345744846454
225 -0.08374470891477297
226 -0.08076808893481689
227 -0.07806098497422519
228 -0.07714853936436745
229 -0.07762925329084427
230 -0.07892378378670498
231 -0.08115964542481566
232 -0.08312347023279779
233 -0.084523531239645
234 -0.08491310292780355
235 -0.08400900183842827
236 -0.08197144487596743
237 -0.07912231083658398
238 -0.07576767697528698
239 -0.07239809144129451
240 -0.06972442407897959
241 -0.06704079945179736
242 -0.06535164735039881
243 -0.06454216494801497
244 -0.06384328675726951
245 -0.0643632270838667
246 -0.06513405364816395
247 -0.06615385701370669
248 -0.06703683788686306
249 -0.0677280557451885
250 -0.06827810400030263
251 -0.06812430526003468
252 -0.06729854284309507
253 -0.06595672329893965
254 -0.0643608079357598
255 -0.06279543024147928
256 -0.06161175502615145
257 -0.06052140804374949
258 -0.05954636549542021
259 -0.05904072639140524
260 -0.05877645491016478
261 -0.05871935934538266
262 -0.05856481430537746
263 -0.05860082275440526
264 -0.05871504678438154
265 -0.05928514632015158
266 -0.05979782068493329
267 -0.06099754873885848
268 -0.06244263145604876
269 -0.06465184244038566
270 -0.06746325297809258
271 -0.07066038439356051
272 -0.07384728860967947
273 -0.07666935473811344
274 -0.07893793513586145
275 -0.0805474400779817
276 -0.08135713165002999
277 -0.0813818014323512
278 -0.0806995263651256
279 -0.07955393621814809
280 -0.07832741704758144
281 -0.07738255233996225
282 -0.07596751557051967
283 -0.07460980360232666
284 -0.07283325849109837
285 -0.07115472344388434
286 -0.0695846197447377
287 -0.06736235359719062
288 -0.06607179620735838
289 -0.06426216203729619
290 -0.06252526333835283
291 -0.06129282318347347
292 -0.06011462201570993
293 -0.0593873205875612
294 -0.05893982617208793
295 -0.05864778195237452
296 -0.05852734630876906
297 -0.05875504027793016
298 -0.05927869370234001
299 -0.06001622095400231
300 -0.06088586053924928
301 -0.06176485467167626
302 -0.06256482973752733
303 -0.06314540542325583
304 -0.06313386325212199
305 -0.06291320377479569
306 -0.06164468551924453
307 -0.0598730542991019
308 -0.05735766575489015
309 -0.05462919495179875
310 -0.05167327631022221
311 -0.04897760516696843
312 -0.04678146457934167
313 -0.04519345931841165
314 -0.04403774528772935
315 -0.04319658377123704
316 -0.04179891206699879
317 -0.04075420342580546
318 -0.03939261146826836
319 -0.03825564460400952
320 -0.0373067776419581
321 -0.03698215511560755
322 -0.03720374131075705
323 -0.0377503548432508
324 -0.03847831998446388
325 -0.03931300702711871
326 -0.04011762201223405
327 -0.04107562402430003
328 -0.04189831604623231
329 -0.04274563268614962
330 -0.04335503257836769
331 -0.04385181883105181
332 -0.04435099436122125
333 -0.04467828409919617
334 -0.04490134793090669
335 -0.04508767746834486
336 -0.04537589429860207
337 -0.04602435448531966
338 -0.04692101863943956
339 -0.04820660738476103
340 -0.04971494310508751
341 -0.05149460103459699
342 -0.05307988799165751
343 -0.05461803381872311
344 -0.05556310681177412
345 -0.05593189161009392
346 -0.05622368836247388
347 -0.05536096238567049
348 -0.05506300413068956
349 -0.05365253265424128
350 -0.05280375422366736
351 -0.05111233020843781
352 -0.05016749834725197
353 -0.04890834825197354
354 -0.04808771203026313
355 -0.0474035100148789
356 -0.04699038360721371
357 -0.04690124185525496
358 -0.04702962063769209
359 -0.04725230363719567
360 -0.04744558389842705
361 -0.04758669499128338
362 -0.04738949394847584
363 -0.04647433165519362
364 -0.04574938066284918
365 -0.04448960997941695
366 -0.04336014557148962
367 -0.04196273382165299
368 -0.04042913320963163
369 -0.03920573651292691
370 -0.03810213631934236
371 -0.03735080322595474
372 -0.03672927587657826
373 -0.03625315625051855
374 -0.03600897750038733
375 -0.03580275091263375
376 -0.03574026128803542
377 -0.03563706468574474
378 -0.0357701973186935
379 -0.0356050538279521
380 -0.03563904625803388
381 -0.03524614033756041
382 -0.03502851859237943
383 -0.03482947445514015
384 -0.03467795589492256
385 -0.03457072496222271
386 -0.03461264698407367
387 -0.03438392306072599
388 -0.03415855505877368
389 -0.03373005433215967
390 -0.03321392104635871
391 -0.03277247467920884
392 -0.0325538239356635
393 -0.03201504104115203
394 -0.03138612081267162
395 -0.03063802502154775
396 -0.029933104176456
397 -0.02912819358647225
398 -0.02872000557903259
399 -0.02834406548763952
400 -0.02805627605157757
401 -0.02769240430157018
402 -0.02750803755180154
403 -0.02741494739661231
404 -0.02729228476138497
405 -0.02713758065317148
406 -0.02678603272342275
407 -0.02641914431072796
408 -0.02604065751108529
409 -0.02555524513916246
410 -0.02533421419766749
411 -0.02508986518543766
412 -0.02497640522962035
413 -0.02474600190076316
414 -0.02475648314464639
415 -0.02451763190184269
416 -0.02448818376246476
417 -0.02438442663587033
418 -0.02457895727733769
419 -0.0247656436447686
420 -0.02513279628916376
421 -0.02551280091808209
422 -0.0258480688522629
423 -0.02622631762215172
424 -0.02667021345797332
425 -0.02705813559313597
426 -0.02747728167758956
427 -0.02772323695538396
428 -0.02791885312959936
429 -0.02812373017477508
430 -0.02824202231975703
431 -0.02860259336206413
432 -0.02897255600646221
433 -0.02930184312464258
434 -0.02927041561131198
435 -0.02938882025441655
436 -0.0290738328947703
437 -0.02878167407535999
438 -0.02885169035231703
439 -0.02869878871962438
440 -0.02899335793116026
441 -0.02931379160136382
442 -0.02951927693277956
443 -0.03000800727574524
444 -0.03011085322032039
445 -0.0305918492632359
446 -0.0306315207337674
447 -0.03113814811573518
448 -0.03157411812948104
449 -0.03195609263009076
450 -0.03234665917582197
451 -0.03253654562671629
452 -0.0327049444006761
453 -0.03293129468876078
454 -0.03283726243331901
455 -0.03285273598527198
456 -0.03247095402901731
457 -0.03209685554855491
458 -0.03160372121427937
459 -0.03137393873509459
460 -0.03085982871488979
461 -0.03043250688031598
462 -0.02998182042422742
463 -0.02955969345104832
464 -0.02929118794563612
465 -0.02916136127561582
466 -0.0292796097787597
467 -0.02962357481864808
468 -0.03029703693441167
469 -0.03105796056050004
470 -0.03191085132375185
471 -0.03258849708100448
472 -0.03292941452632697
473 -0.03274387001500784
474 -0.03218513569996992
475 -0.03143104492619753
476 -0.03075493446941244
477 -0.0301565171789376
478 -0.02978271805843446
479 -0.02965727175861855
480 -0.02969364740966919
481 -0.02982873816239853
482 -0.02988561670084757
483 -0.03005734643770525
484 -0.02995343881597142
485 -0.02984941648971322
486 -0.02975602845617388
487 -0.02976381051790433
488 -0.02993042434889176
489 -0.03017493452756341
490 -0.03062310343519517
491 -0.03120463684736203
492 -0.03193864760332246
493 -0.03273384123954867
494 -0.03327882171692152
495 -0.03342832594494809
496 -0.03329917983702158
497 -0.03294756696461563
498 -0.0324739253130344
499 -0.03195300234955531
500 -0.03152697985342748
501 -0.03123661356891186
502 -0.03112628223655892
503 -0.03114198098277235
504 -0.03135331908188648
505 -0.03161360212798935
506 -0.03198057853749232
507 -0.03230097719525387
508 -0.03253784917067556
509 -0.03270440372531657
510 -0.0327820965626754
511 -0.03281423980789073
512 -0.03280977795712316
513 -0.03282091584915633
514 -0.03290968096277814
515 -0.03303018442519073
516 -0.03307003141217694
517 -0.03303733770615268
518 -0.03290555140202214
519 -0.03269781394051736
520 -0.03263040228479087
521 -0.03248792935242044
522 -0.0323476271213775
523 -0.03221165388880568
524 -0.03214882437207714
525 -0.03216971399737907
526 -0.03226973490724772
527 -0.03243684465987676
528 -0.03274773656355588
529 -0.03328246416075571
530 -0.03374277963466898
531 -0.03416000103079551
532 -0.03444835383064075
533 -0.03465504644120387
534 -0.03481131802854416
535 -0.03483672863293221
536 -0.03477152030908444
537 -0.03491840501786438
538 -0.03483264531281692
539 -0.03483070916343451
540 -0.03484437010314966
541 -0.03483177915216808
542 -0.03467375552918734
543 -0.03451955931622924
544 -0.03436099137920211
545 -0.03418542022631044
546 -0.03402567462611079
547 -0.03395787861015967
548 -0.0338991347971233
549 -0.03393964452187199
550 -0.03397816617490733
551 -0.03418933213501881
552 -0.03447384586612561
553 -0.0347922820532538
554 -0.03512649546099168
555 -0.03544761710573731
556 -0.03575416596045528
557 -0.03611794207873762
558 -0.03638243492089799
559 -0.03668031142428763
560 -0.03684612781583763
561 -0.03702938076192105
562 -0.03706902591130605
563 -0.03708241400670154
564 -0.03711918486083811
565 -0.03702226300615642
566 -0.03698870406622796
567 -0.03698653195138345
568 -0.03701864039939349
569 -0.03710899570895729
570 -0.03725504558033581
571 -0.03744938169193516
572 -0.0376849426813532
573 -0.03795646564855831
574 -0.03823339994823421
575 -0.03851984541711691
576 -0.03878981863353301
577 -0.03902561976627648
578 -0.03920499129814908
579 -0.03931246585022972
580 -0.03935636128237884
581 -0.03934051060728976
582 -0.03927104835848576
583 -0.03916070758311319
584 -0.03902504649549498
585 -0.03888565528922873
586 -0.03876809787520216
587 -0.03870042273589326
588 -0.03869742822105957
589 -0.03878451706404012
590 -0.03897138040023649
591 -0.03925256011204239
592 -0.03960155308229856
593 -0.03998138655695033
594 -0.04035425456262717
595 -0.04067260273695054
596 -0.04090894475428103
597 -0.04105189207455371
598 -0.0410988320883605
599 -0.0410518886922966
600 -0.04092585000007684
601 -0.04073580646907723
602 -0.04051075856854891
603 -0.04029470412040287
604 -0.04011716944992964
605 -0.03999074107317387
606 -0.03992466407055528
607 -0.03991711657103406
608 -0.03995551802449052
609 -0.04002306192849493
610 -0.04012623325393493
611 -0.04027391380653438
612 -0.04042587789123712
613 -0.04057820787519165
614 -0.04069102064647846
615 -0.04083452087633678
616 -0.04094711608206746
617 -0.04099467066086172
618 -0.04099919188149748
619 -0.0409563088693756
620 -0.04088665319359906
621 -0.0408301309963609
622 -0.04080394773511169
623 -0.04080998167379248
624 -0.04084854854957538
625 -0.04091132963404111
626 -0.041029224633742
627 -0.04103386219523945
628 -0.04109491843515953
629 -0.04114028537353443
630 -0.04117122517693377
631 -0.04123945931265095
632 -0.0412256900938615
633 -0.04132440544670269
634 -0.04140804327831771
635 -0.0415153706263774
636 -0.04160796048722028
637 -0.04169078099298572
638 -0.04173583223317005
639 -0.04171665463736156
640 -0.04166056027555146
641 -0.04157725332087315
642 -0.0414569060902183
643 -0.04132203544697766
644 -0.04121154120458178
645 -0.04111038650067931
646 -0.04102489839915151
647 -0.04095976345213853
648 -0.04090312513058339
649 -0.04086138091870799
650 -0.04084247784637346
651 -0.04089425296996126
652 -0.04092603336516094
653 -0.04100464380641676
654 -0.04108442934567121
655 -0.04122479473323355
656 -0.04128926979033812
657 -0.04142171131973716
658 -0.04143722778581824
659 -0.04152047459158718
660 -0.04140178036246507
661 -0.04133421032544921
662 -0.04130277088681416
663 -0.04116805312426808
664 -0.04099221574461565
665 -0.04097221908919441
666 -0.04090586455527024
667 -0.04086296525193566
668 -0.0408521773187825
669 -0.04086286888768586
670 -0.04087292819052697
671 -0.04087449534374948
672 -0.04087330974664301
673 -0.04086029022528688
674 -0.04083517555244461
675 -0.04079310672861551
676 -0.04073622912915704
677 -0.04068822268521823
678 -0.04067021620221122
679 -0.04068760360118146
680 -0.04073410076931388
681 -0.04079406897323231
682 -0.04090922864198337
683 -0.04108208265293111
684 -0.04126637052872048
685 -0.04143305279711841
686 -0.04164601919846143
687 -0.04180343634651391
688 -0.04192027040042923
689 -0.04190375690429856
690 -0.04190472297982894
691 -0.04183353154330596
692 -0.04177481694174379
693 -0.04157746526705492
694 -0.04135908423038748
695 -0.04115262869241392
696 -0.04099859662346545
697 -0.04084405588887775
698 -0.04065207925930486
699 -0.0405174051713226
700 -0.04038145071308961
701 -0.04026085961127815
702 -0.04016317586519434
703 -0.04008293803309965
704 -0.04001564172491381
705 -0.03994179482277491
706 -0.03986006624889283
707 -0.03979113611039325
708 -0.03975137792905259
709 -0.03976129383359373
710 -0.0398169666555431
711 -0.03992113089108402
712 -0.0400601532774711
713 -0.04021892225311237
714 -0.04043041759758062
715 -0.04068581997268498
716 -0.04089707433210317
717 -0.04113065137904188
718 -0.04136757814788524
719 -0.04156521071186297
720 -0.04166885812212844
721 -0.04180549876126256
722 -0.04172878120468658
723 -0.04170818363822398
724 -0.04155097589135903
725 -0.04136176247565559
726 -0.04118475516523239
727 -0.04105188091478994
728 -0.04091948573339232
729 -0.04075119798876814
730 -0.04059961028962951
731 -0.04044035298754491
732 -0.04029640317897135
733 -0.04017382270726352
734 -0.04008270338654812
735 -0.04001440206134268
736 -0.03994897092248895
737 -0.03989059232206405
738 -0.03985368027611438
739 -0.0398478431187554
740 -0.03990889208620752
741 -0.03997287359738066
742 -0.04003682101569872
743 -0.04015457441589701
744 -0.04029786275916557
745 -0.040460963790952
746 -0.04066506488742009
747 -0.04086441682049107
748 -0.04107718713855309
749 -0.04125625484827283
750 -0.04138431917326833
751 -0.0415362244984018
752 -0.04152547413476755
753 -0.04157370133534822
754 -0.04146907598157589
755 -0.04145710178007897
756 -0.04136651063505567
757 -0.04128243449482151
758 -0.04123742307014537
759 -0.04122642918868808
760 -0.04118416773461905
761 -0.04113188608883955
762 -0.04106922170706567
763 -0.04101227281687892
764 -0.04097234554314059
765 -0.04094844320505509
766 -0.04092896238398296
767 -0.04091121129820251
768 -0.04089210547733253
769 -0.04086810141865824
770 -0.04085125343139852
771 -0.0408431024568271
772 -0.04085140995166949
773 -0.04087999605000388
774 -0.04095188528022943
775 -0.04106003735605077
776 -0.04119960454112811
777 -0.04135892191340888
778 -0.04154409841014804
779 -0.04173864567995896
780 -0.04189704931360807
781 -0.04202076937791645
782 -0.04210270236556782
783 -0.04211422945110658
784 -0.04214806096359738
785 -0.04218373403326513
786 -0.04213370832067154
787 -0.0420753736061522
788 -0.04201414957003342
789 -0.04197243053656084
790 -0.04195899137614327
791 -0.0419570534056261
792 -0.04193382905533756
793 -0.04189816813539732
794 -0.04185273036726177
795 -0.04181648983160136
796 -0.04179708947788808
797 -0.04178975568399772
798 -0.04178305662614929
799 -0.04176786981073808
800 -0.04174625189738165
801 -0.04172721289582994
802 -0.04170517910895068
803 -0.04171015353385717
804 -0.0417420652907546
805 -0.04180673970574642
806 -0.04190991871820667
807 -0.04208939857681586
808 -0.04229464181338598
809 -0.04251546906711336
810 -0.04279427093627657
811 -0.04304843403950207
812 -0.04328215858882613
813 -0.04349282491735813
814 -0.0436536471056316
815 -0.04375826245814669
816 -0.04380017296359828
817 -0.04378374558148333
818 -0.04371451553884007
819 -0.04360154674610406
820 -0.04346036033088273
821 -0.04330697919160761
822 -0.04316185785429243
823 -0.04304686682581279
824 -0.0429257098401777
825 -0.04281194469239061
826 -0.04272182974028143
827 -0.04267671197314606
828 -0.04269092999503271
829 -0.0427495825940204
830 -0.04283132744050167
831 -0.04291961121332095
832 -0.0430090861404058
833 -0.04308740506778946
834 -0.04317953685335598
835 -0.04328143249228177
836 -0.04338579996704047
837 -0.0434806000822236
838 -0.04356638361973096
839 -0.04364729656483628
840 -0.04374205498852667
841 -0.04381567528589905
842 -0.04389260410976214
843 -0.0439817861920361
844 -0.04407580572600139
845 -0.04417004153907734
846 -0.04425897466509911
847 -0.04433450509880218
848 -0.04439857780204996
849 -0.04442653399660683
850 -0.04442153543238277
851 -0.04436728049674278
852 -0.04428448283435561
853 -0.04416483371523017
854 -0.04401798737404655
855 -0.04386265132393309
856 -0.04371408107524507
857 -0.04358867190080694
858 -0.04350268341351926
859 -0.04342182340923649
860 -0.04336160682092081
861 -0.04333364649218092
862 -0.04336190107442192
863 -0.04344549635252425
864 -0.04354718830719227
865 -0.04366676298181869
866 -0.04378115699781227
867 -0.04388744218705044
868 -0.04399096830496156
869 -0.04408201748345001
870 -0.04415998376908646
871 -0.04423084048935434
872 -0.04429036512185218
873 -0.04432459338617714
874 -0.04433097243742509
875 -0.04431944125677887
876 -0.04429136989144908
877 -0.04425187538509464
878 -0.04420402679964398
879 -0.04415685271583721
880 -0.04411567401427675
881 -0.04408626762427946
882 -0.04406596461053753
883 -0.04404644463455431
884 -0.04401821603510794
885 -0.04397591888336491
886 -0.04392091353647956
887 -0.04384642855402312
888 -0.0437442873414627
889 -0.04361171683967758
890 -0.04345672731464882
891 -0.04330037232424331
892 -0.04315994334035311
893 -0.04305136445545933
894 -0.04299076632759342
895 -0.04295517898005888
896 -0.04296454350886328
897 -0.04303849229066022
898 -0.04318198243776804
899 -0.04337789619291534
900 -0.04358700329712407
901 -0.04378713968728994
902 -0.04396888448632172
903 -0.04412213162078485
904 -0.04424699954523054
905 -0.04432941579328042
906 -0.04436582865694492
907 -0.04435841764560715
908 -0.04430507574639067
909 -0.04421902010898385
910 -0.04411063206966873
911 -0.04395480714212523
912 -0.04378113692257817
913 -0.04358676912298162
914 -0.04338579723458792
915 -0.04319277473968727
916 -0.04302210947777113
917 -0.0428800796656565
918 -0.04276632514093698
919 -0.04267460237312525
920 -0.0426011454128133
921 -0.04253771527848375
922 -0.04247306071432638
923 -0.0424002054994486
924 -0.04231601016435223
925 -0.04222196930847124
926 -0.04212686101758288
927 -0.04202871283370445
928 -0.04193743701860973
929 -0.04184622759747778
930 -0.04175733247620035
931 -0.04166789233951276
932 -0.04159091806282149
933 -0.04155289941075863
934 -0.04154991677705369
935 -0.04157296730273917
936 -0.04160639526352104
937 -0.0416399405382239
938 -0.04166774008615168
939 -0.04168300368502926
940 -0.04167947973834406
941 -0.0416527769094741
942 -0.04160509454250157
943 -0.04154119564204587
944 -0.04146481781114228
945 -0.04138149751546059
946 -0.0412765972358382
947 -0.0411518702498478
948 -0.04101342395672736
949 -0.04084945247447255
950 -0.04067404065040634
951 -0.04051695987411098
952 -0.04038138932604015
953 -0.04027462632740406
954 -0.04020337692205175
955 -0.04014903789515807
956 -0.04011752130402448
957 -0.04009839840086678
958 -0.04009244678539426
959 -0.04009850134164789
960 -0.04011200733237889
961 -0.0401304514275367
962 -0.04014095185618735
963 -0.04012924254484151
964 -0.04009894327964639
965 -0.04003620795023372
966 -0.03999334873150394
967 -0.03994701676223168
968 -0.0399327609763839
969 -0.03993329795982462
970 -0.03994823016196909
971 -0.03996603693486109
972 -0.0399910098773868
973 -0.04001600209779258
974 -0.04003696132505527
975 -0.04004955632239236
976 -0.04004912469735582
977 -0.04003049495713133
978 -0.04000167903164479
979 -0.03993367954874444
980 -0.03983921332472921
981 -0.03970756624907593
982 -0.03954677196920249
983 -0.03937883886227927
984 -0.03921007479677275
985 -0.03906050334536667
986 -0.03892833985494091
987 -0.03882380916774131
988 -0.03874647531712468
989 -0.03869660358471658
990 -0.03867559740251601
991 -0.03868204716116557
992 -0.0387089003974239
993 -0.03874592832840941
994 -0.03879390438843248
995 -0.0388154439871034
996 -0.0388570191915802
997 -0.0388714526920772
998 -0.03887097102713908
999 -0.03885485065537695
1000 -0.0388215507999611
1001 -0.03877707952142503
1002 -0.03872643496046391
1003 -0.03867610153792429
1004 -0.03863085808769017
1005 -0.03859519180936113
1006 -0.03856525250506709
1007 -0.03853367011239632
1008 -0.03849955853991755
1009 -0.03846193946765792
1010 -0.03840643926028051
1011 -0.03833425311393946
1012 -0.03824472029238088
1013 -0.03813924123838626
1014 -0.03802097154396118
1015 -0.03788972525968193
1016 -0.03773950594365223
1017 -0.03760300091482032
1018 -0.03748380517039218
1019 -0.03739199461301862
1020 -0.0373488222263514
1021 -0.03733039580363957
1022 -0.03737176654904288
1023 -0.03744128890887806
1024 -0.0375309310641567
1025 -0.03762714165260673
1026 -0.03771952233864802
1027 -0.03779577217044798
1028 -0.03783853410498168
1029 -0.03784033200657416
1030 -0.03780538542146224
1031 -0.03774260600032908
1032 -0.03766424230849685
1033 -0.03758207357432027
1034 -0.03750867719469807
1035 -0.03745801860229822
1036 -0.03743272035061802
1037 -0.03742371773946034
1038 -0.0374268168924658
1039 -0.03743432820017786
1040 -0.03743369242429039
1041 -0.03741770206667903
1042 -0.03738768406738641
1043 -0.03732463160667838
1044 -0.03726063594471665
1045 -0.03715770045241004
1046 -0.03701825961526502
1047 -0.03687753793936644
1048 -0.03673915022381904
1049 -0.0366254465486908
1050 -0.03654619221056585
1051 -0.03651528473921275
1052 -0.03651940981527838
1053 -0.03656905533693051
1054 -0.03665193300147619
1055 -0.03675672701288567
1056 -0.03687977963992573
1057 -0.03700915415843902
1058 -0.03711384759767181
1059 -0.03721713917789236
1060 -0.0372493936561303
1061 -0.03724219070224488
1062 -0.03718582526553622
1063 -0.03710155139049034
1064 -0.03700084800060616
1065 -0.03689667782963676
1066 -0.03681370082288984
1067 -0.0367434551218475
1068 -0.03667954668457864
1069 -0.03663503597005237
1070 -0.03662773621767497
1071 -0.03663831671301491
1072 -0.03664999332990041
1073 -0.03663564288762039
1074 -0.03660738515799969
1075 -0.03653955482337428
1076 -0.03642781606081934
1077 -0.03627895228231205
1078 -0.03610041128359766
1079 -0.03591518847984673
1080 -0.03574627529165613
1081 -0.03561021737379366
1082 -0.03552331616007193
1083 -0.03547812818502266
1084 -0.03548499645184006
1085 -0.03553871755689653
1086 -0.03563694183830891
1087 -0.03577436016367787
1088 -0.03593401580278249
1089 -0.03607372734399487
1090 -0.03618554491936898
1091 -0.03624462122886203
1092 -0.03624502032337919
1093 -0.0361874674021742
1094 -0.03608518797209394
1095 -0.03594795028756757
1096 -0.0357898590356494
1097 -0.03564068208917039
1098 -0.03550922348636185
1099 -0.03541527081817146
1100 -0.03537327668428623
1101 -0.03539336111343772
1102 -0.03546321183262444
1103 -0.03556037458150069
1104 -0.03564913363421379
1105 -0.03572363122129567
1106 -0.03574869295343735
1107 -0.03570330229859665
1108 -0.03557803689132045
1109 -0.03539923179883785
1110 -0.03517460318606622
1111 -0.03493489078496386
1112 -0.03470392986458975
1113 -0.03450976076843316
1114 -0.03437463280972863
1115 -0.03431771027866176
1116 -0.03434408261706041
1117 -0.03444053038712523
1118 -0.03459021155339796
1119 -0.03476045537323082
1120 -0.0349621680979756
1121 -0.03512222584269268
1122 -0.03524736697943406
1123 -0.03531294804761305
1124 -0.03531423992819523
1125 -0.03525354372947242
1126 -0.03514044063787165
1127 -0.03500281066119822
1128 -0.03484603142004526
1129 -0.03470384485815047
1130 -0.03459901141537668
1131 -0.03454541879302313
1132 -0.03453379266790763
1133 -0.03456517869395088
1134 -0.03463803412466167
1135 -0.03473596706341919
1136 -0.03482263462044262
1137 -0.03489447973694339
1138 -0.03492196622569928
1139 -0.03489000293670504
1140 -0.03477581396405875
1141 -0.03458568215649845
1142 -0.03431702200950714
1143 -0.03400230006960233
1144 -0.03367959195097605
1145 -0.03340329961356131
1146 -0.03320482526232729
1147 -0.03310426964061636
1148 -0.03309989806444227
1149 -0.03320352427579779
1150 -0.03338581256474159
1151 -0.0336267522954146
1152 -0.03390321340043941
1153 -0.0341835195545557
1154 -0.03443294902467602
1155 -0.03463482259890559
1156 -0.03475893064805197
1157 -0.03481139726949831
1158 -0.03480033192275149
1159 -0.03474264024518425
1160 -0.03466301369684874
1161 -0.0345854943588026
1162 -0.03452908615232893
1163 -0.03449558976220786
1164 -0.03450812811497061
1165 -0.03454655606427743
1166 -0.03461167043886011
1167 -0.03467615615587408
1168 -0.03475829745408715
1169 -0.034814553817973
1170 -0.03483881600096497
1171 -0.03481354550202836
1172 -0.03472854651325224
1173 -0.0345771792910867
1174 -0.03436808875670826
1175 -0.03412349060304135
1176 -0.03387293625333335
1177 -0.03364612628736045
1178 -0.03346731961769239
1179 -0.03335064369713248
1180 -0.03329262494196504
1181 -0.03331360025051903
1182 -0.03339924840271617
1183 -0.03353112120984296
1184 -0.03368944131633386
1185 -0.03386078980784916
1186 -0.03402282005040332
1187 -0.03415394448695435
1188 -0.0342333122217756
1189 -0.03425215118498951
1190 -0.03421525862310391
1191 -0.03413685690503572
1192 -0.03403271567545179
1193 -0.0339226493898116
1194 -0.03382229367143876
1195 -0.03374633121258154
1196 -0.03371463340819603
1197 -0.03370858544262458
1198 -0.03374612549108116
1199 -0.03380338030842061
1200 -0.03388013562793164
1201 -0.03396327946378323
1202 -0.03403442486186973
1203 -0.03408142820132622
1204 -0.03409039509168686
1205 -0.03405107788327971
1206 -0.03395209442615738
1207 -0.03379180465885994
1208 -0.03359173525638143
1209 -0.03337413904125878
1210 -0.0331664853385631
1211 -0.03298162554789588
1212 -0.03283609610152286
1213 -0.03274267169913513
1214 -0.03270943493133885
1215 -0.03272911883653595
1216 -0.03279038792630743
1217 -0.0328821649210419
1218 -0.03299524042137472
1219 -0.03310919235149942
1220 -0.03320026461404058
1221 -0.03324124211558131
1222 -0.03321620217691579
1223 -0.03313043975152847
1224 -0.0329941154376277
1225 -0.03282328007403337
1226 -0.03263718239703268
1227 -0.0324583719000229
1228 -0.03231350452850414
1229 -0.03222705914513055
1230 -0.0322098213356876
1231 -0.03224639347815533
1232 -0.03233986290239767
1233 -0.03247673574687984
1234 -0.03262916818983736
1235 -0.03276652896972106
1236 -0.03286163843491801
1237 -0.03288812255520752
1238 -0.03283324088611013
1239 -0.03268007380809979
1240 -0.03245150642776739
1241 -0.03218128894170372
1242 -0.03190777087044514
1243 -0.03166265983936236
1244 -0.03147160374616435
1245 -0.03135053443892107
1246 -0.03131075665992216
1247 -0.03135075538286437
1248 -0.03144780616906411
1249 -0.03159121384515373
1250 -0.0317592905731638
1251 -0.03192855211775786
1252 -0.03206975424082802
1253 -0.03215874324667201
1254 -0.03217402170711887
1255 -0.03211130094184256
1256 -0.03197815780246226
1257 -0.03180413815083145
1258 -0.03161615008679056
1259 -0.03143744041308016
1260 -0.03129024242638564
1261 -0.03119338049258968
1262 -0.03115669453329505
1263 -0.03118590468027967
1264 -0.03126466575010386
1265 -0.03138406714387579
1266 -0.03152881449683413
1267 -0.03167600652983794
1268 -0.03180004297355025
1269 -0.03188173301979379
1270 -0.03190158883542494
1271 -0.03184557214954426
1272 -0.03171444497603387
1273 -0.03152698107705797
1274 -0.03131252513135294
1275 -0.03109784587347003
1276 -0.03090354814960196
1277 -0.03074705437399937
1278 -0.0306433910333673
1279 -0.03060326778037122
1280 -0.03063091840367153
1281 -0.03070660414467685
1282 -0.03082068646837118
1283 -0.0309556223488767
1284 -0.03109005121464761
1285 -0.03120313475303919
1286 -0.03127497917337179
1287 -0.03128061856529276
1288 -0.03121222097961337
1289 -0.03107457842362673
1290 -0.03089336385656177
1291 -0.03069388989543025
1292 -0.03049969454144803
1293 -0.03032702310678026
1294 -0.03019409622305552
1295 -0.03011676882796952
1296 -0.03010549030769664
1297 -0.03014884790153508
1298 -0.03024464410315409
1299 -0.03037510841928705
1300 -0.03051952442791936
1301 -0.03065818753435634
1302 -0.03076153912583805
1303 -0.03080573653147725
1304 -0.03077483274789772
1305 -0.03066713184653942
1306 -0.03049652416425173
1307 -0.03029374584664801
1308 -0.03008610501776129
1309 -0.02989578998248774
1310 -0.02974174989768241
1311 -0.02963968105293295
1312 -0.02960077679835159
1313 -0.02962644772140117
1314 -0.02969879145902446
1315 -0.02981448678915826
1316 -0.02995005186020005
1317 -0.03008934707970723
1318 -0.03020672910970171
1319 -0.0302756257248959
1320 -0.0302764864686761
1321 -0.0301988376467504
1322 -0.03004809611262955
1323 -0.02984727345783894
1324 -0.02962729042653896
1325 -0.02941120545355264
1326 -0.02921880049049664
1327 -0.02906536131041465
1328 -0.02896608007579534
1329 -0.02892969735685265
1330 -0.02894714096863914
1331 -0.02901096383338705
1332 -0.02910490088971255
1333 -0.02921215359705946
1334 -0.02931293096380932
1335 -0.02938508706722008
1336 -0.02940494373123516
1337 -0.02935700827580404
1338 -0.02922459147518247
1339 -0.02903069204185111
1340 -0.02879880026483652
1341 -0.0285585089429142
1342 -0.02833010752177394
1343 -0.02812796741511158
1344 -0.02796521036497028
1345 -0.02784993226825681
1346 -0.02778835748011975
1347 -0.02774392034519092
1348 -0.02773260099931971
1349 -0.02771802784428381
1350 -0.02768957682854487
1351 -0.02761820922358948
1352 -0.02749990644729512
1353 -0.02730752400406522
1354 -0.02706464559267492
1355 -0.02677070795949298
1356 -0.0264522542756994
1357 -0.02613406305515087
1358 -0.02583648533247627
1359 -0.02557011776967354
1360 -0.02535411692778246
1361 -0.0252128700819161
1362 -0.02514008772199229
1363 -0.02515140099079784
1364 -0.0252415630330556
1365 -0.02539518184600504
1366 -0.02556457438645295
1367 -0.02574451582104644
1368 -0.02588840262900088
1369 -0.02601211175721029
1370 -0.02608722025945025
1371 -0.0261202222489782
1372 -0.02610315743954321
1373 -0.02604459516652639
1374 -0.02593768209352737
1375 -0.02580291933872971
1376 -0.02565887924621097
1377 -0.02551985064999302
1378 -0.02539457527678958
1379 -0.02529817760466208
1380 -0.02521600243507239
1381 -0.02516528346319086
1382 -0.02514018843945355
1383 -0.02513321414356436
1384 -0.02512802889128609
1385 -0.02511873999910135
1386 -0.02509124781992846
1387 -0.02501188979271761
1388 -0.02493431456221687
1389 -0.02482338296783613
1390 -0.02467464681528975
1391 -0.02450842941823757
1392 -0.02434558857419618
1393 -0.02420711106378316
1394 -0.02408886672690241
1395 -0.02399185621840459
1396 -0.02392461538340222
1397 -0.02388273106632646
1398 -0.02386084114554616
1399 -0.023869867894866
1400 -0.02388454449339134
1401 -0.02389254876067887
1402 -0.02388264330286902
1403 -0.02384282547069833
1404 -0.02377009939639814
1405 -0.0236599279500022
1406 -0.02352246657625688
1407 -0.02335302203788553
1408 -0.02317260825792971
1409 -0.02300583021055769
1410 -0.02286873849451787
1411 -0.02276343811376988
1412 -0.02269201908711934
1413 -0.02266678448819997
1414 -0.02266984605080151
1415 -0.02269983351707195
1416 -0.02274452109331149
1417 -0.02278779088315611
1418 -0.02281553497287927
1419 -0.0228169756419804
1420 -0.02278469499902847
1421 -0.0227156552928282
1422 -0.02260936066647023
1423 -0.02247816513608679
1424 -0.02231968434860789
1425 -0.02215315112930735
1426 -0.02200788285507013
1427 -0.02188769773038422
1428 -0.02180741620710531
1429 -0.02176783139745034
1430 -0.02176971902886918
1431 -0.02179610943988004
1432 -0.02184198819611621
1433 -0.02189576826715086
1434 -0.02194118836572997
1435 -0.02196358098792239
1436 -0.02194925221702696
1437 -0.02189970438046832
1438 -0.02181072385341985
1439 -0.02168687706958467
1440 -0.02153904713295068
1441 -0.02136136100325635
1442 -0.02118577368620842
1443 -0.02103441608040728
1444 -0.02091620302317243
1445 -0.02084396633562704
1446 -0.0208213663437836
1447 -0.02083975111657228
1448 -0.02087003528122785
1449 -0.02091382325319453
1450 -0.02096441324448964
1451 -0.02100900721405541
1452 -0.02102668600097144
1453 -0.02100263170838653
1454 -0.02093791600303362
1455 -0.02083681593269482
1456 -0.02070444857575837
1457 -0.02053436441046309
1458 -0.02031977121638687
1459 -0.02009875674113956
1460 -0.01989959994701932
1461 -0.01974213543963294
1462 -0.01963323561828229
1463 -0.01957610347289096
1464 -0.01955920376858128
1465 -0.0195811210550017
1466 -0.01963810497659043
1467 -0.01971690157623652
1468 -0.01979436168044892
1469 -0.01984716942502475
1470 -0.01986260911950762
1471 -0.01983170777331806
1472 -0.01974818271075383
1473 -0.01961136420032355
1474 -0.01943071218160107
1475 -0.01920329773948116
1476 -0.01895705922164262
1477 -0.01871776406260855
1478 -0.01850389177947668
1479 -0.0183308444214202
1480 -0.01821015433510199
1481 -0.01814310740828468
1482 -0.01811578960378451
1483 -0.0181279500335503
1484 -0.01816744712499921
1485 -0.01821689658338398
1486 -0.01825958592642935
1487 -0.01827807412912962
1488 -0.01826288229262245
1489 -0.0182080360349144
1490 -0.01811074414082216
1491 -0.01797454232391449
1492 -0.0178102543589166
1493 -0.01762700478832321
1494 -0.01743849557216351
1495 -0.01727092376615435
1496 -0.01713778221632982
1497 -0.01704496979408683
1498 -0.01699523364347408
1499 -0.01698222887544542
1500 -0.01699072310772385
1501 -0.01701525113524171
1502 -0.0170489852138936
1503 -0.01707717746579566
1504 -0.01710126344526468
1505 -0.01710268745686486
1506 -0.01707865930186711
1507 -0.01702484713762191
1508 -0.01694125757475456
1509 -0.01683112415690977
1510 -0.01670112761985542
1511 -0.01656095150387027
1512 -0.01642629737243061
1513 -0.01631058512483451
1514 -0.0162255167525903
1515 -0.01617219824949303
1516 -0.01614929725520924
1517 -0.01614657596866144
1518 -0.01616001368287379
1519 -0.01618170016867407
1520 -0.01620578670069582
1521 -0.01622291332957368
1522 -0.0162236829343608
1523 -0.01620199212878929
1524 -0.01615694706464292
1525 -0.01608803434408002
1526 -0.01599498469310307
1527 -0.01588075366223101
1528 -0.01575528942450582
1529 -0.0156230683043145
1530 -0.01548713794129294
1531 -0.01534796332419989
1532 -0.01520469840300548
1533 -0.01506647157893405
1534 -0.0149152504465757
1535 -0.01475384164103008
1536 -0.01458355368821042
1537 -0.01440478506266211
1538 -0.01421700595596717
1539 -0.01402112342819345
1540 -0.01382193607827023
1541 -0.01362285718943468
